/home/ck/Desktop/Workspace/STM32CubeIDE Workspace/STM32N6570-ThreadX-USB-CDC-AI-Face-Detection/Middlewares/ST/stedgeai-lib/Npu/ll_aton/ll_aton_caches_interface.h:54:22:LL_ATON_Cache_MCU_Clean_Range	16	static
/home/ck/Desktop/Workspace/STM32CubeIDE Workspace/STM32N6570-ThreadX-USB-CDC-AI-Face-Detection/Middlewares/ST/stedgeai-lib/Npu/ll_aton/ll_aton_caches_interface.h:94:22:LL_ATON_Cache_MCU_Clean_Invalidate_Range	16	static
/home/ck/Desktop/Workspace/STM32CubeIDE Workspace/STM32N6570-ThreadX-USB-CDC-AI-Face-Detection/Middlewares/ST/stedgeai-lib/Npu/ll_aton/ll_aton_NN_interface.h:437:22:EpochBlock_IsLastEpochBlock	16	static
/home/ck/Desktop/Workspace/STM32CubeIDE Workspace/STM32N6570-ThreadX-USB-CDC-AI-Face-Detection/Middlewares/ST/stedgeai-lib/Npu/ll_aton/ll_aton_NN_interface.h:472:22:EpochBlock_IsEpochHybrid	16	static
/home/ck/Desktop/Workspace/STM32CubeIDE Workspace/STM32N6570-ThreadX-USB-CDC-AI-Face-Detection/Middlewares/ST/stedgeai-lib/Npu/ll_aton/ll_aton_NN_interface.h:477:22:EpochBlock_IsEpochInternal	16	static
/home/ck/Desktop/Workspace/STM32CubeIDE Workspace/STM32N6570-ThreadX-USB-CDC-AI-Face-Detection/Middlewares/ST/stedgeai-lib/Npu/ll_aton/ll_aton_NN_interface.h:494:32:LL_Buffer_addr_base	24	static
/home/ck/Desktop/Workspace/STM32CubeIDE Workspace/STM32N6570-ThreadX-USB-CDC-AI-Face-Detection/Middlewares/ST/stedgeai-lib/Npu/ll_aton/ll_aton_NN_interface.h:504:32:LL_Buffer_addr_start	16	static
/home/ck/Desktop/Workspace/STM32CubeIDE Workspace/STM32N6570-ThreadX-USB-CDC-AI-Face-Detection/Middlewares/ST/stedgeai-lib/Npu/ll_aton/ll_aton_NN_interface.h:509:32:LL_Buffer_addr_end	16	static
/home/ck/Desktop/Workspace/STM32CubeIDE Workspace/STM32N6570-ThreadX-USB-CDC-AI-Face-Detection/Middlewares/ST/stedgeai-lib/Npu/ll_aton/ll_aton_NN_interface.h:519:26:LL_Buffer_len	16	static
/home/ck/Desktop/Workspace/STM32CubeIDE Workspace/STM32N6570-ThreadX-USB-CDC-AI-Face-Detection/Middlewares/ST/stedgeai-lib/Npu/ll_aton/ll_aton_lib_sw_operators.h:45:22:__ll_aton_lib_copy_element	24	static
/home/ck/Desktop/Workspace/STM32CubeIDE Workspace/STM32N6570-ThreadX-USB-CDC-AI-Face-Detection/Middlewares/ST/stedgeai-lib/Npu/ll_aton/ll_aton_lib_sw_operators.h:93:26:__ll_zero_neg	24	static
/home/ck/Desktop/Workspace/STM32CubeIDE Workspace/STM32N6570-ThreadX-USB-CDC-AI-Face-Detection/Middlewares/ST/stedgeai-lib/Npu/ll_aton/ll_aton_runtime.h:37:22:__ll_set_aton_owner	16	static
/home/ck/Desktop/Workspace/STM32CubeIDE Workspace/STM32N6570-ThreadX-USB-CDC-AI-Face-Detection/Middlewares/ST/stedgeai-lib/Npu/ll_aton/ll_aton_runtime.h:54:22:__ll_clear_aton_owner	16	static
/home/ck/Desktop/Workspace/STM32CubeIDE Workspace/STM32N6570-ThreadX-USB-CDC-AI-Face-Detection/Middlewares/ST/stedgeai-lib/Npu/ll_aton/ll_aton_runtime.h:95:26:__LL_ATON_RT_GetCurrEpochBlockIndex	24	static
/home/ck/Desktop/Workspace/STM32CubeIDE Workspace/STM32N6570-ThreadX-USB-CDC-AI-Face-Detection/Middlewares/ST/stedgeai-lib/Npu/ll_aton/ll_aton_runtime.h:104:22:__LL_ATON_RT_SetCurrentEpochBlock	16	static
/home/ck/Desktop/Workspace/STM32CubeIDE Workspace/STM32N6570-ThreadX-USB-CDC-AI-Face-Detection/Middlewares/ST/stedgeai-lib/Npu/ll_aton/ll_aton_runtime.h:117:22:__LL_ATON_RT_SetWaitMask	16	static
/home/ck/Desktop/Workspace/STM32CubeIDE Workspace/STM32N6570-ThreadX-USB-CDC-AI-Face-Detection/Middlewares/ST/stedgeai-lib/Npu/ll_aton/ll_aton_runtime.h:143:22:__LL_ATON_RT_RetFromLibEpochBlockArray	16	static
/home/ck/Desktop/Workspace/STM32CubeIDE Workspace/STM32N6570-ThreadX-USB-CDC-AI-Face-Detection/Middlewares/ST/stedgeai-lib/Npu/ll_aton/ll_aton_runtime.h:186:22:LL_ATON_RT_Insert_LibEpochBlockArray	16	static
/home/ck/Desktop/Workspace/STM32CubeIDE Workspace/STM32N6570-ThreadX-USB-CDC-AI-Face-Detection/Middlewares/ST/stedgeai-lib/Npu/ll_aton/ll_aton_runtime.h:212:22:LL_ATON_RT_DecCurrEpochBlock	24	static
/home/ck/Desktop/Workspace/STM32CubeIDE Workspace/STM32N6570-ThreadX-USB-CDC-AI-Face-Detection/Middlewares/ST/stedgeai-lib/Npu/ll_aton/ll_aton_lib.c:42:12:__floating_to_Q	48	static
/home/ck/Desktop/Workspace/STM32CubeIDE Workspace/STM32N6570-ThreadX-USB-CDC-AI-Face-Detection/Middlewares/ST/stedgeai-lib/Npu/ll_aton/ll_aton_lib.c:56:14:__Q_to_floating	32	static
/home/ck/Desktop/Workspace/STM32CubeIDE Workspace/STM32N6570-ThreadX-USB-CDC-AI-Face-Detection/Middlewares/ST/stedgeai-lib/Npu/ll_aton/ll_aton_lib.c:67:12:__floating_to_scale_offset	40	static
/home/ck/Desktop/Workspace/STM32CubeIDE Workspace/STM32N6570-ThreadX-USB-CDC-AI-Face-Detection/Middlewares/ST/stedgeai-lib/Npu/ll_aton/ll_aton_lib.c:73:14:__scale_offset_to_floating	40	static
/home/ck/Desktop/Workspace/STM32CubeIDE Workspace/STM32N6570-ThreadX-USB-CDC-AI-Face-Detection/Middlewares/ST/stedgeai-lib/Npu/ll_aton/ll_aton_lib.c:80:12:__Q_to_scale_offset	40	static
/home/ck/Desktop/Workspace/STM32CubeIDE Workspace/STM32N6570-ThreadX-USB-CDC-AI-Face-Detection/Middlewares/ST/stedgeai-lib/Npu/ll_aton/ll_aton_lib.c:86:12:__scale_offset_to_Q	40	static
/home/ck/Desktop/Workspace/STM32CubeIDE Workspace/STM32N6570-ThreadX-USB-CDC-AI-Face-Detection/Middlewares/ST/stedgeai-lib/Npu/ll_aton/ll_aton_lib.c:92:13:__dtype_convert_to_QMN	24	static
/home/ck/Desktop/Workspace/STM32CubeIDE Workspace/STM32N6570-ThreadX-USB-CDC-AI-Face-Detection/Middlewares/ST/stedgeai-lib/Npu/ll_aton/ll_aton_lib.c:141:6:__ll_lib_error	32	static
/home/ck/Desktop/Workspace/STM32CubeIDE Workspace/STM32N6570-ThreadX-USB-CDC-AI-Face-Detection/Middlewares/ST/stedgeai-lib/Npu/ll_aton/ll_aton_lib.c:205:34:__ll_lib_get_params	8	static
/home/ck/Desktop/Workspace/STM32CubeIDE Workspace/STM32N6570-ThreadX-USB-CDC-AI-Face-Detection/Middlewares/ST/stedgeai-lib/Npu/ll_aton/ll_aton_lib.c:215:21:__ll_lib_get_lower_heap	16	static
/home/ck/Desktop/Workspace/STM32CubeIDE Workspace/STM32N6570-ThreadX-USB-CDC-AI-Face-Detection/Middlewares/ST/stedgeai-lib/Npu/ll_aton/ll_aton_lib.c:222:20:__ll_lib_dump_strswitch	16	static
/home/ck/Desktop/Workspace/STM32CubeIDE Workspace/STM32N6570-ThreadX-USB-CDC-AI-Face-Detection/Middlewares/ST/stedgeai-lib/Npu/ll_aton/ll_aton_lib.c:248:13:__ll_lib_strswitch_set_dmas	48	static
/home/ck/Desktop/Workspace/STM32CubeIDE Workspace/STM32N6570-ThreadX-USB-CDC-AI-Face-Detection/Middlewares/ST/stedgeai-lib/Npu/ll_aton/ll_aton_lib.c:272:20:__ll_lib_start_transfer	16	static
/home/ck/Desktop/Workspace/STM32CubeIDE Workspace/STM32N6570-ThreadX-USB-CDC-AI-Face-Detection/Middlewares/ST/stedgeai-lib/Npu/ll_aton/ll_aton_lib.c:280:20:__ll_lib_stop_transfer	8	static
/home/ck/Desktop/Workspace/STM32CubeIDE Workspace/STM32N6570-ThreadX-USB-CDC-AI-Face-Detection/Middlewares/ST/stedgeai-lib/Npu/ll_aton/ll_aton_lib.c:287:24:__ll_lib_set_wait_mask	24	static
/home/ck/Desktop/Workspace/STM32CubeIDE Workspace/STM32N6570-ThreadX-USB-CDC-AI-Face-Detection/Middlewares/ST/stedgeai-lib/Npu/ll_aton/ll_aton_lib.c:298:20:__ll_lib_prepare_inputs_epoch	32	static
/home/ck/Desktop/Workspace/STM32CubeIDE Workspace/STM32N6570-ThreadX-USB-CDC-AI-Face-Detection/Middlewares/ST/stedgeai-lib/Npu/ll_aton/ll_aton_lib.c:333:20:__ll_lib_prepare_outputs_epoch	32	static
/home/ck/Desktop/Workspace/STM32CubeIDE Workspace/STM32N6570-ThreadX-USB-CDC-AI-Face-Detection/Middlewares/ST/stedgeai-lib/Npu/ll_aton/ll_aton_lib.c:370:22:__ll_lib_memcpy_prolog	48	static
/home/ck/Desktop/Workspace/STM32CubeIDE Workspace/STM32N6570-ThreadX-USB-CDC-AI-Face-Detection/Middlewares/ST/stedgeai-lib/Npu/ll_aton/ll_aton_lib.c:399:13:__ll_lib_inputs_memcpy_start	32	static
/home/ck/Desktop/Workspace/STM32CubeIDE Workspace/STM32N6570-ThreadX-USB-CDC-AI-Face-Detection/Middlewares/ST/stedgeai-lib/Npu/ll_aton/ll_aton_lib.c:440:13:__ll_lib_outputs_memcpy_start	32	static
/home/ck/Desktop/Workspace/STM32CubeIDE Workspace/STM32N6570-ThreadX-USB-CDC-AI-Face-Detection/Middlewares/ST/stedgeai-lib/Npu/ll_aton/ll_aton_lib.c:486:24:__ll_lib_match_preload_with_busport	56	static
/home/ck/Desktop/Workspace/STM32CubeIDE Workspace/STM32N6570-ThreadX-USB-CDC-AI-Face-Detection/Middlewares/ST/stedgeai-lib/Npu/ll_aton/ll_aton_lib.c:521:20:__ll_lib_load_const_val	64	static
/home/ck/Desktop/Workspace/STM32CubeIDE Workspace/STM32N6570-ThreadX-USB-CDC-AI-Face-Detection/Middlewares/ST/stedgeai-lib/Npu/ll_aton/ll_aton_lib.c:587:22:__ll_lib_memset_prolog	32	static
/home/ck/Desktop/Workspace/STM32CubeIDE Workspace/STM32N6570-ThreadX-USB-CDC-AI-Face-Detection/Middlewares/ST/stedgeai-lib/Npu/ll_aton/ll_aton_lib.c:614:13:__ll_lib_memset	200	static
/home/ck/Desktop/Workspace/STM32CubeIDE Workspace/STM32N6570-ThreadX-USB-CDC-AI-Face-Detection/Middlewares/ST/stedgeai-lib/Npu/ll_aton/ll_aton_lib.c:681:20:__ll_lib_pad_save_params	64	static
/home/ck/Desktop/Workspace/STM32CubeIDE Workspace/STM32N6570-ThreadX-USB-CDC-AI-Face-Detection/Middlewares/ST/stedgeai-lib/Npu/ll_aton/ll_aton_lib.c:732:5:__LL_LIB_TENSOR_ELEMENTS	24	static
/home/ck/Desktop/Workspace/STM32CubeIDE Workspace/STM32N6570-ThreadX-USB-CDC-AI-Face-Detection/Middlewares/ST/stedgeai-lib/Npu/ll_aton/ll_aton_lib.c:740:13:__LL_LIB_Concat_Case3_Start_EpochBlock	24	static
/home/ck/Desktop/Workspace/STM32CubeIDE Workspace/STM32N6570-ThreadX-USB-CDC-AI-Face-Detection/Middlewares/ST/stedgeai-lib/Npu/ll_aton/ll_aton_lib.c:752:13:__LL_LIB_Concat_Case3_End_EpochBlock	32	static
/home/ck/Desktop/Workspace/STM32CubeIDE Workspace/STM32N6570-ThreadX-USB-CDC-AI-Face-Detection/Middlewares/ST/stedgeai-lib/Npu/ll_aton/ll_aton_lib.c:805:13:__LL_LIB_Inputs_Memcpy_Start_EpochBlock	24	static
/home/ck/Desktop/Workspace/STM32CubeIDE Workspace/STM32N6570-ThreadX-USB-CDC-AI-Face-Detection/Middlewares/ST/stedgeai-lib/Npu/ll_aton/ll_aton_lib.c:817:13:__LL_LIB_Inputs_Memcpy_End_EpochBlock	24	static
/home/ck/Desktop/Workspace/STM32CubeIDE Workspace/STM32N6570-ThreadX-USB-CDC-AI-Face-Detection/Middlewares/ST/stedgeai-lib/Npu/ll_aton/ll_aton_lib.c:851:13:__LL_LIB_Inputs_Batched_Memcpy_Start_EpochBlock	24	static
/home/ck/Desktop/Workspace/STM32CubeIDE Workspace/STM32N6570-ThreadX-USB-CDC-AI-Face-Detection/Middlewares/ST/stedgeai-lib/Npu/ll_aton/ll_aton_lib.c:865:13:__LL_LIB_Inputs_Batched_Memcpy_End_EpochBlock	56	static
/home/ck/Desktop/Workspace/STM32CubeIDE Workspace/STM32N6570-ThreadX-USB-CDC-AI-Face-Detection/Middlewares/ST/stedgeai-lib/Npu/ll_aton/ll_aton_lib.c:914:13:__LL_LIB_Outputs_Channel_Split_Aton_Start_EpochBlock	24	static
/home/ck/Desktop/Workspace/STM32CubeIDE Workspace/STM32N6570-ThreadX-USB-CDC-AI-Face-Detection/Middlewares/ST/stedgeai-lib/Npu/ll_aton/ll_aton_lib.c:928:13:__LL_LIB_Outputs_Channel_Split_Aton_End_EpochBlock	64	static
/home/ck/Desktop/Workspace/STM32CubeIDE Workspace/STM32N6570-ThreadX-USB-CDC-AI-Face-Detection/Middlewares/ST/stedgeai-lib/Npu/ll_aton/ll_aton_lib.c:1008:13:__LL_LIB_Outputs_Channel_Split_Batched_Start_EpochBlock	24	static
/home/ck/Desktop/Workspace/STM32CubeIDE Workspace/STM32N6570-ThreadX-USB-CDC-AI-Face-Detection/Middlewares/ST/stedgeai-lib/Npu/ll_aton/ll_aton_lib.c:1022:13:__LL_LIB_Outputs_Channel_Split_Batched_End_EpochBlock	64	static
/home/ck/Desktop/Workspace/STM32CubeIDE Workspace/STM32N6570-ThreadX-USB-CDC-AI-Face-Detection/Middlewares/ST/stedgeai-lib/Npu/ll_aton/ll_aton_lib.c:1107:13:__LL_LIB_Outputs_Memcpy_Start_EpochBlock	24	static
/home/ck/Desktop/Workspace/STM32CubeIDE Workspace/STM32N6570-ThreadX-USB-CDC-AI-Face-Detection/Middlewares/ST/stedgeai-lib/Npu/ll_aton/ll_aton_lib.c:1119:13:__LL_LIB_Outputs_Memcpy_End_EpochBlock	24	static
/home/ck/Desktop/Workspace/STM32CubeIDE Workspace/STM32N6570-ThreadX-USB-CDC-AI-Face-Detection/Middlewares/ST/stedgeai-lib/Npu/ll_aton/ll_aton_lib.c:1155:13:__LL_LIB_DMA_Pad_Memset_End_EpochBlock	24	static
/home/ck/Desktop/Workspace/STM32CubeIDE Workspace/STM32N6570-ThreadX-USB-CDC-AI-Face-Detection/Middlewares/ST/stedgeai-lib/Npu/ll_aton/ll_aton_lib.c:1185:13:__LL_LIB_DMA_Pad_Filling_Start_EpochBlock	40	static
/home/ck/Desktop/Workspace/STM32CubeIDE Workspace/STM32N6570-ThreadX-USB-CDC-AI-Face-Detection/Middlewares/ST/stedgeai-lib/Npu/ll_aton/ll_aton_lib.c:1236:13:__LL_LIB_DMA_Pad_Filling_End_EpochBlock	32	static
/home/ck/Desktop/Workspace/STM32CubeIDE Workspace/STM32N6570-ThreadX-USB-CDC-AI-Face-Detection/Middlewares/ST/stedgeai-lib/Npu/ll_aton/ll_aton_lib.c:1440:13:__LL_LIB_DMA_Transfer_Start_EpochBlock	24	static
/home/ck/Desktop/Workspace/STM32CubeIDE Workspace/STM32N6570-ThreadX-USB-CDC-AI-Face-Detection/Middlewares/ST/stedgeai-lib/Npu/ll_aton/ll_aton_lib.c:1450:13:__LL_LIB_DMA_Transfer_End_EpochBlock	16	static
/home/ck/Desktop/Workspace/STM32CubeIDE Workspace/STM32N6570-ThreadX-USB-CDC-AI-Face-Detection/Middlewares/ST/stedgeai-lib/Npu/ll_aton/ll_aton_lib.c:1603:12:__LL_ATON_LIB_Async_Memcpy	40	static
/home/ck/Desktop/Workspace/STM32CubeIDE Workspace/STM32N6570-ThreadX-USB-CDC-AI-Face-Detection/Middlewares/ST/stedgeai-lib/Npu/ll_aton/ll_aton_lib.c:1663:13:__LL_ATON_LIB_DMA_Inputs_Memcpy	32	static
/home/ck/Desktop/Workspace/STM32CubeIDE Workspace/STM32N6570-ThreadX-USB-CDC-AI-Face-Detection/Middlewares/ST/stedgeai-lib/Npu/ll_aton/ll_aton_lib.c:1695:13:__LL_ATON_LIB_DMA_Inputs_Batched_Memcpy	224	static
/home/ck/Desktop/Workspace/STM32CubeIDE Workspace/STM32N6570-ThreadX-USB-CDC-AI-Face-Detection/Middlewares/ST/stedgeai-lib/Npu/ll_aton/ll_aton_lib.c:1780:13:__LL_ATON_LIB_DMA_Outputs_Memcpy_Helper	32	static
/home/ck/Desktop/Workspace/STM32CubeIDE Workspace/STM32N6570-ThreadX-USB-CDC-AI-Face-Detection/Middlewares/ST/stedgeai-lib/Npu/ll_aton/ll_aton_lib.c:1816:13:__LL_ATON_LIB_DMA_Outputs_Channel_Split_Aton_Helper	216	static
/home/ck/Desktop/Workspace/STM32CubeIDE Workspace/STM32N6570-ThreadX-USB-CDC-AI-Face-Detection/Middlewares/ST/stedgeai-lib/Npu/ll_aton/ll_aton_lib.c:1945:12:__LL_ATON_LIB_Softmax_INT8_legacy	152	static
/home/ck/Desktop/Workspace/STM32CubeIDE Workspace/STM32N6570-ThreadX-USB-CDC-AI-Face-Detection/Middlewares/ST/stedgeai-lib/Npu/ll_aton/ll_aton_lib.c:2062:13:__LL_ATON_LIB_DMA_Outputs_Channel_Split_Batched_Helper	216	static
/home/ck/Desktop/Workspace/STM32CubeIDE Workspace/STM32N6570-ThreadX-USB-CDC-AI-Face-Detection/Middlewares/ST/stedgeai-lib/Npu/ll_aton/ll_aton_lib.c:2196:12:__LL_ATON_LIB_Softmax_INT8	112	static
/home/ck/Desktop/Workspace/STM32CubeIDE Workspace/STM32N6570-ThreadX-USB-CDC-AI-Face-Detection/Middlewares/ST/stedgeai-lib/Npu/ll_aton/ll_aton_lib.c:2281:12:__LL_ATON_LIB_Softmax_float	88	static
/home/ck/Desktop/Workspace/STM32CubeIDE Workspace/STM32N6570-ThreadX-USB-CDC-AI-Face-Detection/Middlewares/ST/stedgeai-lib/Npu/ll_aton/ll_aton_lib.c:2353:12:__LL_ATON_LIB_Softmax_float_legacy	120	static
/home/ck/Desktop/Workspace/STM32CubeIDE Workspace/STM32N6570-ThreadX-USB-CDC-AI-Face-Detection/Middlewares/ST/stedgeai-lib/Npu/ll_aton/ll_aton_lib.c:2450:5:__LL_ATON_LIB_DMA_Outputs_Flat_Copy	48	static
/home/ck/Desktop/Workspace/STM32CubeIDE Workspace/STM32N6570-ThreadX-USB-CDC-AI-Face-Detection/Middlewares/ST/stedgeai-lib/Npu/ll_aton/ll_aton_lib.c:2498:5:__LL_ATON_LIB_DMA_Outputs_Channel_Split_Aton	56	static
/home/ck/Desktop/Workspace/STM32CubeIDE Workspace/STM32N6570-ThreadX-USB-CDC-AI-Face-Detection/Middlewares/ST/stedgeai-lib/Npu/ll_aton/ll_aton_lib.c:2547:5:__LL_ATON_LIB_DMA_Outputs_Channel_Split_Batched	48	static
/home/ck/Desktop/Workspace/STM32CubeIDE Workspace/STM32N6570-ThreadX-USB-CDC-AI-Face-Detection/Middlewares/ST/stedgeai-lib/Npu/ll_aton/ll_aton_lib.c:2593:12:__LL_ATON_LIB_DMA_Pad_Memset	40	static
/home/ck/Desktop/Workspace/STM32CubeIDE Workspace/STM32N6570-ThreadX-USB-CDC-AI-Face-Detection/Middlewares/ST/stedgeai-lib/Npu/ll_aton/ll_aton_lib.c:2642:12:__LL_ATON_LIB_DMA_Pad_Filling	24	static
/home/ck/Desktop/Workspace/STM32CubeIDE Workspace/STM32N6570-ThreadX-USB-CDC-AI-Face-Detection/Middlewares/ST/stedgeai-lib/Npu/ll_aton/ll_aton_lib.c:2715:12:__LL_ATON_LIB_DMA_Pad_4Loop_Filling	88	static
/home/ck/Desktop/Workspace/STM32CubeIDE Workspace/STM32N6570-ThreadX-USB-CDC-AI-Face-Detection/Middlewares/ST/stedgeai-lib/Npu/ll_aton/ll_aton_lib.c:2964:5:LL_ATON_LIB_DMA_ImageToRow	232	static
/home/ck/Desktop/Workspace/STM32CubeIDE Workspace/STM32N6570-ThreadX-USB-CDC-AI-Face-Detection/Middlewares/ST/stedgeai-lib/Npu/ll_aton/ll_aton_lib.c:3105:5:LL_ATON_LIB_DMA_SpaceToDepth	48	static
/home/ck/Desktop/Workspace/STM32CubeIDE Workspace/STM32N6570-ThreadX-USB-CDC-AI-Face-Detection/Middlewares/ST/stedgeai-lib/Npu/ll_aton/ll_aton_lib.c:3132:5:LL_ATON_LIB_DMA_RowToImage	224	static
/home/ck/Desktop/Workspace/STM32CubeIDE Workspace/STM32N6570-ThreadX-USB-CDC-AI-Face-Detection/Middlewares/ST/stedgeai-lib/Npu/ll_aton/ll_aton_lib.c:3248:5:LL_ATON_LIB_DMA_DepthToSpace	48	static
/home/ck/Desktop/Workspace/STM32CubeIDE Workspace/STM32N6570-ThreadX-USB-CDC-AI-Face-Detection/Middlewares/ST/stedgeai-lib/Npu/ll_aton/ll_aton_lib.c:3257:5:LL_ATON_LIB_DMA_Transpose	184	static
/home/ck/Desktop/Workspace/STM32CubeIDE Workspace/STM32N6570-ThreadX-USB-CDC-AI-Face-Detection/Middlewares/ST/stedgeai-lib/Npu/ll_aton/ll_aton_lib.c:3399:5:LL_ATON_LIB_Concat	184	static
/home/ck/Desktop/Workspace/STM32CubeIDE Workspace/STM32N6570-ThreadX-USB-CDC-AI-Face-Detection/Middlewares/ST/stedgeai-lib/Npu/ll_aton/ll_aton_lib.c:3695:5:LL_ATON_LIB_Cast	304	static
/home/ck/Desktop/Workspace/STM32CubeIDE Workspace/STM32N6570-ThreadX-USB-CDC-AI-Face-Detection/Middlewares/ST/stedgeai-lib/Npu/ll_aton/ll_aton_lib.c:3923:5:LL_ATON_LIB_Softmax	48	static
/home/ck/Desktop/Workspace/STM32CubeIDE Workspace/STM32N6570-ThreadX-USB-CDC-AI-Face-Detection/Middlewares/ST/stedgeai-lib/Npu/ll_aton/ll_aton_lib.c:3989:5:LL_ATON_LIB_DMA_Outputs_Slice_SplitLike	192	static
/home/ck/Desktop/Workspace/STM32CubeIDE Workspace/STM32N6570-ThreadX-USB-CDC-AI-Face-Detection/Middlewares/ST/stedgeai-lib/Npu/ll_aton/ll_aton_lib.c:4080:14:__ll_aton_lib_memset16	48	static
/home/ck/Desktop/Workspace/STM32CubeIDE Workspace/STM32N6570-ThreadX-USB-CDC-AI-Face-Detection/Middlewares/ST/stedgeai-lib/Npu/ll_aton/ll_aton_lib.c:4116:14:__ll_aton_lib_memset24	40	static
/home/ck/Desktop/Workspace/STM32CubeIDE Workspace/STM32N6570-ThreadX-USB-CDC-AI-Face-Detection/Middlewares/ST/stedgeai-lib/Npu/ll_aton/ll_aton_lib.c:4132:14:__ll_aton_lib_memset32	40	static
/home/ck/Desktop/Workspace/STM32CubeIDE Workspace/STM32N6570-ThreadX-USB-CDC-AI-Face-Detection/Middlewares/ST/stedgeai-lib/Npu/ll_aton/ll_aton_lib.c:4148:21:__ll_aton_lib_memset	24	static
/home/ck/Desktop/Workspace/STM32CubeIDE Workspace/STM32N6570-ThreadX-USB-CDC-AI-Face-Detection/Middlewares/ST/stedgeai-lib/Npu/ll_aton/ll_aton_lib.c:4173:20:__ll_aton_lib_reflect_inner_framing_sw	56	static
/home/ck/Desktop/Workspace/STM32CubeIDE Workspace/STM32N6570-ThreadX-USB-CDC-AI-Face-Detection/Middlewares/ST/stedgeai-lib/Npu/ll_aton/ll_aton_lib.c:4289:20:__ll_aton_lib_edge_framing_sw	24	static
/home/ck/Desktop/Workspace/STM32CubeIDE Workspace/STM32N6570-ThreadX-USB-CDC-AI-Face-Detection/Middlewares/ST/stedgeai-lib/Npu/ll_aton/ll_aton_lib.c:4301:13:__ll_aton_lib_pad_filling_sw	24	static
/home/ck/Desktop/Workspace/STM32CubeIDE Workspace/STM32N6570-ThreadX-USB-CDC-AI-Face-Detection/Middlewares/ST/stedgeai-lib/Npu/ll_aton/ll_aton_lib.c:4368:13:__ll_aton_lib_pad_reflect_sw	144	static
/home/ck/Desktop/Workspace/STM32CubeIDE Workspace/STM32N6570-ThreadX-USB-CDC-AI-Face-Detection/Middlewares/ST/stedgeai-lib/Npu/ll_aton/ll_aton_lib.c:4571:13:__ll_aton_lib_pad_edge_sw	96	static
/home/ck/Desktop/Workspace/STM32CubeIDE Workspace/STM32N6570-ThreadX-USB-CDC-AI-Face-Detection/Middlewares/ST/stedgeai-lib/Npu/ll_aton/ll_aton_lib.c:4693:12:__ll_aton_lib_pad_filling	216	static
/home/ck/Desktop/Workspace/STM32CubeIDE Workspace/STM32N6570-ThreadX-USB-CDC-AI-Face-Detection/Middlewares/ST/stedgeai-lib/Npu/ll_aton/ll_aton_lib.c:4837:12:__ll_aton_lib_pad_framing_sw	216	static
/home/ck/Desktop/Workspace/STM32CubeIDE Workspace/STM32N6570-ThreadX-USB-CDC-AI-Face-Detection/Middlewares/ST/stedgeai-lib/Npu/ll_aton/ll_aton_lib.c:4957:12:__ll_aton_lib_pad_4loop_filling	24	static
/home/ck/Desktop/Workspace/STM32CubeIDE Workspace/STM32N6570-ThreadX-USB-CDC-AI-Face-Detection/Middlewares/ST/stedgeai-lib/Npu/ll_aton/ll_aton_lib.c:4985:5:LL_ATON_LIB_Pad_4Loop	240	static
/home/ck/Desktop/Workspace/STM32CubeIDE Workspace/STM32N6570-ThreadX-USB-CDC-AI-Face-Detection/Middlewares/ST/stedgeai-lib/Npu/ll_aton/ll_aton_lib.c:5026:5:LL_ATON_LIB_Pad_Standard	232	static
