/home/ck/Desktop/Workspace/STM32CubeIDE Workspace/STM32N6570-ThreadX-USB-CDC-AI-Face-Detection/FSBL/../Drivers/CMSIS/Include/core_cm55.h:3918:22:__NVIC_EnableIRQ	16	static,ignoring_inline_asm
/home/ck/Desktop/Workspace/STM32CubeIDE Workspace/STM32N6570-ThreadX-USB-CDC-AI-Face-Detection/FSBL/../Drivers/CMSIS/Include/core_cm55.h:3956:22:__NVIC_DisableIRQ	16	static,ignoring_inline_asm
/home/ck/Desktop/Workspace/STM32CubeIDE Workspace/STM32N6570-ThreadX-USB-CDC-AI-Face-Detection/Middlewares/ST/stedgeai-lib/Npu/ll_aton/ll_aton_NN_interface.h:437:22:EpochBlock_IsLastEpochBlock	16	static
/home/ck/Desktop/Workspace/STM32CubeIDE Workspace/STM32N6570-ThreadX-USB-CDC-AI-Face-Detection/Middlewares/ST/stedgeai-lib/Npu/ll_aton/ll_aton_NN_interface.h:442:22:EpochBlock_IsEpochStart	16	static
/home/ck/Desktop/Workspace/STM32CubeIDE Workspace/STM32N6570-ThreadX-USB-CDC-AI-Face-Detection/Middlewares/ST/stedgeai-lib/Npu/ll_aton/ll_aton_NN_interface.h:452:22:EpochBlock_IsEpochBlob	16	static
/home/ck/Desktop/Workspace/STM32CubeIDE Workspace/STM32N6570-ThreadX-USB-CDC-AI-Face-Detection/Middlewares/ST/stedgeai-lib/Npu/ll_aton/ll_aton_NN_interface.h:457:22:EpochBlock_IsBlobEncrypted	16	static
/home/ck/Desktop/Workspace/STM32CubeIDE Workspace/STM32N6570-ThreadX-USB-CDC-AI-Face-Detection/Middlewares/ST/stedgeai-lib/Npu/ll_aton/ll_aton_NN_interface.h:462:22:EpochBlock_IsEpochPureSW	16	static
/home/ck/Desktop/Workspace/STM32CubeIDE Workspace/STM32N6570-ThreadX-USB-CDC-AI-Face-Detection/Middlewares/ST/stedgeai-lib/Npu/ll_aton/ll_aton_NN_interface.h:467:22:EpochBlock_IsEpochPureHW	16	static
/home/ck/Desktop/Workspace/STM32CubeIDE Workspace/STM32N6570-ThreadX-USB-CDC-AI-Face-Detection/Middlewares/ST/stedgeai-lib/Npu/ll_aton/ll_aton_NN_interface.h:472:22:EpochBlock_IsEpochHybrid	16	static
/home/ck/Desktop/Workspace/STM32CubeIDE Workspace/STM32N6570-ThreadX-USB-CDC-AI-Face-Detection/Middlewares/ST/stedgeai-lib/Npu/ll_aton/ll_aton_NN_interface.h:477:22:EpochBlock_IsEpochInternal	16	static
/home/ck/Desktop/Workspace/STM32CubeIDE Workspace/STM32N6570-ThreadX-USB-CDC-AI-Face-Detection/Middlewares/ST/stedgeai-lib/Npu/ll_aton/ll_aton_NN_interface.h:482:26:EpochBlock_EpochControllerUnit	16	static
/home/ck/Desktop/Workspace/STM32CubeIDE Workspace/STM32N6570-ThreadX-USB-CDC-AI-Face-Detection/Middlewares/ST/stedgeai-lib/Npu/ll_aton/ll_aton_NN_interface.h:488:27:EpochBlock_EpochBlobAddr	16	static
/home/ck/Desktop/Workspace/STM32CubeIDE Workspace/STM32N6570-ThreadX-USB-CDC-AI-Face-Detection/Middlewares/ST/stedgeai-lib/Npu/ll_aton/ll_aton_runtime.h:37:22:__ll_set_aton_owner	16	static
/home/ck/Desktop/Workspace/STM32CubeIDE Workspace/STM32N6570-ThreadX-USB-CDC-AI-Face-Detection/Middlewares/ST/stedgeai-lib/Npu/ll_aton/ll_aton_runtime.h:54:22:__ll_clear_aton_owner	16	static
/home/ck/Desktop/Workspace/STM32CubeIDE Workspace/STM32N6570-ThreadX-USB-CDC-AI-Face-Detection/Middlewares/ST/stedgeai-lib/Npu/ll_aton/ll_aton_runtime.h:85:22:__LL_ATON_RT_Start_AtoNN_Epoch	16	static
/home/ck/Desktop/Workspace/STM32CubeIDE Workspace/STM32N6570-ThreadX-USB-CDC-AI-Face-Detection/Middlewares/ST/stedgeai-lib/Npu/ll_aton/ll_aton_runtime.h:117:22:__LL_ATON_RT_SetWaitMask	16	static
/home/ck/Desktop/Workspace/STM32CubeIDE Workspace/STM32N6570-ThreadX-USB-CDC-AI-Face-Detection/Middlewares/ST/stedgeai-lib/Npu/ll_aton/ll_aton_runtime.h:143:22:__LL_ATON_RT_RetFromLibEpochBlockArray	16	static
/home/ck/Desktop/Workspace/STM32CubeIDE Workspace/STM32N6570-ThreadX-USB-CDC-AI-Face-Detection/Middlewares/ST/stedgeai-lib/Npu/ll_aton/ll_aton_runtime.c:58:19:dump_dma_state	4	static
/home/ck/Desktop/Workspace/STM32CubeIDE Workspace/STM32N6570-ThreadX-USB-CDC-AI-Face-Detection/Middlewares/ST/stedgeai-lib/Npu/ll_aton/ll_aton_runtime.c:85:17:__LL_ATON_RT_CntEpochBlocks	24	static
/home/ck/Desktop/Workspace/STM32CubeIDE Workspace/STM32N6570-ThreadX-USB-CDC-AI-Face-Detection/Middlewares/ST/stedgeai-lib/Npu/ll_aton/ll_aton_runtime.c:101:20:__LL_ATON_RT_ExecStartEpochBlock	40	static
/home/ck/Desktop/Workspace/STM32CubeIDE Workspace/STM32N6570-ThreadX-USB-CDC-AI-Face-Detection/Middlewares/ST/stedgeai-lib/Npu/ll_aton/ll_aton_runtime.c:208:20:__LL_ATON_RT_ExecEndEpochBlock	24	static
/home/ck/Desktop/Workspace/STM32CubeIDE Workspace/STM32N6570-ThreadX-USB-CDC-AI-Face-Detection/Middlewares/ST/stedgeai-lib/Npu/ll_aton/ll_aton_runtime.c:266:13:__LL_ATON_RT_DetermineNextEpochBlock	16	static
/home/ck/Desktop/Workspace/STM32CubeIDE Workspace/STM32N6570-ThreadX-USB-CDC-AI-Face-Detection/Middlewares/ST/stedgeai-lib/Npu/ll_aton/ll_aton_runtime.c:307:24:__LL_ATON_RT_GetWaitMask	16	static
/home/ck/Desktop/Workspace/STM32CubeIDE Workspace/STM32N6570-ThreadX-USB-CDC-AI-Face-Detection/Middlewares/ST/stedgeai-lib/Npu/ll_aton/ll_aton_runtime.c:321:20:__LL_ATON_RT_Init_Network	24	static
/home/ck/Desktop/Workspace/STM32CubeIDE Workspace/STM32N6570-ThreadX-USB-CDC-AI-Face-Detection/Middlewares/ST/stedgeai-lib/Npu/ll_aton/ll_aton_runtime.c:387:6:LL_ATON_RT_SetRuntimeCallback	16	static
/home/ck/Desktop/Workspace/STM32CubeIDE Workspace/STM32N6570-ThreadX-USB-CDC-AI-Face-Detection/Middlewares/ST/stedgeai-lib/Npu/ll_aton/ll_aton_runtime.c:400:6:LL_ATON_RT_SetEpochCallback	16	static
/home/ck/Desktop/Workspace/STM32CubeIDE Workspace/STM32N6570-ThreadX-USB-CDC-AI-Face-Detection/Middlewares/ST/stedgeai-lib/Npu/ll_aton/ll_aton_runtime.c:414:6:LL_ATON_RT_SetNetworkCallback	16	static
/home/ck/Desktop/Workspace/STM32CubeIDE Workspace/STM32N6570-ThreadX-USB-CDC-AI-Face-Detection/Middlewares/ST/stedgeai-lib/Npu/ll_aton/ll_aton_runtime.c:424:6:LL_ATON_RT_Init_Network	24	static
/home/ck/Desktop/Workspace/STM32CubeIDE Workspace/STM32N6570-ThreadX-USB-CDC-AI-Face-Detection/Middlewares/ST/stedgeai-lib/Npu/ll_aton/ll_aton_runtime.c:465:6:LL_ATON_RT_DeInit_Network	24	static
/home/ck/Desktop/Workspace/STM32CubeIDE Workspace/STM32N6570-ThreadX-USB-CDC-AI-Face-Detection/Middlewares/ST/stedgeai-lib/Npu/ll_aton/ll_aton_runtime.c:514:6:LL_ATON_RT_Reset_Network	16	static
/home/ck/Desktop/Workspace/STM32CubeIDE Workspace/STM32N6570-ThreadX-USB-CDC-AI-Face-Detection/Middlewares/ST/stedgeai-lib/Npu/ll_aton/ll_aton_runtime.c:523:6:LL_ATON_RT_RuntimeInit	16	static
/home/ck/Desktop/Workspace/STM32CubeIDE Workspace/STM32N6570-ThreadX-USB-CDC-AI-Face-Detection/Middlewares/ST/stedgeai-lib/Npu/ll_aton/ll_aton_runtime.c:571:6:LL_ATON_RT_RuntimeDeInit	8	static
/home/ck/Desktop/Workspace/STM32CubeIDE Workspace/STM32N6570-ThreadX-USB-CDC-AI-Face-Detection/Middlewares/ST/stedgeai-lib/Npu/ll_aton/ll_aton_runtime.c:603:24:LL_ATON_RT_RunEpochBlock	24	static
/home/ck/Desktop/Workspace/STM32CubeIDE Workspace/STM32N6570-ThreadX-USB-CDC-AI-Face-Detection/Middlewares/ST/stedgeai-lib/Npu/ll_aton/ll_aton_runtime.c:777:13:__LL_ATON_RT_IrqErr	40	static
/home/ck/Desktop/Workspace/STM32CubeIDE Workspace/STM32N6570-ThreadX-USB-CDC-AI-Face-Detection/Middlewares/ST/stedgeai-lib/Npu/ll_aton/ll_aton_runtime.c:889:20:__LL_ATON_RT_IrqEpochBlock	32	static
/home/ck/Desktop/Workspace/STM32CubeIDE Workspace/STM32N6570-ThreadX-USB-CDC-AI-Face-Detection/Middlewares/ST/stedgeai-lib/Npu/ll_aton/ll_aton_runtime.c:938:20:__LL_ATON_RT_IrqEpochBlob	32	static
/home/ck/Desktop/Workspace/STM32CubeIDE Workspace/STM32N6570-ThreadX-USB-CDC-AI-Face-Detection/Middlewares/ST/stedgeai-lib/Npu/ll_aton/ll_aton_runtime.c:960:6:NPU0_IRQHandler	16	static,ignoring_inline_asm
