/home/ck/Desktop/Workspace/STM32CubeIDE Workspace/STM32N6570_USBD_CDC_FACE_DETECT/Middlewares/ST/stedgeai-lib/Npu/ll_aton/ll_aton.h:491:26:LL_Streng_len	16	static
/home/ck/Desktop/Workspace/STM32CubeIDE Workspace/STM32N6570_USBD_CDC_FACE_DETECT/Middlewares/ST/stedgeai-lib/Npu/ll_aton/ll_aton_caches_interface.h:94:22:LL_ATON_Cache_MCU_Clean_Invalidate_Range	16	static
/home/ck/Desktop/Workspace/STM32CubeIDE Workspace/STM32N6570_USBD_CDC_FACE_DETECT/Middlewares/ST/stedgeai-lib/Npu/ll_aton/ll_aton.c:61:20:ll_aton_static_checks	16	static
/home/ck/Desktop/Workspace/STM32CubeIDE Workspace/STM32N6570_USBD_CDC_FACE_DETECT/Middlewares/ST/stedgeai-lib/Npu/ll_aton/ll_aton.c:127:16:LL_Address_Physical2Virtual	16	static
/home/ck/Desktop/Workspace/STM32CubeIDE Workspace/STM32N6570_USBD_CDC_FACE_DETECT/Middlewares/ST/stedgeai-lib/Npu/ll_aton/ll_aton.c:132:16:LL_Address_Virtual2Physical	16	static
/home/ck/Desktop/Workspace/STM32CubeIDE Workspace/STM32N6570_USBD_CDC_FACE_DETECT/Middlewares/ST/stedgeai-lib/Npu/ll_aton/ll_aton.c:142:18:startWatchdog	16	static
/home/ck/Desktop/Workspace/STM32CubeIDE Workspace/STM32N6570_USBD_CDC_FACE_DETECT/Middlewares/ST/stedgeai-lib/Npu/ll_aton/ll_aton.c:153:18:checkWatchdog	4	static
/home/ck/Desktop/Workspace/STM32CubeIDE Workspace/STM32N6570_USBD_CDC_FACE_DETECT/Middlewares/ST/stedgeai-lib/Npu/ll_aton/ll_aton.c:166:5:LL_ATON_Init	56	static
/home/ck/Desktop/Workspace/STM32CubeIDE Workspace/STM32N6570_USBD_CDC_FACE_DETECT/Middlewares/ST/stedgeai-lib/Npu/ll_aton/ll_aton.c:268:5:LL_ATON_DeInit	16	static
/home/ck/Desktop/Workspace/STM32CubeIDE Workspace/STM32N6570_USBD_CDC_FACE_DETECT/Middlewares/ST/stedgeai-lib/Npu/ll_aton/ll_aton.c:300:5:LL_ATON_EnableUnits_Init	56	static
/home/ck/Desktop/Workspace/STM32CubeIDE Workspace/STM32N6570_USBD_CDC_FACE_DETECT/Middlewares/ST/stedgeai-lib/Npu/ll_aton/ll_aton.c:380:5:LL_ATON_DisableUnits_Init	32	static
/home/ck/Desktop/Workspace/STM32CubeIDE Workspace/STM32N6570_USBD_CDC_FACE_DETECT/Middlewares/ST/stedgeai-lib/Npu/ll_aton/ll_aton.c:461:5:LL_Streng_Wait	24	static
/home/ck/Desktop/Workspace/STM32CubeIDE Workspace/STM32N6570_USBD_CDC_FACE_DETECT/Middlewares/ST/stedgeai-lib/Npu/ll_aton/ll_aton.c:493:5:LL_Streng_TensorInit	96	static
/home/ck/Desktop/Workspace/STM32CubeIDE Workspace/STM32N6570_USBD_CDC_FACE_DETECT/Middlewares/ST/stedgeai-lib/Npu/ll_aton/ll_aton.c:781:5:LL_Streng_ExtSyncInit	24	static
/home/ck/Desktop/Workspace/STM32CubeIDE Workspace/STM32N6570_USBD_CDC_FACE_DETECT/Middlewares/ST/stedgeai-lib/Npu/ll_aton/ll_aton.c:811:5:LL_TriggerHigh	16	static
/home/ck/Desktop/Workspace/STM32CubeIDE Workspace/STM32N6570_USBD_CDC_FACE_DETECT/Middlewares/ST/stedgeai-lib/Npu/ll_aton/ll_aton.c:832:5:LL_TriggerLow	16	static
/home/ck/Desktop/Workspace/STM32CubeIDE Workspace/STM32N6570_USBD_CDC_FACE_DETECT/Middlewares/ST/stedgeai-lib/Npu/ll_aton/ll_aton.c:846:14:__atonn_getSrcPortID	24	static
/home/ck/Desktop/Workspace/STM32CubeIDE Workspace/STM32N6570_USBD_CDC_FACE_DETECT/Middlewares/ST/stedgeai-lib/Npu/ll_aton/ll_aton.c:915:14:__atonn_getDstPortID	24	static
/home/ck/Desktop/Workspace/STM32CubeIDE Workspace/STM32N6570_USBD_CDC_FACE_DETECT/Middlewares/ST/stedgeai-lib/Npu/ll_aton/ll_aton.c:990:5:LL_Switch_Init_NoReset	64	static
/home/ck/Desktop/Workspace/STM32CubeIDE Workspace/STM32N6570_USBD_CDC_FACE_DETECT/Middlewares/ST/stedgeai-lib/Npu/ll_aton/ll_aton.c:1040:5:LL_Switch_Init	16	static
/home/ck/Desktop/Workspace/STM32CubeIDE Workspace/STM32N6570_USBD_CDC_FACE_DETECT/Middlewares/ST/stedgeai-lib/Npu/ll_aton/ll_aton.c:1055:5:LL_Switch_Deinit	32	static
/home/ck/Desktop/Workspace/STM32CubeIDE Workspace/STM32N6570_USBD_CDC_FACE_DETECT/Middlewares/ST/stedgeai-lib/Npu/ll_aton/ll_aton.c:1083:5:LL_Switch_Deinit_Fine_Grained	40	static
/home/ck/Desktop/Workspace/STM32CubeIDE Workspace/STM32N6570_USBD_CDC_FACE_DETECT/Middlewares/ST/stedgeai-lib/Npu/ll_aton/ll_aton.c:1225:24:decun_inc_page_addr	24	static
/home/ck/Desktop/Workspace/STM32CubeIDE Workspace/STM32N6570_USBD_CDC_FACE_DETECT/Middlewares/ST/stedgeai-lib/Npu/ll_aton/ll_aton.c:1234:13:LL_Decun_CB_1byte	96	static
/home/ck/Desktop/Workspace/STM32CubeIDE Workspace/STM32N6570_USBD_CDC_FACE_DETECT/Middlewares/ST/stedgeai-lib/Npu/ll_aton/ll_aton.c:1389:13:LL_Decun_CB_2byte	104	static
/home/ck/Desktop/Workspace/STM32CubeIDE Workspace/STM32N6570_USBD_CDC_FACE_DETECT/Middlewares/ST/stedgeai-lib/Npu/ll_aton/ll_aton.c:1586:5:LL_Decun_Init	24	static
/home/ck/Desktop/Workspace/STM32CubeIDE Workspace/STM32N6570_USBD_CDC_FACE_DETECT/Middlewares/ST/stedgeai-lib/Npu/ll_aton/ll_aton.c:1640:5:LL_Convacc_Init	56	static
/home/ck/Desktop/Workspace/STM32CubeIDE Workspace/STM32N6570_USBD_CDC_FACE_DETECT/Middlewares/ST/stedgeai-lib/Npu/ll_aton/ll_aton.c:1865:16:get_Activacc_type	16	static
/home/ck/Desktop/Workspace/STM32CubeIDE Workspace/STM32N6570_USBD_CDC_FACE_DETECT/Middlewares/ST/stedgeai-lib/Npu/ll_aton/ll_aton.c:1894:5:LL_Activacc_Init	56	static
/home/ck/Desktop/Workspace/STM32CubeIDE Workspace/STM32N6570_USBD_CDC_FACE_DETECT/Middlewares/ST/stedgeai-lib/Npu/ll_aton/ll_aton.c:2014:16:get_Arithacc_type	16	static
/home/ck/Desktop/Workspace/STM32CubeIDE Workspace/STM32N6570_USBD_CDC_FACE_DETECT/Middlewares/ST/stedgeai-lib/Npu/ll_aton/ll_aton.c:2063:5:LL_Arithacc_Init	104	static
/home/ck/Desktop/Workspace/STM32CubeIDE Workspace/STM32N6570_USBD_CDC_FACE_DETECT/Middlewares/ST/stedgeai-lib/Npu/ll_aton/ll_aton.c:2298:16:get_Poolacc_type	16	static
/home/ck/Desktop/Workspace/STM32CubeIDE Workspace/STM32N6570_USBD_CDC_FACE_DETECT/Middlewares/ST/stedgeai-lib/Npu/ll_aton/ll_aton.c:2327:5:LL_Poolacc_Init	40	static
/home/ck/Desktop/Workspace/STM32CubeIDE Workspace/STM32N6570_USBD_CDC_FACE_DETECT/Middlewares/ST/stedgeai-lib/Npu/ll_aton/ll_aton.c:2457:5:LL_EpochCtrl_Init	24	static
/home/ck/Desktop/Workspace/STM32CubeIDE Workspace/STM32N6570_USBD_CDC_FACE_DETECT/Middlewares/ST/stedgeai-lib/Npu/ll_aton/ll_aton.c:2485:5:LL_EpochCtrl_Step	24	static
/home/ck/Desktop/Workspace/STM32CubeIDE Workspace/STM32N6570_USBD_CDC_FACE_DETECT/Middlewares/ST/stedgeai-lib/Npu/ll_aton/ll_aton.c:2501:5:LL_EpochCtrl_Wait	24	static
/home/ck/Desktop/Workspace/STM32CubeIDE Workspace/STM32N6570_USBD_CDC_FACE_DETECT/Middlewares/ST/stedgeai-lib/Npu/ll_aton/ll_aton.c:2531:14:LL_EpochCtrl_GetBlobSize	24	static
/home/ck/Desktop/Workspace/STM32CubeIDE Workspace/STM32N6570_USBD_CDC_FACE_DETECT/Middlewares/ST/stedgeai-lib/Npu/ll_aton/ll_aton.c:2538:6:LL_ATON_EnableClock	24	static
/home/ck/Desktop/Workspace/STM32CubeIDE Workspace/STM32N6570_USBD_CDC_FACE_DETECT/Middlewares/ST/stedgeai-lib/Npu/ll_aton/ll_aton.c:2555:6:LL_ATON_DisableClock	24	static
/home/ck/Desktop/Workspace/STM32CubeIDE Workspace/STM32N6570_USBD_CDC_FACE_DETECT/Middlewares/ST/stedgeai-lib/Npu/ll_aton/ll_aton.c:2591:20:LL_ATON_Dma_memcpy	216	static
