/home/ck/Desktop/Workspace/STM32CubeIDE Workspace/STM32N6570-ThreadX-USB-CDC-AI-Face-Detection/Middlewares/ST/stedgeai-lib/Npu/ll_aton/ll_aton_NN_interface.h:494:32:LL_Buffer_addr_base	24	static
/home/ck/Desktop/Workspace/STM32CubeIDE Workspace/STM32N6570-ThreadX-USB-CDC-AI-Face-Detection/Middlewares/ST/stedgeai-lib/Npu/ll_aton/ll_aton_NN_interface.h:504:32:LL_Buffer_addr_start	16	static
/home/ck/Desktop/Workspace/STM32CubeIDE Workspace/STM32N6570-ThreadX-USB-CDC-AI-Face-Detection/Middlewares/ST/stedgeai-lib/Npu/ll_aton/ll_aton_NN_interface.h:519:26:LL_Buffer_len	16	static
/home/ck/Desktop/Workspace/STM32CubeIDE Workspace/STM32N6570-ThreadX-USB-CDC-AI-Face-Detection/Middlewares/ST/stedgeai-lib/Npu/ll_aton/ll_aton_lib_sw_operators.h:45:22:__ll_aton_lib_copy_element	24	static
/home/ck/Desktop/Workspace/STM32CubeIDE Workspace/STM32N6570-ThreadX-USB-CDC-AI-Face-Detection/Middlewares/ST/stedgeai-lib/Npu/ll_aton/ll_aton_lib_sw_operators.c:94:24:__ll_aton_lib_calc_offset	32	static
/home/ck/Desktop/Workspace/STM32CubeIDE Workspace/STM32N6570-ThreadX-USB-CDC-AI-Face-Detection/Middlewares/ST/stedgeai-lib/Npu/ll_aton/ll_aton_lib_sw_operators.c:117:23:__ll_aton_lib_is_in_slice	48	static
/home/ck/Desktop/Workspace/STM32CubeIDE Workspace/STM32N6570-ThreadX-USB-CDC-AI-Face-Detection/Middlewares/ST/stedgeai-lib/Npu/ll_aton/ll_aton_lib_sw_operators.c:156:16:__ll_slice_get_input_and_output_base_pos	56	static
/home/ck/Desktop/Workspace/STM32CubeIDE Workspace/STM32N6570-ThreadX-USB-CDC-AI-Face-Detection/Middlewares/ST/stedgeai-lib/Npu/ll_aton/ll_aton_lib_sw_operators.c:192:20:__ll_slice_copy_elem	40	static
/home/ck/Desktop/Workspace/STM32CubeIDE Workspace/STM32N6570-ThreadX-USB-CDC-AI-Face-Detection/Middlewares/ST/stedgeai-lib/Npu/ll_aton/ll_aton_lib_sw_operators.c:209:13:__ll_aton_lib_slice	72	static
/home/ck/Desktop/Workspace/STM32CubeIDE Workspace/STM32N6570-ThreadX-USB-CDC-AI-Face-Detection/Middlewares/ST/stedgeai-lib/Npu/ll_aton/ll_aton_lib_sw_operators.c:271:12:__ll_aton_lib_sw_outputs_flat_copy	64	static
/home/ck/Desktop/Workspace/STM32CubeIDE Workspace/STM32N6570-ThreadX-USB-CDC-AI-Face-Detection/Middlewares/ST/stedgeai-lib/Npu/ll_aton/ll_aton_lib_sw_operators.c:320:13:__ll_aton_lib_split_aton_canonical	80	static
/home/ck/Desktop/Workspace/STM32CubeIDE Workspace/STM32N6570-ThreadX-USB-CDC-AI-Face-Detection/Middlewares/ST/stedgeai-lib/Npu/ll_aton/ll_aton_lib_sw_operators.c:354:13:__ll_aton_lib_split_onnx_canonical	72	static
/home/ck/Desktop/Workspace/STM32CubeIDE Workspace/STM32N6570-ThreadX-USB-CDC-AI-Face-Detection/Middlewares/ST/stedgeai-lib/Npu/ll_aton/ll_aton_lib_sw_operators.c:388:13:__ll_aton_lib_split_channel_batched	112	static
/home/ck/Desktop/Workspace/STM32CubeIDE Workspace/STM32N6570-ThreadX-USB-CDC-AI-Face-Detection/Middlewares/ST/stedgeai-lib/Npu/ll_aton/ll_aton_lib_sw_operators.c:447:24:__ll_transp_find_input_index	32	static
/home/ck/Desktop/Workspace/STM32CubeIDE Workspace/STM32N6570-ThreadX-USB-CDC-AI-Face-Detection/Middlewares/ST/stedgeai-lib/Npu/ll_aton/ll_aton_lib_sw_operators.c:462:23:__ll_transp_get_output_base_pos	40	static
/home/ck/Desktop/Workspace/STM32CubeIDE Workspace/STM32N6570-ThreadX-USB-CDC-AI-Face-Detection/Middlewares/ST/stedgeai-lib/Npu/ll_aton/ll_aton_lib_sw_operators.c:482:16:__ll_transp_get_input_base_pos	32	static
/home/ck/Desktop/Workspace/STM32CubeIDE Workspace/STM32N6570-ThreadX-USB-CDC-AI-Face-Detection/Middlewares/ST/stedgeai-lib/Npu/ll_aton/ll_aton_lib_sw_operators.c:501:13:__ll_aton_lib_transpose	80	static
/home/ck/Desktop/Workspace/STM32CubeIDE Workspace/STM32N6570-ThreadX-USB-CDC-AI-Face-Detection/Middlewares/ST/stedgeai-lib/Npu/ll_aton/ll_aton_lib_sw_operators.c:549:24:__ll_transp_find_input_index_3or4	32	static
/home/ck/Desktop/Workspace/STM32CubeIDE Workspace/STM32N6570-ThreadX-USB-CDC-AI-Face-Detection/Middlewares/ST/stedgeai-lib/Npu/ll_aton/ll_aton_lib_sw_operators.c:555:23:__ll_transp_get_output_base_pos_3or4	40	static
/home/ck/Desktop/Workspace/STM32CubeIDE Workspace/STM32N6570-ThreadX-USB-CDC-AI-Face-Detection/Middlewares/ST/stedgeai-lib/Npu/ll_aton/ll_aton_lib_sw_operators.c:575:16:__ll_transp_get_input_base_pos_3or4	32	static
/home/ck/Desktop/Workspace/STM32CubeIDE Workspace/STM32N6570-ThreadX-USB-CDC-AI-Face-Detection/Middlewares/ST/stedgeai-lib/Npu/ll_aton/ll_aton_lib_sw_operators.c:588:24:__ll_transp_get_inner_out_axis	24	static
/home/ck/Desktop/Workspace/STM32CubeIDE Workspace/STM32N6570-ThreadX-USB-CDC-AI-Face-Detection/Middlewares/ST/stedgeai-lib/Npu/ll_aton/ll_aton_lib_sw_operators.c:599:13:__ll_aton_lib_transpose_3or4	96	static
/home/ck/Desktop/Workspace/STM32CubeIDE Workspace/STM32N6570-ThreadX-USB-CDC-AI-Face-Detection/Middlewares/ST/stedgeai-lib/Npu/ll_aton/ll_aton_lib_sw_operators.c:644:5:LL_ATON_LIB_Split	40	static
/home/ck/Desktop/Workspace/STM32CubeIDE Workspace/STM32N6570-ThreadX-USB-CDC-AI-Face-Detection/Middlewares/ST/stedgeai-lib/Npu/ll_aton/ll_aton_lib_sw_operators.c:775:5:LL_ATON_LIB_SW_SpaceToDepth	144	static
/home/ck/Desktop/Workspace/STM32CubeIDE Workspace/STM32N6570-ThreadX-USB-CDC-AI-Face-Detection/Middlewares/ST/stedgeai-lib/Npu/ll_aton/ll_aton_lib_sw_operators.c:847:5:LL_ATON_LIB_SW_DepthToSpace	200	static
/home/ck/Desktop/Workspace/STM32CubeIDE Workspace/STM32N6570-ThreadX-USB-CDC-AI-Face-Detection/Middlewares/ST/stedgeai-lib/Npu/ll_aton/ll_aton_lib_sw_operators.c:961:5:LL_ATON_LIB_Slice	56	static
/home/ck/Desktop/Workspace/STM32CubeIDE Workspace/STM32N6570-ThreadX-USB-CDC-AI-Face-Detection/Middlewares/ST/stedgeai-lib/Npu/ll_aton/ll_aton_lib_sw_operators.c:999:5:LL_ATON_LIB_Transpose	64	static
