/home/ck/Desktop/Workspace/STM32CubeIDE Workspace/STM32N6570-ThreadX-USB-CDC-AI-Face-Detection/Middlewares/ST/stedgeai-lib/Npu/ll_aton/ll_sw_integer.c:45:12:helper_emit_shape_index_axis	16	static
/home/ck/Desktop/Workspace/STM32CubeIDE Workspace/STM32N6570-ThreadX-USB-CDC-AI-Face-Detection/Middlewares/ST/stedgeai-lib/Npu/ll_aton/ll_sw_integer.c:66:6:ll_sw_forward_qlinearmatmul	568	static
/home/ck/Desktop/Workspace/STM32CubeIDE Workspace/STM32N6570-ThreadX-USB-CDC-AI-Face-Detection/Middlewares/ST/stedgeai-lib/Npu/ll_aton/ll_sw_integer.c:179:6:ll_sw_forward_gemm_integer	568	static
/home/ck/Desktop/Workspace/STM32CubeIDE Workspace/STM32N6570-ThreadX-USB-CDC-AI-Face-Detection/Middlewares/ST/stedgeai-lib/Npu/ll_aton/ll_sw_integer.c:288:6:ll_sw_forward_quantizelinear	296	static
/home/ck/Desktop/Workspace/STM32CubeIDE Workspace/STM32N6570-ThreadX-USB-CDC-AI-Face-Detection/Middlewares/ST/stedgeai-lib/Npu/ll_aton/ll_sw_integer.c:333:6:ll_sw_forward_dequantizelinear	296	static
/home/ck/Desktop/Workspace/STM32CubeIDE Workspace/STM32N6570-ThreadX-USB-CDC-AI-Face-Detection/Middlewares/ST/stedgeai-lib/Npu/ll_aton/ll_sw_integer.c:380:6:ll_sw_forward_requantizelinear	312	static
/home/ck/Desktop/Workspace/STM32CubeIDE Workspace/STM32N6570-ThreadX-USB-CDC-AI-Face-Detection/Middlewares/ST/stedgeai-lib/Npu/ll_aton/ll_sw_integer.c:439:6:ll_sw_forward_conv_integer	696	static
/home/ck/Desktop/Workspace/STM32CubeIDE Workspace/STM32N6570-ThreadX-USB-CDC-AI-Face-Detection/Middlewares/ST/stedgeai-lib/Npu/ll_aton/ll_sw_integer.c:620:6:ll_sw_forward_eltwise_integer	416	static
/home/ck/Desktop/Workspace/STM32CubeIDE Workspace/STM32N6570-ThreadX-USB-CDC-AI-Face-Detection/Middlewares/ST/stedgeai-lib/Npu/ll_aton/ll_sw_integer.c:739:6:ll_sw_forward_pool_integer	368	static
/home/ck/Desktop/Workspace/STM32CubeIDE Workspace/STM32N6570-ThreadX-USB-CDC-AI-Face-Detection/Middlewares/ST/stedgeai-lib/Npu/ll_aton/ll_sw_integer.c:821:6:ll_sw_forward_global_pool_integer	368	static
/home/ck/Desktop/Workspace/STM32CubeIDE Workspace/STM32N6570-ThreadX-USB-CDC-AI-Face-Detection/Middlewares/ST/stedgeai-lib/Npu/ll_aton/ll_sw_integer.c:901:6:ll_sw_forward_softmax_integer	424	static
/home/ck/Desktop/Workspace/STM32CubeIDE Workspace/STM32N6570-ThreadX-USB-CDC-AI-Face-Detection/Middlewares/ST/stedgeai-lib/Npu/ll_aton/ll_sw_integer.c:973:6:ll_sw_forward_activ_integer	640	static
/home/ck/Desktop/Workspace/STM32CubeIDE Workspace/STM32N6570-ThreadX-USB-CDC-AI-Face-Detection/Middlewares/ST/stedgeai-lib/Npu/ll_aton/ll_sw_integer.c:1109:6:ll_sw_forward_resize_integer	480	static
/home/ck/Desktop/Workspace/STM32CubeIDE Workspace/STM32N6570-ThreadX-USB-CDC-AI-Face-Detection/Middlewares/ST/stedgeai-lib/Npu/ll_aton/ll_sw_integer.c:1219:6:ll_sw_forward_argmax_integer	272	static
/home/ck/Desktop/Workspace/STM32CubeIDE Workspace/STM32N6570-ThreadX-USB-CDC-AI-Face-Detection/Middlewares/ST/stedgeai-lib/Npu/ll_aton/ll_sw_integer.c:1251:6:ll_sw_forward_argmin_integer	272	static
/home/ck/Desktop/Workspace/STM32CubeIDE Workspace/STM32N6570-ThreadX-USB-CDC-AI-Face-Detection/Middlewares/ST/stedgeai-lib/Npu/ll_aton/ll_sw_integer.c:1283:6:ll_sw_forward_tile_integer	304	static
/home/ck/Desktop/Workspace/STM32CubeIDE Workspace/STM32N6570-ThreadX-USB-CDC-AI-Face-Detection/Middlewares/ST/stedgeai-lib/Npu/ll_aton/ll_sw_integer.c:1321:6:ll_sw_forward_gather_integer	360	static
