/home/ck/Desktop/Workspace/STM32CubeIDE Workspace/STM32N6570-ThreadX-USB-CDC-AI-Face-Detection/FSBL/../Middlewares/ST/stedgeai-lib/Inc/ai_datatypes_internal.h:330:9:ai_shape_get_size	24	static
/home/ck/Desktop/Workspace/STM32CubeIDE Workspace/STM32N6570-ThreadX-USB-CDC-AI-Face-Detection/Middlewares/ST/stedgeai-lib/Npu/ll_aton/ll_sw_float.c:45:12:helper_emit_shape_index_axis	16	static
/home/ck/Desktop/Workspace/STM32CubeIDE Workspace/STM32N6570-ThreadX-USB-CDC-AI-Face-Detection/Middlewares/ST/stedgeai-lib/Npu/ll_aton/ll_sw_float.c:67:6:ll_sw_forward_conv	544	static
/home/ck/Desktop/Workspace/STM32CubeIDE Workspace/STM32N6570-ThreadX-USB-CDC-AI-Face-Detection/Middlewares/ST/stedgeai-lib/Npu/ll_aton/ll_sw_float.c:143:6:ll_sw_forward_gemm	440	static
/home/ck/Desktop/Workspace/STM32CubeIDE Workspace/STM32N6570-ThreadX-USB-CDC-AI-Face-Detection/Middlewares/ST/stedgeai-lib/Npu/ll_aton/ll_sw_float.c:197:6:ll_sw_forward_matmul	352	static
/home/ck/Desktop/Workspace/STM32CubeIDE Workspace/STM32N6570-ThreadX-USB-CDC-AI-Face-Detection/Middlewares/ST/stedgeai-lib/Npu/ll_aton/ll_sw_float.c:240:6:ll_sw_forward_resize	440	static
/home/ck/Desktop/Workspace/STM32CubeIDE Workspace/STM32N6570-ThreadX-USB-CDC-AI-Face-Detection/Middlewares/ST/stedgeai-lib/Npu/ll_aton/ll_sw_float.c:312:6:ll_sw_forward_softmax	360	static
/home/ck/Desktop/Workspace/STM32CubeIDE Workspace/STM32N6570-ThreadX-USB-CDC-AI-Face-Detection/Middlewares/ST/stedgeai-lib/Npu/ll_aton/ll_sw_float.c:361:6:ll_sw_forward_activ	552	static
/home/ck/Desktop/Workspace/STM32CubeIDE Workspace/STM32N6570-ThreadX-USB-CDC-AI-Face-Detection/Middlewares/ST/stedgeai-lib/Npu/ll_aton/ll_sw_float.c:681:6:ll_sw_forward_arith	664	static
/home/ck/Desktop/Workspace/STM32CubeIDE Workspace/STM32N6570-ThreadX-USB-CDC-AI-Face-Detection/Middlewares/ST/stedgeai-lib/Npu/ll_aton/ll_sw_float.c:840:6:ll_sw_forward_pool	320	static
/home/ck/Desktop/Workspace/STM32CubeIDE Workspace/STM32N6570-ThreadX-USB-CDC-AI-Face-Detection/Middlewares/ST/stedgeai-lib/Npu/ll_aton/ll_sw_float.c:889:6:ll_sw_forward_global_pool	320	static
/home/ck/Desktop/Workspace/STM32CubeIDE Workspace/STM32N6570-ThreadX-USB-CDC-AI-Face-Detection/Middlewares/ST/stedgeai-lib/Npu/ll_aton/ll_sw_float.c:935:6:ll_sw_forward_argmax	272	static
/home/ck/Desktop/Workspace/STM32CubeIDE Workspace/STM32N6570-ThreadX-USB-CDC-AI-Face-Detection/Middlewares/ST/stedgeai-lib/Npu/ll_aton/ll_sw_float.c:967:6:ll_sw_forward_gather	360	static
/home/ck/Desktop/Workspace/STM32CubeIDE Workspace/STM32N6570-ThreadX-USB-CDC-AI-Face-Detection/Middlewares/ST/stedgeai-lib/Npu/ll_aton/ll_sw_float.c:1009:6:ll_sw_forward_argmin	272	static
/home/ck/Desktop/Workspace/STM32CubeIDE Workspace/STM32N6570-ThreadX-USB-CDC-AI-Face-Detection/Middlewares/ST/stedgeai-lib/Npu/ll_aton/ll_sw_float.c:1041:6:ll_sw_forward_reduce	304	static
/home/ck/Desktop/Workspace/STM32CubeIDE Workspace/STM32N6570-ThreadX-USB-CDC-AI-Face-Detection/Middlewares/ST/stedgeai-lib/Npu/ll_aton/ll_sw_float.c:1116:6:ll_sw_forward_bn	552	static
/home/ck/Desktop/Workspace/STM32CubeIDE Workspace/STM32N6570-ThreadX-USB-CDC-AI-Face-Detection/Middlewares/ST/stedgeai-lib/Npu/ll_aton/ll_sw_float.c:1202:6:ll_sw_forward_instance_normalization	432	static
/home/ck/Desktop/Workspace/STM32CubeIDE Workspace/STM32N6570-ThreadX-USB-CDC-AI-Face-Detection/Middlewares/ST/stedgeai-lib/Npu/ll_aton/ll_sw_float.c:1254:6:ll_sw_forward_lpnormalization	280	static
/home/ck/Desktop/Workspace/STM32CubeIDE Workspace/STM32N6570-ThreadX-USB-CDC-AI-Face-Detection/Middlewares/ST/stedgeai-lib/Npu/ll_aton/ll_sw_float.c:1288:6:ll_sw_forward_sign	272	static
/home/ck/Desktop/Workspace/STM32CubeIDE Workspace/STM32N6570-ThreadX-USB-CDC-AI-Face-Detection/Middlewares/ST/stedgeai-lib/Npu/ll_aton/ll_sw_float.c:1321:6:ll_sw_forward_lrn	288	static
/home/ck/Desktop/Workspace/STM32CubeIDE Workspace/STM32N6570-ThreadX-USB-CDC-AI-Face-Detection/Middlewares/ST/stedgeai-lib/Npu/ll_aton/ll_sw_float.c:1360:6:ll_sw_forward_tile	304	static
/home/ck/Desktop/Workspace/STM32CubeIDE Workspace/STM32N6570-ThreadX-USB-CDC-AI-Face-Detection/Middlewares/ST/stedgeai-lib/Npu/ll_aton/ll_sw_float.c:1398:6:ll_sw_forward_concat	616	static
