/home/ck/Desktop/Workspace/STM32CubeIDE Workspace/STM32N6570-ThreadX-USB-CDC-AI-Face-Detection/FSBL/Application/User/USBX/App/ux_device_descriptors.c:206:10:USBD_Get_Device_Framework_Speed	24	static
/home/ck/Desktop/Workspace/STM32CubeIDE Workspace/STM32N6570-ThreadX-USB-CDC-AI-Face-Detection/FSBL/Application/User/USBX/App/ux_device_descriptors.c:247:10:USBD_Get_String_Framework	24	static
/home/ck/Desktop/Workspace/STM32CubeIDE Workspace/STM32N6570-ThreadX-USB-CDC-AI-Face-Detection/FSBL/Application/User/USBX/App/ux_device_descriptors.c:298:10:USBD_Get_Language_Id_Framework	24	static
/home/ck/Desktop/Workspace/STM32CubeIDE Workspace/STM32N6570-ThreadX-USB-CDC-AI-Face-Detection/FSBL/Application/User/USBX/App/ux_device_descriptors.c:319:10:USBD_Get_Interface_Number	24	static
/home/ck/Desktop/Workspace/STM32CubeIDE Workspace/STM32N6570-ThreadX-USB-CDC-AI-Face-Detection/FSBL/Application/User/USBX/App/ux_device_descriptors.c:351:10:USBD_Get_Configuration_Number	24	static
/home/ck/Desktop/Workspace/STM32CubeIDE Workspace/STM32N6570-ThreadX-USB-CDC-AI-Face-Detection/FSBL/Application/User/USBX/App/ux_device_descriptors.c:436:13:USBD_Desc_GetString	32	static
/home/ck/Desktop/Workspace/STM32CubeIDE Workspace/STM32N6570-ThreadX-USB-CDC-AI-Face-Detection/FSBL/Application/User/USBX/App/ux_device_descriptors.c:464:16:USBD_Desc_GetLen	24	static
/home/ck/Desktop/Workspace/STM32CubeIDE Workspace/STM32N6570-ThreadX-USB-CDC-AI-Face-Detection/FSBL/Application/User/USBX/App/ux_device_descriptors.c:487:17:USBD_Device_Framework_Builder	40	static
/home/ck/Desktop/Workspace/STM32CubeIDE Workspace/STM32N6570-ThreadX-USB-CDC-AI-Face-Detection/FSBL/Application/User/USBX/App/ux_device_descriptors.c:588:10:USBD_FrameWork_AddClass	16	static
/home/ck/Desktop/Workspace/STM32CubeIDE Workspace/STM32N6570-ThreadX-USB-CDC-AI-Face-Detection/FSBL/Application/User/USBX/App/ux_device_descriptors.c:636:10:USBD_FrameWork_AddToConfDesc	32	static
/home/ck/Desktop/Workspace/STM32CubeIDE Workspace/STM32N6570-ThreadX-USB-CDC-AI-Face-Detection/FSBL/Application/User/USBX/App/ux_device_descriptors.c:774:16:USBD_FrameWork_FindFreeIFNbr	32	static
/home/ck/Desktop/Workspace/STM32CubeIDE Workspace/STM32N6570-ThreadX-USB-CDC-AI-Face-Detection/FSBL/Application/User/USBX/App/ux_device_descriptors.c:800:14:USBD_FrameWork_AddConfDesc	24	static
/home/ck/Desktop/Workspace/STM32CubeIDE Workspace/STM32N6570-ThreadX-USB-CDC-AI-Face-Detection/FSBL/Application/User/USBX/App/ux_device_descriptors.c:825:14:USBD_FrameWork_AssignEp	32	static
/home/ck/Desktop/Workspace/STM32CubeIDE Workspace/STM32N6570-ThreadX-USB-CDC-AI-Face-Detection/FSBL/Application/User/USBX/App/ux_device_descriptors.c:925:13:USBD_FrameWork_CDCDesc	24	static
