/home/ck/Desktop/Workspace/STM32CubeIDE Workspace/STM32N6570_USBD_CDC_FACE_DETECT/FSBL/../Middlewares/ST/stedgeai-lib/Npu/ll_aton/ll_aton_caches_interface.h:54:22:LL_ATON_Cache_MCU_Clean_Range	16	static
/home/ck/Desktop/Workspace/STM32CubeIDE Workspace/STM32N6570_USBD_CDC_FACE_DETECT/FSBL/../Middlewares/ST/stedgeai-lib/Npu/ll_aton/ll_aton_caches_interface.h:73:22:LL_ATON_Cache_MCU_Invalidate_Range	16	static
/home/ck/Desktop/Workspace/STM32CubeIDE Workspace/STM32N6570_USBD_CDC_FACE_DETECT/Model/STM32N6570-DK/network.c:88:36:LL_ATON_WeightEncryption_Info_network	4	static
/home/ck/Desktop/Workspace/STM32CubeIDE Workspace/STM32N6570_USBD_CDC_FACE_DETECT/Model/STM32N6570-DK/network.c:97:36:LL_ATON_BlobEncryption_Info_network	4	static
/home/ck/Desktop/Workspace/STM32CubeIDE Workspace/STM32N6570_USBD_CDC_FACE_DETECT/Model/STM32N6570-DK/network.c:106:26:LL_ATON_Set_User_Input_Buffer_network	24	static
/home/ck/Desktop/Workspace/STM32CubeIDE Workspace/STM32N6570_USBD_CDC_FACE_DETECT/Model/STM32N6570-DK/network.c:117:7:LL_ATON_Get_User_Input_Buffer_network	16	static
/home/ck/Desktop/Workspace/STM32CubeIDE Workspace/STM32N6570_USBD_CDC_FACE_DETECT/Model/STM32N6570-DK/network.c:126:26:LL_ATON_Set_User_Output_Buffer_network	24	static
/home/ck/Desktop/Workspace/STM32CubeIDE Workspace/STM32N6570_USBD_CDC_FACE_DETECT/Model/STM32N6570-DK/network.c:137:7:LL_ATON_Get_User_Output_Buffer_network	16	static
/home/ck/Desktop/Workspace/STM32CubeIDE Workspace/STM32N6570_USBD_CDC_FACE_DETECT/Model/STM32N6570-DK/network_ecblobs.h:2955:6:LL_ATON_EC_Network_Init_network	4	static
/home/ck/Desktop/Workspace/STM32CubeIDE Workspace/STM32N6570_USBD_CDC_FACE_DETECT/Model/STM32N6570-DK/network_ecblobs.h:2961:6:LL_ATON_EC_Inference_Init_network	4	static
/home/ck/Desktop/Workspace/STM32CubeIDE Workspace/STM32N6570_USBD_CDC_FACE_DETECT/Model/STM32N6570-DK/network.c:153:13:_ec_blob_cache_start_func_1	16	static
/home/ck/Desktop/Workspace/STM32CubeIDE Workspace/STM32N6570_USBD_CDC_FACE_DETECT/Model/STM32N6570-DK/network.c:169:13:LL_ATON_End_EpochBlock_7	40	static
/home/ck/Desktop/Workspace/STM32CubeIDE Workspace/STM32N6570_USBD_CDC_FACE_DETECT/Model/STM32N6570-DK/network.c:236:13:_ec_blob_cache_start_func_8	16	static
/home/ck/Desktop/Workspace/STM32CubeIDE Workspace/STM32N6570_USBD_CDC_FACE_DETECT/Model/STM32N6570-DK/network.c:252:13:LL_ATON_End_EpochBlock_9	40	static
/home/ck/Desktop/Workspace/STM32CubeIDE Workspace/STM32N6570_USBD_CDC_FACE_DETECT/Model/STM32N6570-DK/network.c:319:13:_ec_blob_cache_start_func_10	16	static
/home/ck/Desktop/Workspace/STM32CubeIDE Workspace/STM32N6570_USBD_CDC_FACE_DETECT/Model/STM32N6570-DK/network.c:335:13:LL_ATON_End_EpochBlock_13	40	static
/home/ck/Desktop/Workspace/STM32CubeIDE Workspace/STM32N6570_USBD_CDC_FACE_DETECT/Model/STM32N6570-DK/network.c:402:13:_ec_blob_cache_start_func_14	16	static
/home/ck/Desktop/Workspace/STM32CubeIDE Workspace/STM32N6570_USBD_CDC_FACE_DETECT/Model/STM32N6570-DK/network.c:418:13:LL_ATON_End_EpochBlock_15	40	static
/home/ck/Desktop/Workspace/STM32CubeIDE Workspace/STM32N6570_USBD_CDC_FACE_DETECT/Model/STM32N6570-DK/network.c:485:13:_ec_blob_cache_start_func_16	16	static
/home/ck/Desktop/Workspace/STM32CubeIDE Workspace/STM32N6570_USBD_CDC_FACE_DETECT/Model/STM32N6570-DK/network.c:501:13:LL_ATON_End_EpochBlock_18	40	static
/home/ck/Desktop/Workspace/STM32CubeIDE Workspace/STM32N6570_USBD_CDC_FACE_DETECT/Model/STM32N6570-DK/network.c:568:13:_ec_blob_cache_start_func_19	16	static
/home/ck/Desktop/Workspace/STM32CubeIDE Workspace/STM32N6570_USBD_CDC_FACE_DETECT/Model/STM32N6570-DK/network.c:584:13:LL_ATON_End_EpochBlock_20	40	static
/home/ck/Desktop/Workspace/STM32CubeIDE Workspace/STM32N6570_USBD_CDC_FACE_DETECT/Model/STM32N6570-DK/network.c:651:13:_ec_blob_cache_start_func_21	16	static
/home/ck/Desktop/Workspace/STM32CubeIDE Workspace/STM32N6570_USBD_CDC_FACE_DETECT/Model/STM32N6570-DK/network.c:667:13:LL_ATON_End_EpochBlock_23	40	static
/home/ck/Desktop/Workspace/STM32CubeIDE Workspace/STM32N6570_USBD_CDC_FACE_DETECT/Model/STM32N6570-DK/network.c:734:13:_ec_blob_cache_start_func_24	16	static
/home/ck/Desktop/Workspace/STM32CubeIDE Workspace/STM32N6570_USBD_CDC_FACE_DETECT/Model/STM32N6570-DK/network.c:750:13:LL_ATON_End_EpochBlock_25	40	static
/home/ck/Desktop/Workspace/STM32CubeIDE Workspace/STM32N6570_USBD_CDC_FACE_DETECT/Model/STM32N6570-DK/network.c:817:13:_ec_blob_cache_start_func_26	16	static
/home/ck/Desktop/Workspace/STM32CubeIDE Workspace/STM32N6570_USBD_CDC_FACE_DETECT/Model/STM32N6570-DK/network.c:833:13:LL_ATON_End_EpochBlock_29	40	static
/home/ck/Desktop/Workspace/STM32CubeIDE Workspace/STM32N6570_USBD_CDC_FACE_DETECT/Model/STM32N6570-DK/network.c:900:13:_ec_blob_cache_start_func_30	16	static
/home/ck/Desktop/Workspace/STM32CubeIDE Workspace/STM32N6570_USBD_CDC_FACE_DETECT/Model/STM32N6570-DK/network.c:916:13:LL_ATON_End_EpochBlock_31	40	static
/home/ck/Desktop/Workspace/STM32CubeIDE Workspace/STM32N6570_USBD_CDC_FACE_DETECT/Model/STM32N6570-DK/network.c:983:13:_ec_blob_cache_start_func_32	16	static
/home/ck/Desktop/Workspace/STM32CubeIDE Workspace/STM32N6570_USBD_CDC_FACE_DETECT/Model/STM32N6570-DK/network.c:999:13:LL_ATON_End_EpochBlock_34	40	static
/home/ck/Desktop/Workspace/STM32CubeIDE Workspace/STM32N6570_USBD_CDC_FACE_DETECT/Model/STM32N6570-DK/network.c:1066:13:_ec_blob_cache_start_func_35	16	static
/home/ck/Desktop/Workspace/STM32CubeIDE Workspace/STM32N6570_USBD_CDC_FACE_DETECT/Model/STM32N6570-DK/network.c:1082:13:LL_ATON_End_EpochBlock_36	40	static
/home/ck/Desktop/Workspace/STM32CubeIDE Workspace/STM32N6570_USBD_CDC_FACE_DETECT/Model/STM32N6570-DK/network.c:1149:13:_ec_blob_cache_start_func_37	16	static
/home/ck/Desktop/Workspace/STM32CubeIDE Workspace/STM32N6570_USBD_CDC_FACE_DETECT/Model/STM32N6570-DK/network.c:1165:13:LL_ATON_End_EpochBlock_39	40	static
/home/ck/Desktop/Workspace/STM32CubeIDE Workspace/STM32N6570_USBD_CDC_FACE_DETECT/Model/STM32N6570-DK/network.c:1232:13:_ec_blob_cache_start_func_40	16	static
/home/ck/Desktop/Workspace/STM32CubeIDE Workspace/STM32N6570_USBD_CDC_FACE_DETECT/Model/STM32N6570-DK/network.c:1248:13:LL_ATON_End_EpochBlock_41	40	static
/home/ck/Desktop/Workspace/STM32CubeIDE Workspace/STM32N6570_USBD_CDC_FACE_DETECT/Model/STM32N6570-DK/network.c:1315:13:_ec_blob_cache_start_func_42	16	static
/home/ck/Desktop/Workspace/STM32CubeIDE Workspace/STM32N6570_USBD_CDC_FACE_DETECT/Model/STM32N6570-DK/network.c:1331:13:LL_ATON_End_EpochBlock_44	40	static
/home/ck/Desktop/Workspace/STM32CubeIDE Workspace/STM32N6570_USBD_CDC_FACE_DETECT/Model/STM32N6570-DK/network.c:1398:13:_ec_blob_cache_start_func_45	16	static
/home/ck/Desktop/Workspace/STM32CubeIDE Workspace/STM32N6570_USBD_CDC_FACE_DETECT/Model/STM32N6570-DK/network.c:1414:13:LL_ATON_End_EpochBlock_46	40	static
/home/ck/Desktop/Workspace/STM32CubeIDE Workspace/STM32N6570_USBD_CDC_FACE_DETECT/Model/STM32N6570-DK/network.c:1481:13:_ec_blob_cache_start_func_47	16	static
/home/ck/Desktop/Workspace/STM32CubeIDE Workspace/STM32N6570_USBD_CDC_FACE_DETECT/Model/STM32N6570-DK/network.c:1497:13:LL_ATON_End_EpochBlock_49	40	static
/home/ck/Desktop/Workspace/STM32CubeIDE Workspace/STM32N6570_USBD_CDC_FACE_DETECT/Model/STM32N6570-DK/network.c:1564:13:_ec_blob_cache_start_func_50	16	static
/home/ck/Desktop/Workspace/STM32CubeIDE Workspace/STM32N6570_USBD_CDC_FACE_DETECT/Model/STM32N6570-DK/network.c:1580:13:LL_ATON_End_EpochBlock_51	40	static
/home/ck/Desktop/Workspace/STM32CubeIDE Workspace/STM32N6570_USBD_CDC_FACE_DETECT/Model/STM32N6570-DK/network.c:1647:13:_ec_blob_cache_start_func_52	16	static
/home/ck/Desktop/Workspace/STM32CubeIDE Workspace/STM32N6570_USBD_CDC_FACE_DETECT/Model/STM32N6570-DK/network.c:1663:13:LL_ATON_End_EpochBlock_54	40	static
/home/ck/Desktop/Workspace/STM32CubeIDE Workspace/STM32N6570_USBD_CDC_FACE_DETECT/Model/STM32N6570-DK/network.c:1730:13:_ec_blob_cache_start_func_55	16	static
/home/ck/Desktop/Workspace/STM32CubeIDE Workspace/STM32N6570_USBD_CDC_FACE_DETECT/Model/STM32N6570-DK/network.c:1746:13:LL_ATON_End_EpochBlock_56	40	static
/home/ck/Desktop/Workspace/STM32CubeIDE Workspace/STM32N6570_USBD_CDC_FACE_DETECT/Model/STM32N6570-DK/network.c:1813:13:_ec_blob_cache_start_func_57	16	static
/home/ck/Desktop/Workspace/STM32CubeIDE Workspace/STM32N6570_USBD_CDC_FACE_DETECT/Model/STM32N6570-DK/network.c:1829:13:LL_ATON_End_EpochBlock_60	40	static
/home/ck/Desktop/Workspace/STM32CubeIDE Workspace/STM32N6570_USBD_CDC_FACE_DETECT/Model/STM32N6570-DK/network.c:1896:13:_ec_blob_cache_start_func_61	16	static
/home/ck/Desktop/Workspace/STM32CubeIDE Workspace/STM32N6570_USBD_CDC_FACE_DETECT/Model/STM32N6570-DK/network.c:1918:13:LL_ATON_End_EpochBlock_64	40	static
/home/ck/Desktop/Workspace/STM32CubeIDE Workspace/STM32N6570_USBD_CDC_FACE_DETECT/Model/STM32N6570-DK/network.c:1985:13:_ec_blob_cache_start_func_65	16	static
/home/ck/Desktop/Workspace/STM32CubeIDE Workspace/STM32N6570_USBD_CDC_FACE_DETECT/Model/STM32N6570-DK/network.c:2006:36:LL_ATON_EpochBlockItems_network	4	static
/home/ck/Desktop/Workspace/STM32CubeIDE Workspace/STM32N6570_USBD_CDC_FACE_DETECT/Model/STM32N6570-DK/network.c:2625:30:LL_ATON_Input_Buffers_Info_network	4	static
/home/ck/Desktop/Workspace/STM32CubeIDE Workspace/STM32N6570_USBD_CDC_FACE_DETECT/Model/STM32N6570-DK/network.c:3956:30:LL_ATON_Output_Buffers_Info_network	4	static
/home/ck/Desktop/Workspace/STM32CubeIDE Workspace/STM32N6570_USBD_CDC_FACE_DETECT/Model/STM32N6570-DK/network.c:4079:30:LL_ATON_Internal_Buffers_Info_network	4	static
