/home/ck/Desktop/Workspace/STM32CubeIDE Workspace/STM32N6570-ThreadX-USB-CDC-AI-Face-Detection/FSBL/../Drivers/CMSIS/Include/core_cm55.h:3918:22:__NVIC_EnableIRQ	16	static,ignoring_inline_asm
/home/ck/Desktop/Workspace/STM32CubeIDE Workspace/STM32N6570-ThreadX-USB-CDC-AI-Face-Detection/FSBL/../Drivers/CMSIS/Include/core_cm55.h:4115:22:__NVIC_SetPriority	16	static
/home/ck/Desktop/Workspace/STM32CubeIDE Workspace/STM32N6570-ThreadX-USB-CDC-AI-Face-Detection/FSBL/../Drivers/STM32N6xx_HAL_Driver/Inc/stm32n6xx_ll_bus.h:879:22:LL_AHB1_GRP1_EnableClock	24	static
/home/ck/Desktop/Workspace/STM32CubeIDE Workspace/STM32N6570-ThreadX-USB-CDC-AI-Face-Detection/FSBL/../Drivers/STM32N6xx_HAL_Driver/Inc/stm32n6xx_ll_bus.h:1407:22:LL_AHB4_GRP1_EnableClock	24	static
/home/ck/Desktop/Workspace/STM32CubeIDE Workspace/STM32N6570-ThreadX-USB-CDC-AI-Face-Detection/FSBL/../Drivers/STM32N6xx_HAL_Driver/Inc/stm32n6xx_ll_adc.h:6398:26:LL_ADC_REG_ReadConversionData12	16	static
/home/ck/Desktop/Workspace/STM32CubeIDE Workspace/STM32N6570-ThreadX-USB-CDC-AI-Face-Detection/FSBL/../Drivers/STM32N6xx_HAL_Driver/Inc/stm32n6xx_ll_gpio.h:311:22:LL_GPIO_SetPinMode	48	static,ignoring_inline_asm
/home/ck/Desktop/Workspace/STM32CubeIDE Workspace/STM32N6570-ThreadX-USB-CDC-AI-Face-Detection/FSBL/../Drivers/STM32N6xx_HAL_Driver/Inc/stm32n6xx_ll_gpio.h:381:22:LL_GPIO_SetPinOutputType	24	static
/home/ck/Desktop/Workspace/STM32CubeIDE Workspace/STM32N6570-ThreadX-USB-CDC-AI-Face-Detection/FSBL/../Drivers/STM32N6xx_HAL_Driver/Inc/stm32n6xx_ll_gpio.h:452:22:LL_GPIO_SetPinSpeed	48	static,ignoring_inline_asm
/home/ck/Desktop/Workspace/STM32CubeIDE Workspace/STM32N6570-ThreadX-USB-CDC-AI-Face-Detection/FSBL/../Drivers/STM32N6xx_HAL_Driver/Inc/stm32n6xx_ll_gpio.h:523:22:LL_GPIO_SetPinPull	48	static,ignoring_inline_asm
/home/ck/Desktop/Workspace/STM32CubeIDE Workspace/STM32N6570-ThreadX-USB-CDC-AI-Face-Detection/FSBL/../Drivers/STM32N6xx_HAL_Driver/Inc/stm32n6xx_ll_gpio.h:1241:22:LL_GPIO_SetOutputPin	16	static
/home/ck/Desktop/Workspace/STM32CubeIDE Workspace/STM32N6570-ThreadX-USB-CDC-AI-Face-Detection/FSBL/../Drivers/STM32N6xx_HAL_Driver/Inc/stm32n6xx_ll_gpio.h:1270:22:LL_GPIO_ResetOutputPin	16	static
/home/ck/Desktop/Workspace/STM32CubeIDE Workspace/STM32N6570-ThreadX-USB-CDC-AI-Face-Detection/FSBL/../Drivers/STM32N6xx_HAL_Driver/Inc/stm32n6xx_ll_exti.h:337:22:LL_EXTI_EnableIT_0_31	16	static
/home/ck/Desktop/Workspace/STM32CubeIDE Workspace/STM32N6570-ThreadX-USB-CDC-AI-Face-Detection/FSBL/../Drivers/STM32N6xx_HAL_Driver/Inc/stm32n6xx_ll_exti.h:810:22:LL_EXTI_DisableEvent_0_31	16	static
/home/ck/Desktop/Workspace/STM32CubeIDE Workspace/STM32N6570-ThreadX-USB-CDC-AI-Face-Detection/FSBL/../Drivers/STM32N6xx_HAL_Driver/Inc/stm32n6xx_ll_exti.h:1116:22:LL_EXTI_DisableRisingTrig_0_31	16	static
/home/ck/Desktop/Workspace/STM32CubeIDE Workspace/STM32N6570-ThreadX-USB-CDC-AI-Face-Detection/FSBL/../Drivers/STM32N6xx_HAL_Driver/Inc/stm32n6xx_ll_exti.h:1276:22:LL_EXTI_EnableFallingTrig_0_31	16	static
/home/ck/Desktop/Workspace/STM32CubeIDE Workspace/STM32N6570-ThreadX-USB-CDC-AI-Face-Detection/FSBL/../Drivers/STM32N6xx_HAL_Driver/Inc/stm32n6xx_ll_exti.h:2064:22:LL_EXTI_SetEXTISource	16	static
/home/ck/Desktop/Workspace/STM32CubeIDE Workspace/STM32N6570-ThreadX-USB-CDC-AI-Face-Detection/Drivers/BSP/STM32N6570-DK/stm32n6570_discovery_usbpd_pwr.c:183:9:BSP_USBPD_PWR_Init	24	static
/home/ck/Desktop/Workspace/STM32CubeIDE Workspace/STM32N6570-ThreadX-USB-CDC-AI-Face-Detection/Drivers/BSP/STM32N6570-DK/stm32n6570_discovery_usbpd_pwr.c:252:9:BSP_USBPD_PWR_Deinit	24	static
/home/ck/Desktop/Workspace/STM32CubeIDE Workspace/STM32N6570-ThreadX-USB-CDC-AI-Face-Detection/Drivers/BSP/STM32N6570-DK/stm32n6570_discovery_usbpd_pwr.c:299:9:BSP_USBPD_PWR_SetRole	32	static
/home/ck/Desktop/Workspace/STM32CubeIDE Workspace/STM32N6570-ThreadX-USB-CDC-AI-Face-Detection/Drivers/BSP/STM32N6570-DK/stm32n6570_discovery_usbpd_pwr.c:363:9:BSP_USBPD_PWR_SetPowerMode	32	static
/home/ck/Desktop/Workspace/STM32CubeIDE Workspace/STM32N6570-ThreadX-USB-CDC-AI-Face-Detection/Drivers/BSP/STM32N6570-DK/stm32n6570_discovery_usbpd_pwr.c:481:9:BSP_USBPD_PWR_GetPowerMode	24	static
/home/ck/Desktop/Workspace/STM32CubeIDE Workspace/STM32N6570-ThreadX-USB-CDC-AI-Face-Detection/Drivers/BSP/STM32N6570-DK/stm32n6570_discovery_usbpd_pwr.c:509:9:BSP_USBPD_PWR_VBUSInit	24	static
/home/ck/Desktop/Workspace/STM32CubeIDE Workspace/STM32N6570-ThreadX-USB-CDC-AI-Face-Detection/Drivers/BSP/STM32N6570-DK/stm32n6570_discovery_usbpd_pwr.c:556:9:BSP_USBPD_PWR_VBUSDeInit	32	static
/home/ck/Desktop/Workspace/STM32CubeIDE Workspace/STM32N6570-ThreadX-USB-CDC-AI-Face-Detection/Drivers/BSP/STM32N6570-DK/stm32n6570_discovery_usbpd_pwr.c:614:9:BSP_USBPD_PWR_VBUSOn	32	static
/home/ck/Desktop/Workspace/STM32CubeIDE Workspace/STM32N6570-ThreadX-USB-CDC-AI-Face-Detection/Drivers/BSP/STM32N6570-DK/stm32n6570_discovery_usbpd_pwr.c:675:9:BSP_USBPD_PWR_VBUSOff	40	static
/home/ck/Desktop/Workspace/STM32CubeIDE Workspace/STM32N6570-ThreadX-USB-CDC-AI-Face-Detection/Drivers/BSP/STM32N6570-DK/stm32n6570_discovery_usbpd_pwr.c:749:9:BSP_USBPD_PWR_VBUSIsOn	32	static
/home/ck/Desktop/Workspace/STM32CubeIDE Workspace/STM32N6570-ThreadX-USB-CDC-AI-Face-Detection/Drivers/BSP/STM32N6570-DK/stm32n6570_discovery_usbpd_pwr.c:791:9:BSP_USBPD_PWR_VBUSSetVoltage_Fixed	32	static
/home/ck/Desktop/Workspace/STM32CubeIDE Workspace/STM32N6570-ThreadX-USB-CDC-AI-Face-Detection/Drivers/BSP/STM32N6570-DK/stm32n6570_discovery_usbpd_pwr.c:820:9:BSP_USBPD_PWR_VBUSSetVoltage_Variable	32	static
/home/ck/Desktop/Workspace/STM32CubeIDE Workspace/STM32N6570-ThreadX-USB-CDC-AI-Face-Detection/Drivers/BSP/STM32N6570-DK/stm32n6570_discovery_usbpd_pwr.c:855:9:BSP_USBPD_PWR_VBUSSetVoltage_Battery	32	static
/home/ck/Desktop/Workspace/STM32CubeIDE Workspace/STM32N6570-ThreadX-USB-CDC-AI-Face-Detection/Drivers/BSP/STM32N6570-DK/stm32n6570_discovery_usbpd_pwr.c:893:9:BSP_USBPD_PWR_VBUSSetVoltage_APDO	32	static
/home/ck/Desktop/Workspace/STM32CubeIDE Workspace/STM32N6570-ThreadX-USB-CDC-AI-Face-Detection/Drivers/BSP/STM32N6570-DK/stm32n6570_discovery_usbpd_pwr.c:925:9:BSP_USBPD_PWR_SetVBUSDisconnectionThreshold	24	static
/home/ck/Desktop/Workspace/STM32CubeIDE Workspace/STM32N6570-ThreadX-USB-CDC-AI-Face-Detection/Drivers/BSP/STM32N6570-DK/stm32n6570_discovery_usbpd_pwr.c:955:9:BSP_USBPD_PWR_RegisterVBUSDetectCallback	24	static
/home/ck/Desktop/Workspace/STM32CubeIDE Workspace/STM32N6570-ThreadX-USB-CDC-AI-Face-Detection/Drivers/BSP/STM32N6570-DK/stm32n6570_discovery_usbpd_pwr.c:981:9:BSP_USBPD_PWR_VBUSGetVoltage	24	static
/home/ck/Desktop/Workspace/STM32CubeIDE Workspace/STM32N6570-ThreadX-USB-CDC-AI-Face-Detection/Drivers/BSP/STM32N6570-DK/stm32n6570_discovery_usbpd_pwr.c:1010:9:BSP_USBPD_PWR_VBUSGetCurrent	32	static
/home/ck/Desktop/Workspace/STM32CubeIDE Workspace/STM32N6570-ThreadX-USB-CDC-AI-Face-Detection/Drivers/BSP/STM32N6570-DK/stm32n6570_discovery_usbpd_pwr.c:1039:9:BSP_USBPD_PWR_VBUSDischargeOn	32	static
/home/ck/Desktop/Workspace/STM32CubeIDE Workspace/STM32N6570-ThreadX-USB-CDC-AI-Face-Detection/Drivers/BSP/STM32N6570-DK/stm32n6570_discovery_usbpd_pwr.c:1076:9:BSP_USBPD_PWR_VBUSDischargeOff	32	static
/home/ck/Desktop/Workspace/STM32CubeIDE Workspace/STM32N6570-ThreadX-USB-CDC-AI-Face-Detection/Drivers/BSP/STM32N6570-DK/stm32n6570_discovery_usbpd_pwr.c:1109:9:BSP_USBPD_PWR_VCONNInit	32	static
/home/ck/Desktop/Workspace/STM32CubeIDE Workspace/STM32N6570-ThreadX-USB-CDC-AI-Face-Detection/Drivers/BSP/STM32N6570-DK/stm32n6570_discovery_usbpd_pwr.c:1155:9:BSP_USBPD_PWR_VCONNDeInit	32	static
/home/ck/Desktop/Workspace/STM32CubeIDE Workspace/STM32N6570-ThreadX-USB-CDC-AI-Face-Detection/Drivers/BSP/STM32N6570-DK/stm32n6570_discovery_usbpd_pwr.c:1203:9:BSP_USBPD_PWR_VCONNOn	32	static
/home/ck/Desktop/Workspace/STM32CubeIDE Workspace/STM32N6570-ThreadX-USB-CDC-AI-Face-Detection/Drivers/BSP/STM32N6570-DK/stm32n6570_discovery_usbpd_pwr.c:1249:9:BSP_USBPD_PWR_VCONNOff	32	static
/home/ck/Desktop/Workspace/STM32CubeIDE Workspace/STM32N6570-ThreadX-USB-CDC-AI-Face-Detection/Drivers/BSP/STM32N6570-DK/stm32n6570_discovery_usbpd_pwr.c:1303:9:BSP_USBPD_PWR_VCONNIsOn	40	static
/home/ck/Desktop/Workspace/STM32CubeIDE Workspace/STM32N6570-ThreadX-USB-CDC-AI-Face-Detection/Drivers/BSP/STM32N6570-DK/stm32n6570_discovery_usbpd_pwr.c:1346:9:BSP_USBPD_PWR_VCONNDischargeOn	32	static
/home/ck/Desktop/Workspace/STM32CubeIDE Workspace/STM32N6570-ThreadX-USB-CDC-AI-Face-Detection/Drivers/BSP/STM32N6570-DK/stm32n6570_discovery_usbpd_pwr.c:1383:9:BSP_USBPD_PWR_VCONNDischargeOff	32	static
/home/ck/Desktop/Workspace/STM32CubeIDE Workspace/STM32N6570-ThreadX-USB-CDC-AI-Face-Detection/Drivers/BSP/STM32N6570-DK/stm32n6570_discovery_usbpd_pwr.c:1412:6:BSP_USBPD_PWR_EventCallback	16	static
/home/ck/Desktop/Workspace/STM32CubeIDE Workspace/STM32N6570-ThreadX-USB-CDC-AI-Face-Detection/Drivers/BSP/STM32N6570-DK/stm32n6570_discovery_usbpd_pwr.c:1448:13:PWR_TCPP0203_GPIOConfigInit	16	static
/home/ck/Desktop/Workspace/STM32CubeIDE Workspace/STM32N6570-ThreadX-USB-CDC-AI-Face-Detection/Drivers/BSP/STM32N6570-DK/stm32n6570_discovery_usbpd_pwr.c:1479:13:PWR_TCPP0203_Configure_ADC	440	static
/home/ck/Desktop/Workspace/STM32CubeIDE Workspace/STM32N6570-ThreadX-USB-CDC-AI-Face-Detection/Drivers/BSP/STM32N6570-DK/stm32n6570_discovery_usbpd_pwr.c:1543:13:PWR_TCPP0203_ITConfigInit	16	static
/home/ck/Desktop/Workspace/STM32CubeIDE Workspace/STM32N6570-ThreadX-USB-CDC-AI-Face-Detection/Drivers/BSP/STM32N6570-DK/stm32n6570_discovery_usbpd_pwr.c:1574:16:PWR_TCPP0203_BUSConfigInit	56	static
/home/ck/Desktop/Workspace/STM32CubeIDE Workspace/STM32N6570-ThreadX-USB-CDC-AI-Face-Detection/Drivers/BSP/STM32N6570-DK/stm32n6570_discovery_usbpd_pwr.c:1653:16:PWR_TCPP0203_ConfigDeInit	16	static
/home/ck/Desktop/Workspace/STM32CubeIDE Workspace/STM32N6570-ThreadX-USB-CDC-AI-Face-Detection/Drivers/BSP/STM32N6570-DK/stm32n6570_discovery_usbpd_pwr.c:1664:13:PWR_TCPP0203_EventCallback	32	static
/home/ck/Desktop/Workspace/STM32CubeIDE Workspace/STM32N6570-ThreadX-USB-CDC-AI-Face-Detection/Drivers/BSP/STM32N6570-DK/stm32n6570_discovery_usbpd_pwr.c:1811:17:PWR_TCPP0203_ConvertADCDataToVoltage	32	static
/home/ck/Desktop/Workspace/STM32CubeIDE Workspace/STM32N6570-ThreadX-USB-CDC-AI-Face-Detection/Drivers/BSP/STM32N6570-DK/stm32n6570_discovery_usbpd_pwr.c:1836:16:PWR_TCPP0203_ConvertADCDataToCurrent	32	static
