/home/ck/Desktop/Workspace/STM32CubeIDE Workspace/STM32N6570-ThreadX-USB-CDC-AI-Face-Detection/Middlewares/ST/screenl/Src/scrl_lcd.c:29:26:SCRL_ConfigLayer_Layer_default	80	static
/home/ck/Desktop/Workspace/STM32CubeIDE Workspace/STM32N6570-ThreadX-USB-CDC-AI-Face-Detection/Middlewares/ST/screenl/Src/scrl_lcd.c:51:26:SCRL_ConfigLayer_Layer_rgb888	112	static
/home/ck/Desktop/Workspace/STM32CubeIDE Workspace/STM32N6570-ThreadX-USB-CDC-AI-Face-Detection/Middlewares/ST/screenl/Src/scrl_lcd.c:84:26:SCRL_ConfigLayer_Layer_argb888	112	static
/home/ck/Desktop/Workspace/STM32CubeIDE Workspace/STM32N6570-ThreadX-USB-CDC-AI-Face-Detection/Middlewares/ST/screenl/Src/scrl_lcd.c:117:17:pixel_format_from_scrl_format	24	static
/home/ck/Desktop/Workspace/STM32CubeIDE Workspace/STM32N6570-ThreadX-USB-CDC-AI-Face-Detection/Middlewares/ST/screenl/Src/scrl_lcd.c:144:13:fill_lcd_layer_config_from_scrl_layer_config	16	static
/home/ck/Desktop/Workspace/STM32CubeIDE Workspace/STM32N6570-ThreadX-USB-CDC-AI-Face-Detection/Middlewares/ST/screenl/Src/scrl_lcd.c:154:12:SCRL_validate_parameters	24	static
/home/ck/Desktop/Workspace/STM32CubeIDE Workspace/STM32N6570-ThreadX-USB-CDC-AI-Face-Detection/Middlewares/ST/screenl/Src/scrl_lcd.c:176:16:LTDC_FillRGBRectRgb888	40	static
/home/ck/Desktop/Workspace/STM32CubeIDE Workspace/STM32N6570-ThreadX-USB-CDC-AI-Face-Detection/Middlewares/ST/screenl/Src/scrl_lcd.c:198:16:LTDC_FillRGBRectArgb8888	40	static
/home/ck/Desktop/Workspace/STM32CubeIDE Workspace/STM32N6570-ThreadX-USB-CDC-AI-Face-Detection/Middlewares/ST/screenl/Src/scrl_lcd.c:221:16:LTDC_FillRectRgb888	48	static
/home/ck/Desktop/Workspace/STM32CubeIDE Workspace/STM32N6570-ThreadX-USB-CDC-AI-Face-Detection/Middlewares/ST/screenl/Src/scrl_lcd.c:248:16:LTDC_FillRectArgb8888	48	static
/home/ck/Desktop/Workspace/STM32CubeIDE Workspace/STM32N6570-ThreadX-USB-CDC-AI-Face-Detection/Middlewares/ST/screenl/Src/scrl_lcd.c:276:16:LTDC_DrawHLineRgb888	32	static
/home/ck/Desktop/Workspace/STM32CubeIDE Workspace/STM32N6570-ThreadX-USB-CDC-AI-Face-Detection/Middlewares/ST/screenl/Src/scrl_lcd.c:281:16:LTDC_DrawHLineArgb8888	32	static
/home/ck/Desktop/Workspace/STM32CubeIDE Workspace/STM32N6570-ThreadX-USB-CDC-AI-Face-Detection/Middlewares/ST/screenl/Src/scrl_lcd.c:286:16:LTDC_DrawVLineRgb888	32	static
/home/ck/Desktop/Workspace/STM32CubeIDE Workspace/STM32N6570-ThreadX-USB-CDC-AI-Face-Detection/Middlewares/ST/screenl/Src/scrl_lcd.c:291:16:LTDC_DrawVLineArgb8888	32	static
/home/ck/Desktop/Workspace/STM32CubeIDE Workspace/STM32N6570-ThreadX-USB-CDC-AI-Face-Detection/Middlewares/ST/screenl/Src/scrl_lcd.c:296:16:LTDC_SetPixelRgb888	32	static
/home/ck/Desktop/Workspace/STM32CubeIDE Workspace/STM32N6570-ThreadX-USB-CDC-AI-Face-Detection/Middlewares/ST/screenl/Src/scrl_lcd.c:301:16:LTDC_SetPixelArgb8888	32	static
/home/ck/Desktop/Workspace/STM32CubeIDE Workspace/STM32N6570-ThreadX-USB-CDC-AI-Face-Detection/Middlewares/ST/screenl/Src/scrl_lcd.c:306:16:LTDC_DrawBitmap	24	static
/home/ck/Desktop/Workspace/STM32CubeIDE Workspace/STM32N6570-ThreadX-USB-CDC-AI-Face-Detection/Middlewares/ST/screenl/Src/scrl_lcd.c:311:16:LTDC_FillRGBRect	32	static
/home/ck/Desktop/Workspace/STM32CubeIDE Workspace/STM32N6570-ThreadX-USB-CDC-AI-Face-Detection/Middlewares/ST/screenl/Src/scrl_lcd.c:322:16:LTDC_DrawHLine	32	static
/home/ck/Desktop/Workspace/STM32CubeIDE Workspace/STM32N6570-ThreadX-USB-CDC-AI-Face-Detection/Middlewares/ST/screenl/Src/scrl_lcd.c:332:16:LTDC_DrawVLine	32	static
/home/ck/Desktop/Workspace/STM32CubeIDE Workspace/STM32N6570-ThreadX-USB-CDC-AI-Face-Detection/Middlewares/ST/screenl/Src/scrl_lcd.c:342:16:LTDC_FillRect	32	static
/home/ck/Desktop/Workspace/STM32CubeIDE Workspace/STM32N6570-ThreadX-USB-CDC-AI-Face-Detection/Middlewares/ST/screenl/Src/scrl_lcd.c:353:16:LTDC_GetPixel	24	static
/home/ck/Desktop/Workspace/STM32CubeIDE Workspace/STM32N6570-ThreadX-USB-CDC-AI-Face-Detection/Middlewares/ST/screenl/Src/scrl_lcd.c:358:16:LTDC_SetPixel	24	static
/home/ck/Desktop/Workspace/STM32CubeIDE Workspace/STM32N6570-ThreadX-USB-CDC-AI-Face-Detection/Middlewares/ST/screenl/Src/scrl_lcd.c:368:16:LTDC_GetXSize	16	static
/home/ck/Desktop/Workspace/STM32CubeIDE Workspace/STM32N6570-ThreadX-USB-CDC-AI-Face-Detection/Middlewares/ST/screenl/Src/scrl_lcd.c:373:16:LTDC_GetYSize	16	static
/home/ck/Desktop/Workspace/STM32CubeIDE Workspace/STM32N6570-ThreadX-USB-CDC-AI-Face-Detection/Middlewares/ST/screenl/Src/scrl_lcd.c:378:16:LTDC_SetLayer	24	static
/home/ck/Desktop/Workspace/STM32CubeIDE Workspace/STM32N6570-ThreadX-USB-CDC-AI-Face-Detection/Middlewares/ST/screenl/Src/scrl_lcd.c:394:16:LTDC_GetFormat	16	static
/home/ck/Desktop/Workspace/STM32CubeIDE Workspace/STM32N6570-ThreadX-USB-CDC-AI-Face-Detection/Middlewares/ST/screenl/Src/scrl_lcd.c:413:5:SCRL_Init	48	static
/home/ck/Desktop/Workspace/STM32CubeIDE Workspace/STM32N6570-ThreadX-USB-CDC-AI-Face-Detection/Middlewares/ST/screenl/Src/scrl_lcd.c:441:5:SCRL_SetAddress_NoReload	16	static
/home/ck/Desktop/Workspace/STM32CubeIDE Workspace/STM32N6570-ThreadX-USB-CDC-AI-Face-Detection/Middlewares/ST/screenl/Src/scrl_lcd.c:446:5:SCRL_ReloadLayer	16	static
/home/ck/Desktop/Workspace/STM32CubeIDE Workspace/STM32N6570-ThreadX-USB-CDC-AI-Face-Detection/Middlewares/ST/screenl/Src/scrl_lcd.c:451:5:SRCL_Update	4	static
/home/ck/Desktop/Workspace/STM32CubeIDE Workspace/STM32N6570-ThreadX-USB-CDC-AI-Face-Detection/Middlewares/ST/screenl/Src/scrl_lcd.c:457:19:MX_LTDC_ConfigLayer	24	static
