/home/ck/Desktop/Workspace/STM32CubeIDE Workspace/STM32N6570_USBD_CDC_FACE_DETECT/FSBL/../Drivers/STM32N6xx_HAL_Driver/Inc/stm32n6xx_ll_bus.h:1755:22:LL_AHB5_GRP1_EnableClock	24	static
/home/ck/Desktop/Workspace/STM32CubeIDE Workspace/STM32N6570_USBD_CDC_FACE_DETECT/FSBL/../Drivers/STM32N6xx_HAL_Driver/Inc/stm32n6xx_ll_bus.h:1945:22:LL_AHB5_GRP1_ForceReset	16	static
/home/ck/Desktop/Workspace/STM32CubeIDE Workspace/STM32N6570_USBD_CDC_FACE_DETECT/FSBL/../Drivers/STM32N6xx_HAL_Driver/Inc/stm32n6xx_ll_bus.h:1999:22:LL_AHB5_GRP1_ReleaseReset	16	static
/home/ck/Desktop/Workspace/STM32CubeIDE Workspace/STM32N6570_USBD_CDC_FACE_DETECT/FSBL/../Drivers/STM32N6xx_HAL_Driver/Inc/stm32n6xx_ll_bus.h:2065:22:LL_AHB5_GRP1_EnableClockLowPower	24	static
/home/ck/Desktop/Workspace/STM32CubeIDE Workspace/STM32N6570_USBD_CDC_FACE_DETECT/Middlewares/ST/screenl/Src/scrl_common.c:28:17:cvt_lcd_pixel_format	16	static
/home/ck/Desktop/Workspace/STM32CubeIDE Workspace/STM32N6570_USBD_CDC_FACE_DETECT/Middlewares/ST/screenl/Src/scrl_common.c:46:16:SPI_FillRGBRectBpp2	48	static
/home/ck/Desktop/Workspace/STM32CubeIDE Workspace/STM32N6570_USBD_CDC_FACE_DETECT/Middlewares/ST/screenl/Src/scrl_common.c:70:16:SPI_DrawHLineBpp2	40	static
/home/ck/Desktop/Workspace/STM32CubeIDE Workspace/STM32N6570_USBD_CDC_FACE_DETECT/Middlewares/ST/screenl/Src/scrl_common.c:88:16:SPI_DrawVLineBpp2	40	static
/home/ck/Desktop/Workspace/STM32CubeIDE Workspace/STM32N6570_USBD_CDC_FACE_DETECT/Middlewares/ST/screenl/Src/scrl_common.c:108:16:SPI_FillRectBpp2	48	static
/home/ck/Desktop/Workspace/STM32CubeIDE Workspace/STM32N6570_USBD_CDC_FACE_DETECT/Middlewares/ST/screenl/Src/scrl_common.c:131:16:SPI_SetPixelBpp2	40	static
/home/ck/Desktop/Workspace/STM32CubeIDE Workspace/STM32N6570_USBD_CDC_FACE_DETECT/Middlewares/ST/screenl/Src/scrl_common.c:155:16:SPI_FillRGBRectBpp3	48	static
/home/ck/Desktop/Workspace/STM32CubeIDE Workspace/STM32N6570_USBD_CDC_FACE_DETECT/Middlewares/ST/screenl/Src/scrl_common.c:180:16:SPI_FillRectBpp3	48	static
/home/ck/Desktop/Workspace/STM32CubeIDE Workspace/STM32N6570_USBD_CDC_FACE_DETECT/Middlewares/ST/screenl/Src/scrl_common.c:210:16:SPI_DrawHLineBpp3	32	static
/home/ck/Desktop/Workspace/STM32CubeIDE Workspace/STM32N6570_USBD_CDC_FACE_DETECT/Middlewares/ST/screenl/Src/scrl_common.c:215:16:SPI_DrawVLineBpp3	32	static
/home/ck/Desktop/Workspace/STM32CubeIDE Workspace/STM32N6570_USBD_CDC_FACE_DETECT/Middlewares/ST/screenl/Src/scrl_common.c:220:16:SPI_SetPixelBpp3	32	static
/home/ck/Desktop/Workspace/STM32CubeIDE Workspace/STM32N6570_USBD_CDC_FACE_DETECT/Middlewares/ST/screenl/Src/scrl_common.c:233:16:CMN_DrawBitmap	24	static
/home/ck/Desktop/Workspace/STM32CubeIDE Workspace/STM32N6570_USBD_CDC_FACE_DETECT/Middlewares/ST/screenl/Src/scrl_common.c:240:16:CMN_FillRGBRect	48	static
/home/ck/Desktop/Workspace/STM32CubeIDE Workspace/STM32N6570_USBD_CDC_FACE_DETECT/Middlewares/ST/screenl/Src/scrl_common.c:249:16:CMN_DrawHLine	48	static
/home/ck/Desktop/Workspace/STM32CubeIDE Workspace/STM32N6570_USBD_CDC_FACE_DETECT/Middlewares/ST/screenl/Src/scrl_common.c:257:16:CMN_DrawVLine	48	static
/home/ck/Desktop/Workspace/STM32CubeIDE Workspace/STM32N6570_USBD_CDC_FACE_DETECT/Middlewares/ST/screenl/Src/scrl_common.c:265:16:CMN_FillRect	48	static
/home/ck/Desktop/Workspace/STM32CubeIDE Workspace/STM32N6570_USBD_CDC_FACE_DETECT/Middlewares/ST/screenl/Src/scrl_common.c:274:16:CMN_GetPixel	24	static
/home/ck/Desktop/Workspace/STM32CubeIDE Workspace/STM32N6570_USBD_CDC_FACE_DETECT/Middlewares/ST/screenl/Src/scrl_common.c:281:16:CMN_SetPixel	40	static
/home/ck/Desktop/Workspace/STM32CubeIDE Workspace/STM32N6570_USBD_CDC_FACE_DETECT/Middlewares/ST/screenl/Src/scrl_common.c:289:16:CMN_GetXSize	24	static
/home/ck/Desktop/Workspace/STM32CubeIDE Workspace/STM32N6570_USBD_CDC_FACE_DETECT/Middlewares/ST/screenl/Src/scrl_common.c:298:16:CMN_GetYSize	24	static
/home/ck/Desktop/Workspace/STM32CubeIDE Workspace/STM32N6570_USBD_CDC_FACE_DETECT/Middlewares/ST/screenl/Src/scrl_common.c:307:16:CMN_SetLayer	24	static
/home/ck/Desktop/Workspace/STM32CubeIDE Workspace/STM32N6570_USBD_CDC_FACE_DETECT/Middlewares/ST/screenl/Src/scrl_common.c:318:16:CMN_GetFormat	24	static
/home/ck/Desktop/Workspace/STM32CubeIDE Workspace/STM32N6570_USBD_CDC_FACE_DETECT/Middlewares/ST/screenl/Src/scrl_common.c:341:12:get_bpp	16	static
/home/ck/Desktop/Workspace/STM32CubeIDE Workspace/STM32N6570_USBD_CDC_FACE_DETECT/Middlewares/ST/screenl/Src/scrl_common.c:361:17:cvt_dma2d_pixel_format_output	16	static
/home/ck/Desktop/Workspace/STM32CubeIDE Workspace/STM32N6570_USBD_CDC_FACE_DETECT/Middlewares/ST/screenl/Src/scrl_common.c:376:17:cvt_dma2d_pixel_format_input	16	static
/home/ck/Desktop/Workspace/STM32CubeIDE Workspace/STM32N6570_USBD_CDC_FACE_DETECT/Middlewares/ST/screenl/Src/scrl_common.c:394:17:cvt_dma2d_pixel_format	16	static
/home/ck/Desktop/Workspace/STM32CubeIDE Workspace/STM32N6570_USBD_CDC_FACE_DETECT/Middlewares/ST/screenl/Src/scrl_common.c:400:12:get_layer_buffer_size	24	static
/home/ck/Desktop/Workspace/STM32CubeIDE Workspace/STM32N6570_USBD_CDC_FACE_DETECT/Middlewares/ST/screenl/Src/scrl_common.c:405:12:get_screen_buffer_size	24	static
/home/ck/Desktop/Workspace/STM32CubeIDE Workspace/STM32N6570_USBD_CDC_FACE_DETECT/Middlewares/ST/screenl/Src/scrl_common.c:410:13:SCRC_dma2d_cb	24	static
/home/ck/Desktop/Workspace/STM32CubeIDE Workspace/STM32N6570_USBD_CDC_FACE_DETECT/Middlewares/ST/screenl/Src/scrl_common.c:423:13:SCRC_dma2d_error_cb	16	static
/home/ck/Desktop/Workspace/STM32CubeIDE Workspace/STM32N6570_USBD_CDC_FACE_DETECT/Middlewares/ST/screenl/Src/scrl_common.c:428:5:SCRC_Init	40	static
/home/ck/Desktop/Workspace/STM32CubeIDE Workspace/STM32N6570_USBD_CDC_FACE_DETECT/Middlewares/ST/screenl/Src/scrl_common.c:458:6:SCRC_Composition_Start	104	static,ignoring_inline_asm
/home/ck/Desktop/Workspace/STM32CubeIDE Workspace/STM32N6570_USBD_CDC_FACE_DETECT/Middlewares/ST/screenl/Src/scrl_common.c:518:6:DMA2D_IRQHandler	8	static
