/home/ck/Desktop/Workspace/STM32CubeIDE Workspace/STM32N6570-ThreadX-USB-CDC-AI-Face-Detection/Middlewares/ST/stm32-vision-models-postprocessing/lib_vision_models_pp/Src/fd_pp_yunet.c:24:16:fd_nms_comparator	96	static
/home/ck/Desktop/Workspace/STM32CubeIDE Workspace/STM32N6570-ThreadX-USB-CDC-AI-Face-Detection/Middlewares/ST/stm32-vision-models-postprocessing/lib_vision_models_pp/Src/fd_pp_yunet.c:58:16:fd_pp_nmsFiltering_centroid	48	static
/home/ck/Desktop/Workspace/STM32CubeIDE Workspace/STM32N6570-ThreadX-USB-CDC-AI-Face-Detection/Middlewares/ST/stm32-vision-models-postprocessing/lib_vision_models_pp/Src/fd_pp_yunet.c:113:16:fd_pp_scoreFiltering_centroid	32	static
/home/ck/Desktop/Workspace/STM32CubeIDE Workspace/STM32N6570-ThreadX-USB-CDC-AI-Face-Detection/Middlewares/ST/stm32-vision-models-postprocessing/lib_vision_models_pp/Src/fd_pp_yunet.c:142:16:fd_pp_level_decode_and_store_is8	80	static
/home/ck/Desktop/Workspace/STM32CubeIDE Workspace/STM32N6570-ThreadX-USB-CDC-AI-Face-Detection/Middlewares/ST/stm32-vision-models-postprocessing/lib_vision_models_pp/Src/fd_pp_yunet.c:214:16:fd_pp_level_decode_and_store	56	static
/home/ck/Desktop/Workspace/STM32CubeIDE Workspace/STM32N6570-ThreadX-USB-CDC-AI-Face-Detection/Middlewares/ST/stm32-vision-models-postprocessing/lib_vision_models_pp/Src/fd_pp_yunet.c:271:16:fd_pp_getNNBoxes_centroid_is8	120	static
/home/ck/Desktop/Workspace/STM32CubeIDE Workspace/STM32N6570-ThreadX-USB-CDC-AI-Face-Detection/Middlewares/ST/stm32-vision-models-postprocessing/lib_vision_models_pp/Src/fd_pp_yunet.c:354:16:fd_pp_getNNBoxes_centroid	72	static
/home/ck/Desktop/Workspace/STM32CubeIDE Workspace/STM32N6570-ThreadX-USB-CDC-AI-Face-Detection/Middlewares/ST/stm32-vision-models-postprocessing/lib_vision_models_pp/Src/fd_pp_yunet.c:411:9:fd_yunet_pp_reset	16	static
/home/ck/Desktop/Workspace/STM32CubeIDE Workspace/STM32N6570-ThreadX-USB-CDC-AI-Face-Detection/Middlewares/ST/stm32-vision-models-postprocessing/lib_vision_models_pp/Src/fd_pp_yunet.c:420:9:fd_yunet_pp_process_int8	32	static
/home/ck/Desktop/Workspace/STM32CubeIDE Workspace/STM32N6570-ThreadX-USB-CDC-AI-Face-Detection/Middlewares/ST/stm32-vision-models-postprocessing/lib_vision_models_pp/Src/fd_pp_yunet.c:459:9:fd_yunet_pp_process	32	static
