/home/ck/Desktop/Workspace/STM32CubeIDE Workspace/STM32N6570-ThreadX-USB-CDC-AI-Face-Detection/Middlewares/ST/stm32-vision-models-postprocessing/lib_vision_models_pp/Src/iseg_pp_yolov8.c:17:16:iseg_yolov8_nms_comparator_s8	48	static
/home/ck/Desktop/Workspace/STM32CubeIDE Workspace/STM32N6570-ThreadX-USB-CDC-AI-Face-Detection/Middlewares/ST/stm32-vision-models-postprocessing/lib_vision_models_pp/Src/iseg_pp_yolov8.c:44:9:iseg_yolov8_pp_nmsFiltering_centroid_is8os8	64	static
/home/ck/Desktop/Workspace/STM32CubeIDE Workspace/STM32N6570-ThreadX-USB-CDC-AI-Face-Detection/Middlewares/ST/stm32-vision-models-postprocessing/lib_vision_models_pp/Src/iseg_pp_yolov8.c:108:9:iseg_yolov8_pp_scoreFiltering_centroid_is8	224	static
/home/ck/Desktop/Workspace/STM32CubeIDE Workspace/STM32N6570-ThreadX-USB-CDC-AI-Face-Detection/Middlewares/ST/stm32-vision-models-postprocessing/lib_vision_models_pp/Src/iseg_pp_yolov8.c:214:9:iseg_yolov8_pp_getNNBoxes_centroid_is8os8	120	static
/home/ck/Desktop/Workspace/STM32CubeIDE Workspace/STM32N6570-ThreadX-USB-CDC-AI-Face-Detection/Middlewares/ST/stm32-vision-models-postprocessing/lib_vision_models_pp/Src/iseg_pp_yolov8.c:271:9:iseg_yolov8_pp_reset	16	static
/home/ck/Desktop/Workspace/STM32CubeIDE Workspace/STM32N6570-ThreadX-USB-CDC-AI-Face-Detection/Middlewares/ST/stm32-vision-models-postprocessing/lib_vision_models_pp/Src/iseg_pp_yolov8.c:279:9:iseg_yolov8_pp_process_int8	32	static
