/home/ck/Desktop/Workspace/STM32CubeIDE Workspace/STM32N6570_USBD_CDC_FACE_DETECT/Middlewares/ST/stm32-vision-models-postprocessing/lib_vision_models_pp/Src/od_pp_yolo_d.c:28:9:yolov_d_nms_comparator	88	static
/home/ck/Desktop/Workspace/STM32CubeIDE Workspace/STM32N6570_USBD_CDC_FACE_DETECT/Middlewares/ST/stm32-vision-models-postprocessing/lib_vision_models_pp/Src/od_pp_yolo_d.c:62:9:yolov_d_nms_comparator_is8	40	static
/home/ck/Desktop/Workspace/STM32CubeIDE Workspace/STM32N6570_USBD_CDC_FACE_DETECT/Middlewares/ST/stm32-vision-models-postprocessing/lib_vision_models_pp/Src/od_pp_yolo_d.c:97:9:yolov_d_pp_nmsFiltering_centroid	56	static
/home/ck/Desktop/Workspace/STM32CubeIDE Workspace/STM32N6570_USBD_CDC_FACE_DETECT/Middlewares/ST/stm32-vision-models-postprocessing/lib_vision_models_pp/Src/od_pp_yolo_d.c:158:9:yolov_d_pp_nmsFiltering_centroid_is8	56	static
/home/ck/Desktop/Workspace/STM32CubeIDE Workspace/STM32N6570_USBD_CDC_FACE_DETECT/Middlewares/ST/stm32-vision-models-postprocessing/lib_vision_models_pp/Src/od_pp_yolo_d.c:219:9:yolov_d_pp_scoreFiltering_centroid	24	static
/home/ck/Desktop/Workspace/STM32CubeIDE Workspace/STM32N6570_USBD_CDC_FACE_DETECT/Middlewares/ST/stm32-vision-models-postprocessing/lib_vision_models_pp/Src/od_pp_yolo_d.c:245:9:yolov_d_pp_scoreFiltering_centroid_is8	48	static
/home/ck/Desktop/Workspace/STM32CubeIDE Workspace/STM32N6570_USBD_CDC_FACE_DETECT/Middlewares/ST/stm32-vision-models-postprocessing/lib_vision_models_pp/Src/od_pp_yolo_d.c:275:18:_yolov_d_pp_getNNBoxes_centroid_stride	144	static
/home/ck/Desktop/Workspace/STM32CubeIDE Workspace/STM32N6570_USBD_CDC_FACE_DETECT/Middlewares/ST/stm32-vision-models-postprocessing/lib_vision_models_pp/Src/od_pp_yolo_d.c:352:9:yolov_d_pp_getNNBoxes_centroid	64	static
/home/ck/Desktop/Workspace/STM32CubeIDE Workspace/STM32N6570_USBD_CDC_FACE_DETECT/Middlewares/ST/stm32-vision-models-postprocessing/lib_vision_models_pp/Src/od_pp_yolo_d.c:378:16:_yolov_d_pp_getNNBoxes_centroid_int8_stride	152	static
/home/ck/Desktop/Workspace/STM32CubeIDE Workspace/STM32N6570_USBD_CDC_FACE_DETECT/Middlewares/ST/stm32-vision-models-postprocessing/lib_vision_models_pp/Src/od_pp_yolo_d.c:460:9:yolov_d_pp_getNNBoxes_centroid_int8	80	static
/home/ck/Desktop/Workspace/STM32CubeIDE Workspace/STM32N6570_USBD_CDC_FACE_DETECT/Middlewares/ST/stm32-vision-models-postprocessing/lib_vision_models_pp/Src/od_pp_yolo_d.c:493:9:od_yolo_d_pp_reset	16	static
/home/ck/Desktop/Workspace/STM32CubeIDE Workspace/STM32N6570_USBD_CDC_FACE_DETECT/Middlewares/ST/stm32-vision-models-postprocessing/lib_vision_models_pp/Src/od_pp_yolo_d.c:502:9:od_yolo_d_pp_process	32	static
/home/ck/Desktop/Workspace/STM32CubeIDE Workspace/STM32N6570_USBD_CDC_FACE_DETECT/Middlewares/ST/stm32-vision-models-postprocessing/lib_vision_models_pp/Src/od_pp_yolo_d.c:527:9:od_yolo_d_pp_process_int8	32	static
