/home/ck/Desktop/Workspace/STM32CubeIDE Workspace/STM32N6570_USBD_CDC_FACE_DETECT/Middlewares/ST/stm32-vision-models-postprocessing/lib_vision_models_pp/Src/od_pp_yolov5.c:19:9:yolov5_nms_comparator	88	static
/home/ck/Desktop/Workspace/STM32CubeIDE Workspace/STM32N6570_USBD_CDC_FACE_DETECT/Middlewares/ST/stm32-vision-models-postprocessing/lib_vision_models_pp/Src/od_pp_yolov5.c:54:9:yolov5_pp_nmsFiltering_centroid	56	static
/home/ck/Desktop/Workspace/STM32CubeIDE Workspace/STM32N6570_USBD_CDC_FACE_DETECT/Middlewares/ST/stm32-vision-models-postprocessing/lib_vision_models_pp/Src/od_pp_yolov5.c:117:9:yolov5_pp_scoreFiltering_centroid	24	static
/home/ck/Desktop/Workspace/STM32CubeIDE Workspace/STM32N6570_USBD_CDC_FACE_DETECT/Middlewares/ST/stm32-vision-models-postprocessing/lib_vision_models_pp/Src/od_pp_yolov5.c:141:9:yolov5_pp_getNNBoxes_centroid	64	static
/home/ck/Desktop/Workspace/STM32CubeIDE Workspace/STM32N6570_USBD_CDC_FACE_DETECT/Middlewares/ST/stm32-vision-models-postprocessing/lib_vision_models_pp/Src/od_pp_yolov5.c:184:9:yolov5_pp_getNNBoxes_centroid_uint8	72	static
/home/ck/Desktop/Workspace/STM32CubeIDE Workspace/STM32N6570_USBD_CDC_FACE_DETECT/Middlewares/ST/stm32-vision-models-postprocessing/lib_vision_models_pp/Src/od_pp_yolov5.c:239:9:od_yolov5_pp_reset	16	static
/home/ck/Desktop/Workspace/STM32CubeIDE Workspace/STM32N6570_USBD_CDC_FACE_DETECT/Middlewares/ST/stm32-vision-models-postprocessing/lib_vision_models_pp/Src/od_pp_yolov5.c:248:9:od_yolov5_pp_process	32	static
/home/ck/Desktop/Workspace/STM32CubeIDE Workspace/STM32N6570_USBD_CDC_FACE_DETECT/Middlewares/ST/stm32-vision-models-postprocessing/lib_vision_models_pp/Src/od_pp_yolov5.c:273:9:od_yolov5_pp_process_uint8	32	static
