/home/ck/Desktop/Workspace/STM32CubeIDE Workspace/STM32N6570-ThreadX-USB-CDC-AI-Face-Detection/Middlewares/ST/stm32-vision-models-postprocessing/lib_vision_models_pp/Src/spe_movenet_pp.c:17:9:movenet_heatmap_max	104	static
/home/ck/Desktop/Workspace/STM32CubeIDE Workspace/STM32N6570-ThreadX-USB-CDC-AI-Face-Detection/Middlewares/ST/stm32-vision-models-postprocessing/lib_vision_models_pp/Src/spe_movenet_pp.c:59:9:movenet_heatmap_max_int8	160	static
/home/ck/Desktop/Workspace/STM32CubeIDE Workspace/STM32N6570-ThreadX-USB-CDC-AI-Face-Detection/Middlewares/ST/stm32-vision-models-postprocessing/lib_vision_models_pp/Src/spe_movenet_pp.c:106:9:spe_movenet_pp_reset	16	static
/home/ck/Desktop/Workspace/STM32CubeIDE Workspace/STM32N6570-ThreadX-USB-CDC-AI-Face-Detection/Middlewares/ST/stm32-vision-models-postprocessing/lib_vision_models_pp/Src/spe_movenet_pp.c:115:9:spe_movenet_pp_process	32	static
/home/ck/Desktop/Workspace/STM32CubeIDE Workspace/STM32N6570-ThreadX-USB-CDC-AI-Face-Detection/Middlewares/ST/stm32-vision-models-postprocessing/lib_vision_models_pp/Src/spe_movenet_pp.c:129:9:spe_movenet_pp_process_int8	32	static
