/home/ck/Desktop/Workspace/STM32CubeIDE Workspace/STM32N6570-ThreadX-USB-CDC-AI-Face-Detection/Middlewares/ST/stm32-vision-models-postprocessing/lib_vision_models_pp/Src/vision_models_pp.c:14:11:vision_models_sigmoid_f	16	static
/home/ck/Desktop/Workspace/STM32CubeIDE Workspace/STM32N6570-ThreadX-USB-CDC-AI-Face-Detection/Middlewares/ST/stm32-vision-models-postprocessing/lib_vision_models_pp/Src/vision_models_pp.c:20:6:vision_models_softmax_f	56	static
/home/ck/Desktop/Workspace/STM32CubeIDE Workspace/STM32N6570-ThreadX-USB-CDC-AI-Face-Detection/Middlewares/ST/stm32-vision-models-postprocessing/lib_vision_models_pp/Src/vision_models_pp.c:46:11:overlap	48	static
/home/ck/Desktop/Workspace/STM32CubeIDE Workspace/STM32N6570-ThreadX-USB-CDC-AI-Face-Detection/Middlewares/ST/stm32-vision-models-postprocessing/lib_vision_models_pp/Src/vision_models_pp.c:58:11:box_intersection	32	static
/home/ck/Desktop/Workspace/STM32CubeIDE Workspace/STM32N6570-ThreadX-USB-CDC-AI-Face-Detection/Middlewares/ST/stm32-vision-models-postprocessing/lib_vision_models_pp/Src/vision_models_pp.c:68:11:box_union	24	static
/home/ck/Desktop/Workspace/STM32CubeIDE Workspace/STM32N6570-ThreadX-USB-CDC-AI-Face-Detection/Middlewares/ST/stm32-vision-models-postprocessing/lib_vision_models_pp/Src/vision_models_pp.c:76:11:vision_models_box_iou	24	static
/home/ck/Desktop/Workspace/STM32CubeIDE Workspace/STM32N6570-ThreadX-USB-CDC-AI-Face-Detection/Middlewares/ST/stm32-vision-models-postprocessing/lib_vision_models_pp/Src/vision_models_pp.c:87:9:twice_overlap_int	48	static
/home/ck/Desktop/Workspace/STM32CubeIDE Workspace/STM32N6570-ThreadX-USB-CDC-AI-Face-Detection/Middlewares/ST/stm32-vision-models-postprocessing/lib_vision_models_pp/Src/vision_models_pp.c:99:9:box_intersection_is8	32	static
/home/ck/Desktop/Workspace/STM32CubeIDE Workspace/STM32N6570-ThreadX-USB-CDC-AI-Face-Detection/Middlewares/ST/stm32-vision-models-postprocessing/lib_vision_models_pp/Src/vision_models_pp.c:109:9:box_union_is8	24	static
/home/ck/Desktop/Workspace/STM32CubeIDE Workspace/STM32N6570-ThreadX-USB-CDC-AI-Face-Detection/Middlewares/ST/stm32-vision-models-postprocessing/lib_vision_models_pp/Src/vision_models_pp.c:117:11:vision_models_box_iou_is8	72	static
/home/ck/Desktop/Workspace/STM32CubeIDE Workspace/STM32N6570-ThreadX-USB-CDC-AI-Face-Detection/Middlewares/ST/stm32-vision-models-postprocessing/lib_vision_models_pp/Src/vision_models_pp.c:130:6:transpose_flattened_2D	40	static
/home/ck/Desktop/Workspace/STM32CubeIDE Workspace/STM32N6570-ThreadX-USB-CDC-AI-Face-Detection/Middlewares/ST/stm32-vision-models-postprocessing/lib_vision_models_pp/Src/vision_models_pp.c:151:6:dequantize	40	static
