/home/ck/Desktop/Workspace/STM32CubeIDE Workspace/STM32N6570_USBD_CDC_FACE_DETECT/Middlewares/ST/stm32-vision-models-postprocessing/lib_vision_models_pp/Src/vision_models_pp_maxi_is8.c:13:6:vision_models_maxi_is8ou8	152	static
/home/ck/Desktop/Workspace/STM32CubeIDE Workspace/STM32N6570_USBD_CDC_FACE_DETECT/Middlewares/ST/stm32-vision-models-postprocessing/lib_vision_models_pp/Src/vision_models_pp_maxi_is8.c:71:6:vision_models_maxi_p_is8ou8	232	static
/home/ck/Desktop/Workspace/STM32CubeIDE Workspace/STM32N6570_USBD_CDC_FACE_DETECT/Middlewares/ST/stm32-vision-models-postprocessing/lib_vision_models_pp/Src/vision_models_pp_maxi_is8.c:155:6:vision_models_maxi_p_is8ou16	200	static
/home/ck/Desktop/Workspace/STM32CubeIDE Workspace/STM32N6570_USBD_CDC_FACE_DETECT/Middlewares/ST/stm32-vision-models-postprocessing/lib_vision_models_pp/Src/vision_models_pp_maxi_is8.c:208:6:vision_models_maxi_tr_p_is8ou8	176	static
/home/ck/Desktop/Workspace/STM32CubeIDE Workspace/STM32N6570_USBD_CDC_FACE_DETECT/Middlewares/ST/stm32-vision-models-postprocessing/lib_vision_models_pp/Src/vision_models_pp_maxi_is8.c:254:6:vision_models_maxi_tr_p_is8ou16	336	static
/home/ck/Desktop/Workspace/STM32CubeIDE Workspace/STM32N6570_USBD_CDC_FACE_DETECT/Middlewares/ST/stm32-vision-models-postprocessing/lib_vision_models_pp/Src/vision_models_pp_maxi_is8.c:330:6:vision_models_maxi_tr_p_is8ou32	184	static
