/home/ck/Desktop/Workspace/STM32CubeIDE Workspace/STM32N6570-ThreadX-USB-CDC-AI-Face-Detection/Middlewares/ST/stm32-mw-camera/sensors/cmw_vd56g3.c:41:12:CMW_VD56G3_Read8	32	static
/home/ck/Desktop/Workspace/STM32CubeIDE Workspace/STM32N6570-ThreadX-USB-CDC-AI-Face-Detection/Middlewares/ST/stm32-mw-camera/sensors/cmw_vd56g3.c:46:12:CMW_VD56G3_Read16	40	static
/home/ck/Desktop/Workspace/STM32CubeIDE Workspace/STM32N6570-ThreadX-USB-CDC-AI-Face-Detection/Middlewares/ST/stm32-mw-camera/sensors/cmw_vd56g3.c:60:12:CMW_VD56G3_Read32	40	static
/home/ck/Desktop/Workspace/STM32CubeIDE Workspace/STM32N6570-ThreadX-USB-CDC-AI-Face-Detection/Middlewares/ST/stm32-mw-camera/sensors/cmw_vd56g3.c:74:12:CMW_VD56G3_Write8	24	static
/home/ck/Desktop/Workspace/STM32CubeIDE Workspace/STM32N6570-ThreadX-USB-CDC-AI-Face-Detection/Middlewares/ST/stm32-mw-camera/sensors/cmw_vd56g3.c:79:12:CMW_VD56G3_Write16	24	static
/home/ck/Desktop/Workspace/STM32CubeIDE Workspace/STM32N6570-ThreadX-USB-CDC-AI-Face-Detection/Middlewares/ST/stm32-mw-camera/sensors/cmw_vd56g3.c:84:12:CMW_VD56G3_Write32	32	static
/home/ck/Desktop/Workspace/STM32CubeIDE Workspace/STM32N6570-ThreadX-USB-CDC-AI-Face-Detection/Middlewares/ST/stm32-mw-camera/sensors/cmw_vd56g3.c:89:13:VD6G_ShutdownPin	24	static
/home/ck/Desktop/Workspace/STM32CubeIDE Workspace/STM32N6570-ThreadX-USB-CDC-AI-Face-Detection/Middlewares/ST/stm32-mw-camera/sensors/cmw_vd56g3.c:96:12:VD6G_Read8	32	static
/home/ck/Desktop/Workspace/STM32CubeIDE Workspace/STM32N6570-ThreadX-USB-CDC-AI-Face-Detection/Middlewares/ST/stm32-mw-camera/sensors/cmw_vd56g3.c:103:12:VD6G_Read16	32	static
/home/ck/Desktop/Workspace/STM32CubeIDE Workspace/STM32N6570-ThreadX-USB-CDC-AI-Face-Detection/Middlewares/ST/stm32-mw-camera/sensors/cmw_vd56g3.c:110:12:VD6G_Read32	32	static
/home/ck/Desktop/Workspace/STM32CubeIDE Workspace/STM32N6570-ThreadX-USB-CDC-AI-Face-Detection/Middlewares/ST/stm32-mw-camera/sensors/cmw_vd56g3.c:117:12:VD6G_Write8	24	static
/home/ck/Desktop/Workspace/STM32CubeIDE Workspace/STM32N6570-ThreadX-USB-CDC-AI-Face-Detection/Middlewares/ST/stm32-mw-camera/sensors/cmw_vd56g3.c:124:12:VD6G_Write16	24	static
/home/ck/Desktop/Workspace/STM32CubeIDE Workspace/STM32N6570-ThreadX-USB-CDC-AI-Face-Detection/Middlewares/ST/stm32-mw-camera/sensors/cmw_vd56g3.c:131:12:VD6G_Write32	32	static
/home/ck/Desktop/Workspace/STM32CubeIDE Workspace/STM32N6570-ThreadX-USB-CDC-AI-Face-Detection/Middlewares/ST/stm32-mw-camera/sensors/cmw_vd56g3.c:138:12:VD6G_WriteArray	48	static
/home/ck/Desktop/Workspace/STM32CubeIDE Workspace/STM32N6570-ThreadX-USB-CDC-AI-Face-Detection/Middlewares/ST/stm32-mw-camera/sensors/cmw_vd56g3.c:158:13:VD6G_Delay	24	static
/home/ck/Desktop/Workspace/STM32CubeIDE Workspace/STM32N6570-ThreadX-USB-CDC-AI-Face-Detection/Middlewares/ST/stm32-mw-camera/sensors/cmw_vd56g3.c:165:13:VD6G_Log	24	static
/home/ck/Desktop/Workspace/STM32CubeIDE Workspace/STM32N6570-ThreadX-USB-CDC-AI-Face-Detection/Middlewares/ST/stm32-mw-camera/sensors/cmw_vd56g3.c:182:12:CMW_VD56G3_GetResType	24	static
/home/ck/Desktop/Workspace/STM32CubeIDE Workspace/STM32N6570-ThreadX-USB-CDC-AI-Face-Detection/Middlewares/ST/stm32-mw-camera/sensors/cmw_vd56g3.c:212:26:CMW_VD56G3_GetMirrorFlipConfig	24	static
/home/ck/Desktop/Workspace/STM32CubeIDE Workspace/STM32N6570-ThreadX-USB-CDC-AI-Face-Detection/Middlewares/ST/stm32-mw-camera/sensors/cmw_vd56g3.c:236:16:CMW_VD56G3_Init	88	static
/home/ck/Desktop/Workspace/STM32CubeIDE Workspace/STM32N6570-ThreadX-USB-CDC-AI-Face-Detection/Middlewares/ST/stm32-mw-camera/sensors/cmw_vd56g3.c:317:6:CMW_VD56G3_SetDefaultSensorValues	16	static
/home/ck/Desktop/Workspace/STM32CubeIDE Workspace/STM32N6570-ThreadX-USB-CDC-AI-Face-Detection/Middlewares/ST/stm32-mw-camera/sensors/cmw_vd56g3.c:324:16:CMW_VD56G3_Start	24	static
/home/ck/Desktop/Workspace/STM32CubeIDE Workspace/STM32N6570-ThreadX-USB-CDC-AI-Face-Detection/Middlewares/ST/stm32-mw-camera/sensors/cmw_vd56g3.c:337:16:CMW_VD56G3_Stop	24	static
/home/ck/Desktop/Workspace/STM32CubeIDE Workspace/STM32N6570-ThreadX-USB-CDC-AI-Face-Detection/Middlewares/ST/stm32-mw-camera/sensors/cmw_vd56g3.c:350:16:CMW_VD56G3_DeInit	24	static
/home/ck/Desktop/Workspace/STM32CubeIDE Workspace/STM32N6570-ThreadX-USB-CDC-AI-Face-Detection/Middlewares/ST/stm32-mw-camera/sensors/cmw_vd56g3.c:370:16:CMW_VD56G3_MirrorFlipConfig	32	static
/home/ck/Desktop/Workspace/STM32CubeIDE Workspace/STM32N6570-ThreadX-USB-CDC-AI-Face-Detection/Middlewares/ST/stm32-mw-camera/sensors/cmw_vd56g3.c:383:16:CMW_VD56G3_SetGain	64	static
/home/ck/Desktop/Workspace/STM32CubeIDE Workspace/STM32N6570-ThreadX-USB-CDC-AI-Face-Detection/Middlewares/ST/stm32-mw-camera/sensors/cmw_vd56g3.c:433:16:CMW_VD56G3_SetExposure	16	static
/home/ck/Desktop/Workspace/STM32CubeIDE Workspace/STM32N6570-ThreadX-USB-CDC-AI-Face-Detection/Middlewares/ST/stm32-mw-camera/sensors/cmw_vd56g3.c:438:16:CMW_VD56G3_SetExposureMode	24	static
/home/ck/Desktop/Workspace/STM32CubeIDE Workspace/STM32N6570-ThreadX-USB-CDC-AI-Face-Detection/Middlewares/ST/stm32-mw-camera/sensors/cmw_vd56g3.c:458:16:CMW_VD56G3_GetSensorInfo	48	static
/home/ck/Desktop/Workspace/STM32CubeIDE Workspace/STM32N6570-ThreadX-USB-CDC-AI-Face-Detection/Middlewares/ST/stm32-mw-camera/sensors/cmw_vd56g3.c:507:16:CMW_VD56G3_SetTestPattern	24	static
/home/ck/Desktop/Workspace/STM32CubeIDE Workspace/STM32N6570-ThreadX-USB-CDC-AI-Face-Detection/Middlewares/ST/stm32-mw-camera/sensors/cmw_vd56g3.c:520:16:VD56G3_RegisterBusIO	24	static
/home/ck/Desktop/Workspace/STM32CubeIDE Workspace/STM32N6570-ThreadX-USB-CDC-AI-Face-Detection/Middlewares/ST/stm32-mw-camera/sensors/cmw_vd56g3.c:535:16:VD56G3_ReadID	24	static
/home/ck/Desktop/Workspace/STM32CubeIDE Workspace/STM32N6570-ThreadX-USB-CDC-AI-Face-Detection/Middlewares/ST/stm32-mw-camera/sensors/cmw_vd56g3.c:551:13:CMW_VD56G3_PowerOn	16	static
/home/ck/Desktop/Workspace/STM32CubeIDE Workspace/STM32N6570-ThreadX-USB-CDC-AI-Face-Detection/Middlewares/ST/stm32-mw-camera/sensors/cmw_vd56g3.c:559:5:CMW_VD56G3_Probe	24	static
