/home/ck/Desktop/Workspace/STM32CubeIDE Workspace/STM32N6570-ThreadX-USB-CDC-AI-Face-Detection/Middlewares/ST/stm32-mw-camera/sensors/cmw_vd55g1.c:45:12:CMW_VD55G1_Read8	32	static
/home/ck/Desktop/Workspace/STM32CubeIDE Workspace/STM32N6570-ThreadX-USB-CDC-AI-Face-Detection/Middlewares/ST/stm32-mw-camera/sensors/cmw_vd55g1.c:50:12:CMW_VD55G1_Read16	40	static
/home/ck/Desktop/Workspace/STM32CubeIDE Workspace/STM32N6570-ThreadX-USB-CDC-AI-Face-Detection/Middlewares/ST/stm32-mw-camera/sensors/cmw_vd55g1.c:64:12:CMW_VD55G1_Read32	40	static
/home/ck/Desktop/Workspace/STM32CubeIDE Workspace/STM32N6570-ThreadX-USB-CDC-AI-Face-Detection/Middlewares/ST/stm32-mw-camera/sensors/cmw_vd55g1.c:78:12:CMW_VD55G1_Write8	24	static
/home/ck/Desktop/Workspace/STM32CubeIDE Workspace/STM32N6570-ThreadX-USB-CDC-AI-Face-Detection/Middlewares/ST/stm32-mw-camera/sensors/cmw_vd55g1.c:83:12:CMW_VD55G1_Write16	24	static
/home/ck/Desktop/Workspace/STM32CubeIDE Workspace/STM32N6570-ThreadX-USB-CDC-AI-Face-Detection/Middlewares/ST/stm32-mw-camera/sensors/cmw_vd55g1.c:88:12:CMW_VD55G1_Write32	32	static
/home/ck/Desktop/Workspace/STM32CubeIDE Workspace/STM32N6570-ThreadX-USB-CDC-AI-Face-Detection/Middlewares/ST/stm32-mw-camera/sensors/cmw_vd55g1.c:93:13:VD55G1_ShutdownPin	24	static
/home/ck/Desktop/Workspace/STM32CubeIDE Workspace/STM32N6570-ThreadX-USB-CDC-AI-Face-Detection/Middlewares/ST/stm32-mw-camera/sensors/cmw_vd55g1.c:100:12:VD55G1_Read8	32	static
/home/ck/Desktop/Workspace/STM32CubeIDE Workspace/STM32N6570-ThreadX-USB-CDC-AI-Face-Detection/Middlewares/ST/stm32-mw-camera/sensors/cmw_vd55g1.c:107:12:VD55G1_Read16	32	static
/home/ck/Desktop/Workspace/STM32CubeIDE Workspace/STM32N6570-ThreadX-USB-CDC-AI-Face-Detection/Middlewares/ST/stm32-mw-camera/sensors/cmw_vd55g1.c:114:12:VD55G1_Read32	32	static
/home/ck/Desktop/Workspace/STM32CubeIDE Workspace/STM32N6570-ThreadX-USB-CDC-AI-Face-Detection/Middlewares/ST/stm32-mw-camera/sensors/cmw_vd55g1.c:121:12:VD55G1_Write8	24	static
/home/ck/Desktop/Workspace/STM32CubeIDE Workspace/STM32N6570-ThreadX-USB-CDC-AI-Face-Detection/Middlewares/ST/stm32-mw-camera/sensors/cmw_vd55g1.c:128:12:VD55G1_Write16	24	static
/home/ck/Desktop/Workspace/STM32CubeIDE Workspace/STM32N6570-ThreadX-USB-CDC-AI-Face-Detection/Middlewares/ST/stm32-mw-camera/sensors/cmw_vd55g1.c:135:12:VD55G1_Write32	32	static
/home/ck/Desktop/Workspace/STM32CubeIDE Workspace/STM32N6570-ThreadX-USB-CDC-AI-Face-Detection/Middlewares/ST/stm32-mw-camera/sensors/cmw_vd55g1.c:142:12:VD55G1_WriteArray	48	static
/home/ck/Desktop/Workspace/STM32CubeIDE Workspace/STM32N6570-ThreadX-USB-CDC-AI-Face-Detection/Middlewares/ST/stm32-mw-camera/sensors/cmw_vd55g1.c:162:13:VD55G1_Delay	24	static
/home/ck/Desktop/Workspace/STM32CubeIDE Workspace/STM32N6570-ThreadX-USB-CDC-AI-Face-Detection/Middlewares/ST/stm32-mw-camera/sensors/cmw_vd55g1.c:169:13:VD55G1_Log	24	static
/home/ck/Desktop/Workspace/STM32CubeIDE Workspace/STM32N6570-ThreadX-USB-CDC-AI-Face-Detection/Middlewares/ST/stm32-mw-camera/sensors/cmw_vd55g1.c:187:16:CMW_VD55G1_GetSensorInfo	48	static
/home/ck/Desktop/Workspace/STM32CubeIDE Workspace/STM32N6570-ThreadX-USB-CDC-AI-Face-Detection/Middlewares/ST/stm32-mw-camera/sensors/cmw_vd55g1.c:233:12:CMW_VD55G1_GetResType	24	static
/home/ck/Desktop/Workspace/STM32CubeIDE Workspace/STM32N6570-ThreadX-USB-CDC-AI-Face-Detection/Middlewares/ST/stm32-mw-camera/sensors/cmw_vd55g1.c:258:28:CMW_VD55G1_getMirrorFlipConfig	24	static
/home/ck/Desktop/Workspace/STM32CubeIDE Workspace/STM32N6570-ThreadX-USB-CDC-AI-Face-Detection/Middlewares/ST/stm32-mw-camera/sensors/cmw_vd55g1.c:282:16:CMW_VD55G1_Init	80	static
/home/ck/Desktop/Workspace/STM32CubeIDE Workspace/STM32N6570-ThreadX-USB-CDC-AI-Face-Detection/Middlewares/ST/stm32-mw-camera/sensors/cmw_vd55g1.c:351:6:CMW_VD55G1_SetDefaultSensorValues	16	static
/home/ck/Desktop/Workspace/STM32CubeIDE Workspace/STM32N6570-ThreadX-USB-CDC-AI-Face-Detection/Middlewares/ST/stm32-mw-camera/sensors/cmw_vd55g1.c:358:16:CMW_VD55G1_Start	24	static
/home/ck/Desktop/Workspace/STM32CubeIDE Workspace/STM32N6570-ThreadX-USB-CDC-AI-Face-Detection/Middlewares/ST/stm32-mw-camera/sensors/cmw_vd55g1.c:369:16:CMW_VD55G1_Stop	24	static
/home/ck/Desktop/Workspace/STM32CubeIDE Workspace/STM32N6570-ThreadX-USB-CDC-AI-Face-Detection/Middlewares/ST/stm32-mw-camera/sensors/cmw_vd55g1.c:381:16:CMW_VD55G1_DeInit	24	static
/home/ck/Desktop/Workspace/STM32CubeIDE Workspace/STM32N6570-ThreadX-USB-CDC-AI-Face-Detection/Middlewares/ST/stm32-mw-camera/sensors/cmw_vd55g1.c:401:16:CMW_VD55G1_MirrorFlipConfig	24	static
/home/ck/Desktop/Workspace/STM32CubeIDE Workspace/STM32N6570-ThreadX-USB-CDC-AI-Face-Detection/Middlewares/ST/stm32-mw-camera/sensors/cmw_vd55g1.c:425:9:CMW_VD55G1_SetGain	64	static
/home/ck/Desktop/Workspace/STM32CubeIDE Workspace/STM32N6570-ThreadX-USB-CDC-AI-Face-Detection/Middlewares/ST/stm32-mw-camera/sensors/cmw_vd55g1.c:478:9:CMW_VD55G1_SetExposure	16	static
/home/ck/Desktop/Workspace/STM32CubeIDE Workspace/STM32N6570-ThreadX-USB-CDC-AI-Face-Detection/Middlewares/ST/stm32-mw-camera/sensors/cmw_vd55g1.c:483:9:CMW_VD55G1_SetExposureMode	24	static
/home/ck/Desktop/Workspace/STM32CubeIDE Workspace/STM32N6570-ThreadX-USB-CDC-AI-Face-Detection/Middlewares/ST/stm32-mw-camera/sensors/cmw_vd55g1.c:504:16:VD55G1_RegisterBusIO	24	static
/home/ck/Desktop/Workspace/STM32CubeIDE Workspace/STM32N6570-ThreadX-USB-CDC-AI-Face-Detection/Middlewares/ST/stm32-mw-camera/sensors/cmw_vd55g1.c:519:16:VD55G1_ReadID	24	static
/home/ck/Desktop/Workspace/STM32CubeIDE Workspace/STM32N6570-ThreadX-USB-CDC-AI-Face-Detection/Middlewares/ST/stm32-mw-camera/sensors/cmw_vd55g1.c:533:13:CMW_VD55G1_PowerOn	16	static
/home/ck/Desktop/Workspace/STM32CubeIDE Workspace/STM32N6570-ThreadX-USB-CDC-AI-Face-Detection/Middlewares/ST/stm32-mw-camera/sensors/cmw_vd55g1.c:544:5:CMW_VD55G1_Probe	24	static
