/home/ck/Desktop/Workspace/STM32CubeIDE Workspace/STM32N6570_USBD_CDC_FACE_DETECT/FSBL/../Drivers/STM32N6xx_HAL_Driver/Inc/stm32n6xx_ll_bus.h:1407:22:LL_AHB4_GRP1_EnableClock	24	static
/home/ck/Desktop/Workspace/STM32CubeIDE Workspace/STM32N6570_USBD_CDC_FACE_DETECT/FSBL/../Drivers/STM32N6xx_HAL_Driver/Inc/stm32n6xx_ll_bus.h:3639:22:LL_APB5_GRP1_EnableClock	24	static
/home/ck/Desktop/Workspace/STM32CubeIDE Workspace/STM32N6570_USBD_CDC_FACE_DETECT/FSBL/../Drivers/STM32N6xx_HAL_Driver/Inc/stm32n6xx_ll_bus.h:3683:22:LL_APB5_GRP1_DisableClock	16	static
/home/ck/Desktop/Workspace/STM32CubeIDE Workspace/STM32N6570_USBD_CDC_FACE_DETECT/FSBL/../Drivers/STM32N6xx_HAL_Driver/Inc/stm32n6xx_ll_bus.h:3703:22:LL_APB5_GRP1_ForceReset	16	static
/home/ck/Desktop/Workspace/STM32CubeIDE Workspace/STM32N6570_USBD_CDC_FACE_DETECT/FSBL/../Drivers/STM32N6xx_HAL_Driver/Inc/stm32n6xx_ll_bus.h:3723:22:LL_APB5_GRP1_ReleaseReset	16	static
/home/ck/Desktop/Workspace/STM32CubeIDE Workspace/STM32N6570_USBD_CDC_FACE_DETECT/FSBL/../Drivers/STM32N6xx_HAL_Driver/Inc/stm32n6xx_ll_bus.h:3743:22:LL_APB5_GRP1_EnableClockLowPower	24	static
/home/ck/Desktop/Workspace/STM32CubeIDE Workspace/STM32N6570_USBD_CDC_FACE_DETECT/Middlewares/ST/stm32-mw-camera/cmw_camera.c:141:23:CMW_CAMERA_GetDCMIPPHandle	4	static
/home/ck/Desktop/Workspace/STM32CubeIDE Workspace/STM32N6570_USBD_CDC_FACE_DETECT/Middlewares/ST/stm32-mw-camera/cmw_camera.c:146:9:CMW_CAMERA_SetPipeConfig	24	static
/home/ck/Desktop/Workspace/STM32CubeIDE Workspace/STM32N6570_USBD_CDC_FACE_DETECT/Middlewares/ST/stm32-mw-camera/cmw_camera.c:156:9:CMW_CAMERA_GetSensorName	40	static
/home/ck/Desktop/Workspace/STM32CubeIDE Workspace/STM32N6570_USBD_CDC_FACE_DETECT/Middlewares/ST/stm32-mw-camera/cmw_camera.c:206:9:CMW_CAMERA_SetWBRefMode	24	static
/home/ck/Desktop/Workspace/STM32CubeIDE Workspace/STM32N6570_USBD_CDC_FACE_DETECT/Middlewares/ST/stm32-mw-camera/cmw_camera.c:226:9:CMW_CAMERA_ListWBRefModes	24	static
/home/ck/Desktop/Workspace/STM32CubeIDE Workspace/STM32N6570_USBD_CDC_FACE_DETECT/Middlewares/ST/stm32-mw-camera/cmw_camera.c:247:12:CMW_CAMERA_Probe_Sensor	24	static
/home/ck/Desktop/Workspace/STM32CubeIDE Workspace/STM32N6570_USBD_CDC_FACE_DETECT/Middlewares/ST/stm32-mw-camera/cmw_camera.c:328:9:CMW_CAMERA_Init	112	static
/home/ck/Desktop/Workspace/STM32CubeIDE Workspace/STM32N6570_USBD_CDC_FACE_DETECT/Middlewares/ST/stm32-mw-camera/cmw_camera.c:408:9:CMW_CAMERA_SetMirrorFlip	24	static
/home/ck/Desktop/Workspace/STM32CubeIDE Workspace/STM32N6570_USBD_CDC_FACE_DETECT/Middlewares/ST/stm32-mw-camera/cmw_camera.c:434:9:CMW_CAMERA_GetMirrorFlip	16	static
/home/ck/Desktop/Workspace/STM32CubeIDE Workspace/STM32N6570_USBD_CDC_FACE_DETECT/Middlewares/ST/stm32-mw-camera/cmw_camera.c:447:9:CMW_CAMERA_Start	40	static
/home/ck/Desktop/Workspace/STM32CubeIDE Workspace/STM32N6570_USBD_CDC_FACE_DETECT/Middlewares/ST/stm32-mw-camera/cmw_camera.c:485:9:CMW_CAMERA_DoubleBufferStart	40	static
/home/ck/Desktop/Workspace/STM32CubeIDE Workspace/STM32N6570_USBD_CDC_FACE_DETECT/Middlewares/ST/stm32-mw-camera/cmw_camera.c:524:26:MX_DCMIPP_ClockConfig	16	static
/home/ck/Desktop/Workspace/STM32CubeIDE Workspace/STM32N6570_USBD_CDC_FACE_DETECT/Middlewares/ST/stm32-mw-camera/cmw_camera.c:535:9:CMW_CAMERA_DeInit	16	static
/home/ck/Desktop/Workspace/STM32CubeIDE Workspace/STM32N6570_USBD_CDC_FACE_DETECT/Middlewares/ST/stm32-mw-camera/cmw_camera.c:592:9:CMW_CAMERA_Suspend	24	static
/home/ck/Desktop/Workspace/STM32CubeIDE Workspace/STM32N6570_USBD_CDC_FACE_DETECT/Middlewares/ST/stm32-mw-camera/cmw_camera.c:617:9:CMW_CAMERA_Resume	24	static
/home/ck/Desktop/Workspace/STM32CubeIDE Workspace/STM32N6570_USBD_CDC_FACE_DETECT/Middlewares/ST/stm32-mw-camera/cmw_camera.c:644:9:CMW_CAMERA_EnableRestartState	16	static
/home/ck/Desktop/Workspace/STM32CubeIDE Workspace/STM32N6570_USBD_CDC_FACE_DETECT/Middlewares/ST/stm32-mw-camera/cmw_camera.c:659:9:CMW_CAMERA_DisableRestartState	8	static
/home/ck/Desktop/Workspace/STM32CubeIDE Workspace/STM32N6570_USBD_CDC_FACE_DETECT/Middlewares/ST/stm32-mw-camera/cmw_camera.c:675:5:CMW_CAMERA_SetGain	24	static
/home/ck/Desktop/Workspace/STM32CubeIDE Workspace/STM32N6570_USBD_CDC_FACE_DETECT/Middlewares/ST/stm32-mw-camera/cmw_camera.c:698:5:CMW_CAMERA_GetGain	16	static
/home/ck/Desktop/Workspace/STM32CubeIDE Workspace/STM32N6570_USBD_CDC_FACE_DETECT/Middlewares/ST/stm32-mw-camera/cmw_camera.c:709:5:CMW_CAMERA_SetExposure	24	static
/home/ck/Desktop/Workspace/STM32CubeIDE Workspace/STM32N6570_USBD_CDC_FACE_DETECT/Middlewares/ST/stm32-mw-camera/cmw_camera.c:733:5:CMW_CAMERA_GetExposure	16	static
/home/ck/Desktop/Workspace/STM32CubeIDE Workspace/STM32N6570_USBD_CDC_FACE_DETECT/Middlewares/ST/stm32-mw-camera/cmw_camera.c:744:9:CMW_CAMERA_SetExposureMode	24	static
/home/ck/Desktop/Workspace/STM32CubeIDE Workspace/STM32N6570_USBD_CDC_FACE_DETECT/Middlewares/ST/stm32-mw-camera/cmw_camera.c:768:9:CMW_CAMERA_GetExposureMode	16	static
/home/ck/Desktop/Workspace/STM32CubeIDE Workspace/STM32N6570_USBD_CDC_FACE_DETECT/Middlewares/ST/stm32-mw-camera/cmw_camera.c:779:9:CMW_CAMERA_SetTestPattern	24	static
/home/ck/Desktop/Workspace/STM32CubeIDE Workspace/STM32N6570_USBD_CDC_FACE_DETECT/Middlewares/ST/stm32-mw-camera/cmw_camera.c:803:9:CMW_CAMERA_GetTestPattern	16	static
/home/ck/Desktop/Workspace/STM32CubeIDE Workspace/STM32N6570_USBD_CDC_FACE_DETECT/Middlewares/ST/stm32-mw-camera/cmw_camera.c:816:9:CMW_CAMERA_GetSensorInfo	24	static
/home/ck/Desktop/Workspace/STM32CubeIDE Workspace/STM32N6570_USBD_CDC_FACE_DETECT/Middlewares/ST/stm32-mw-camera/cmw_camera.c:837:9:CMW_CAMERA_Run	8	static
/home/ck/Desktop/Workspace/STM32CubeIDE Workspace/STM32N6570_USBD_CDC_FACE_DETECT/Middlewares/ST/stm32-mw-camera/cmw_camera.c:851:12:CMW_CAMERA_PIPE_VsyncEventCallback	16	static
/home/ck/Desktop/Workspace/STM32CubeIDE Workspace/STM32N6570_USBD_CDC_FACE_DETECT/Middlewares/ST/stm32-mw-camera/cmw_camera.c:863:12:CMW_CAMERA_PIPE_FrameEventCallback	16	static
/home/ck/Desktop/Workspace/STM32CubeIDE Workspace/STM32N6570_USBD_CDC_FACE_DETECT/Middlewares/ST/stm32-mw-camera/cmw_camera.c:875:13:CMW_CAMERA_PIPE_ErrorCallback	16	static
/home/ck/Desktop/Workspace/STM32CubeIDE Workspace/STM32N6570_USBD_CDC_FACE_DETECT/Middlewares/ST/stm32-mw-camera/cmw_camera.c:886:6:HAL_DCMIPP_PIPE_VsyncEventCallback	16	static
/home/ck/Desktop/Workspace/STM32CubeIDE Workspace/STM32N6570_USBD_CDC_FACE_DETECT/Middlewares/ST/stm32-mw-camera/cmw_camera.c:902:6:HAL_DCMIPP_PIPE_FrameEventCallback	16	static
/home/ck/Desktop/Workspace/STM32CubeIDE Workspace/STM32N6570_USBD_CDC_FACE_DETECT/Middlewares/ST/stm32-mw-camera/cmw_camera.c:917:6:HAL_DCMIPP_MspInit	16	static
/home/ck/Desktop/Workspace/STM32CubeIDE Workspace/STM32N6570_USBD_CDC_FACE_DETECT/Middlewares/ST/stm32-mw-camera/cmw_camera.c:952:6:HAL_DCMIPP_MspDeInit	16	static
/home/ck/Desktop/Workspace/STM32CubeIDE Workspace/STM32N6570_USBD_CDC_FACE_DETECT/Middlewares/ST/stm32-mw-camera/cmw_camera.c:979:13:CMW_CAMERA_EnableGPIOs	32	static
/home/ck/Desktop/Workspace/STM32CubeIDE Workspace/STM32N6570_USBD_CDC_FACE_DETECT/Middlewares/ST/stm32-mw-camera/cmw_camera.c:1006:13:CMW_CAMERA_PwrDown	32	static
/home/ck/Desktop/Workspace/STM32CubeIDE Workspace/STM32N6570_USBD_CDC_FACE_DETECT/Middlewares/ST/stm32-mw-camera/cmw_camera.c:1029:13:CMW_CAMERA_ShutdownPin	16	static
/home/ck/Desktop/Workspace/STM32CubeIDE Workspace/STM32N6570_USBD_CDC_FACE_DETECT/Middlewares/ST/stm32-mw-camera/cmw_camera.c:1034:13:CMW_CAMERA_EnablePin	16	static
/home/ck/Desktop/Workspace/STM32CubeIDE Workspace/STM32N6570_USBD_CDC_FACE_DETECT/Middlewares/ST/stm32-mw-camera/cmw_camera.c:1040:26:CB_ISP_SetSensorGain	16	static
/home/ck/Desktop/Workspace/STM32CubeIDE Workspace/STM32N6570_USBD_CDC_FACE_DETECT/Middlewares/ST/stm32-mw-camera/cmw_camera.c:1048:26:CB_ISP_GetSensorGain	16	static
/home/ck/Desktop/Workspace/STM32CubeIDE Workspace/STM32N6570_USBD_CDC_FACE_DETECT/Middlewares/ST/stm32-mw-camera/cmw_camera.c:1056:26:CB_ISP_SetSensorExposure	16	static
/home/ck/Desktop/Workspace/STM32CubeIDE Workspace/STM32N6570_USBD_CDC_FACE_DETECT/Middlewares/ST/stm32-mw-camera/cmw_camera.c:1064:26:CB_ISP_GetSensorExposure	16	static
/home/ck/Desktop/Workspace/STM32CubeIDE Workspace/STM32N6570_USBD_CDC_FACE_DETECT/Middlewares/ST/stm32-mw-camera/cmw_camera.c:1072:26:CB_ISP_GetSensorInfo	16	static
/home/ck/Desktop/Workspace/STM32CubeIDE Workspace/STM32N6570_USBD_CDC_FACE_DETECT/Middlewares/ST/stm32-mw-camera/cmw_camera.c:1084:16:CMW_CAMERA_VD55G1_Init	72	static
/home/ck/Desktop/Workspace/STM32CubeIDE Workspace/STM32N6570_USBD_CDC_FACE_DETECT/Middlewares/ST/stm32-mw-camera/cmw_camera.c:1286:16:CMW_CAMERA_OV5640_Init	128	static
/home/ck/Desktop/Workspace/STM32CubeIDE Workspace/STM32N6570_USBD_CDC_FACE_DETECT/Middlewares/ST/stm32-mw-camera/cmw_camera.c:1404:16:CMW_CAMERA_VD66GY_Init	136	static
/home/ck/Desktop/Workspace/STM32CubeIDE Workspace/STM32N6570_USBD_CDC_FACE_DETECT/Middlewares/ST/stm32-mw-camera/cmw_camera.c:1613:16:CMW_CAMERA_VD1943_Init	72	static
/home/ck/Desktop/Workspace/STM32CubeIDE Workspace/STM32N6570_USBD_CDC_FACE_DETECT/Middlewares/ST/stm32-mw-camera/cmw_camera.c:1849:16:CMW_CAMERA_IMX335_Init	128	static
/home/ck/Desktop/Workspace/STM32CubeIDE Workspace/STM32N6570_USBD_CDC_FACE_DETECT/Middlewares/ST/stm32-mw-camera/cmw_camera.c:1965:16:CMW_CAMERA_SetPipe	136	static
/home/ck/Desktop/Workspace/STM32CubeIDE Workspace/STM32N6570_USBD_CDC_FACE_DETECT/Middlewares/ST/stm32-mw-camera/cmw_camera.c:2165:9:CMW_CAMERA_SetDefaultSensorValues	16	static
/home/ck/Desktop/Workspace/STM32CubeIDE Workspace/STM32N6570_USBD_CDC_FACE_DETECT/Middlewares/ST/stm32-mw-camera/cmw_camera.c:2222:6:HAL_DCMIPP_PIPE_ErrorCallback	16	static
