/home/ck/Desktop/Workspace/STM32CubeIDE Workspace/STM32N6570-ThreadX-USB-CDC-AI-Face-Detection/FSBL/../Drivers/STM32N6xx_HAL_Driver/Inc/stm32n6xx_ll_rcc.h:1771:26:LL_RCC_HSE_IsSelectedHSEDiv2AsDiv2Clock	4	static
/home/ck/Desktop/Workspace/STM32CubeIDE Workspace/STM32N6570-ThreadX-USB-CDC-AI-Face-Detection/FSBL/../Drivers/STM32N6xx_HAL_Driver/Inc/stm32n6xx_ll_rcc.h:1801:26:LL_RCC_HSE_IsReady	4	static
/home/ck/Desktop/Workspace/STM32CubeIDE Workspace/STM32N6570-ThreadX-USB-CDC-AI-Face-Detection/FSBL/../Drivers/STM32N6xx_HAL_Driver/Inc/stm32n6xx_ll_rcc.h:1819:22:LL_RCC_HSI_Enable	4	static
/home/ck/Desktop/Workspace/STM32CubeIDE Workspace/STM32N6570-ThreadX-USB-CDC-AI-Face-Detection/FSBL/../Drivers/STM32N6xx_HAL_Driver/Inc/stm32n6xx_ll_rcc.h:1839:26:LL_RCC_HSI_IsReady	4	static
/home/ck/Desktop/Workspace/STM32CubeIDE Workspace/STM32N6570-ThreadX-USB-CDC-AI-Face-Detection/FSBL/../Drivers/STM32N6xx_HAL_Driver/Inc/stm32n6xx_ll_rcc.h:1854:22:LL_RCC_HSI_SetDivider	16	static
/home/ck/Desktop/Workspace/STM32CubeIDE Workspace/STM32N6570-ThreadX-USB-CDC-AI-Face-Detection/FSBL/../Drivers/STM32N6xx_HAL_Driver/Inc/stm32n6xx_ll_rcc.h:1868:26:LL_RCC_HSI_GetDivider	4	static
/home/ck/Desktop/Workspace/STM32CubeIDE Workspace/STM32N6570-ThreadX-USB-CDC-AI-Face-Detection/FSBL/../Drivers/STM32N6xx_HAL_Driver/Inc/stm32n6xx_ll_rcc.h:1973:26:LL_RCC_MSI_IsReady	4	static
/home/ck/Desktop/Workspace/STM32CubeIDE Workspace/STM32N6570-ThreadX-USB-CDC-AI-Face-Detection/FSBL/../Drivers/STM32N6xx_HAL_Driver/Inc/stm32n6xx_ll_rcc.h:2224:26:LL_RCC_LSE_IsReady	4	static
/home/ck/Desktop/Workspace/STM32CubeIDE Workspace/STM32N6570-ThreadX-USB-CDC-AI-Face-Detection/FSBL/../Drivers/STM32N6xx_HAL_Driver/Inc/stm32n6xx_ll_rcc.h:2294:26:LL_RCC_LSI_IsReady	4	static
/home/ck/Desktop/Workspace/STM32CubeIDE Workspace/STM32N6570-ThreadX-USB-CDC-AI-Face-Detection/FSBL/../Drivers/STM32N6xx_HAL_Driver/Inc/stm32n6xx_ll_rcc.h:2331:26:LL_RCC_GetCpuClkSource	4	static
/home/ck/Desktop/Workspace/STM32CubeIDE Workspace/STM32N6570-ThreadX-USB-CDC-AI-Face-Detection/FSBL/../Drivers/STM32N6xx_HAL_Driver/Inc/stm32n6xx_ll_rcc.h:2360:26:LL_RCC_GetSysClkSource	4	static
/home/ck/Desktop/Workspace/STM32CubeIDE Workspace/STM32N6570-ThreadX-USB-CDC-AI-Face-Detection/FSBL/../Drivers/STM32N6xx_HAL_Driver/Inc/stm32n6xx_ll_rcc.h:2422:26:LL_RCC_GetAHBPrescaler	4	static
/home/ck/Desktop/Workspace/STM32CubeIDE Workspace/STM32N6570-ThreadX-USB-CDC-AI-Face-Detection/FSBL/../Drivers/STM32N6xx_HAL_Driver/Inc/stm32n6xx_ll_rcc.h:2459:26:LL_RCC_GetAPB1Prescaler	4	static
/home/ck/Desktop/Workspace/STM32CubeIDE Workspace/STM32N6570-ThreadX-USB-CDC-AI-Face-Detection/FSBL/../Drivers/STM32N6xx_HAL_Driver/Inc/stm32n6xx_ll_rcc.h:2496:26:LL_RCC_GetAPB2Prescaler	4	static
/home/ck/Desktop/Workspace/STM32CubeIDE Workspace/STM32N6570-ThreadX-USB-CDC-AI-Face-Detection/FSBL/../Drivers/STM32N6xx_HAL_Driver/Inc/stm32n6xx_ll_rcc.h:2533:26:LL_RCC_GetAPB4Prescaler	4	static
/home/ck/Desktop/Workspace/STM32CubeIDE Workspace/STM32N6570-ThreadX-USB-CDC-AI-Face-Detection/FSBL/../Drivers/STM32N6xx_HAL_Driver/Inc/stm32n6xx_ll_rcc.h:2570:26:LL_RCC_GetAPB5Prescaler	4	static
/home/ck/Desktop/Workspace/STM32CubeIDE Workspace/STM32N6570-ThreadX-USB-CDC-AI-Face-Detection/FSBL/../Drivers/STM32N6xx_HAL_Driver/Inc/stm32n6xx_ll_rcc.h:3116:26:LL_RCC_GetETH1PTPDivider	4	static
/home/ck/Desktop/Workspace/STM32CubeIDE Workspace/STM32N6570-ThreadX-USB-CDC-AI-Face-Detection/FSBL/../Drivers/STM32N6xx_HAL_Driver/Inc/stm32n6xx_ll_rcc.h:3938:26:LL_RCC_GetClockSource	24	static
/home/ck/Desktop/Workspace/STM32CubeIDE Workspace/STM32N6570-ThreadX-USB-CDC-AI-Face-Detection/FSBL/../Drivers/STM32N6xx_HAL_Driver/Inc/stm32n6xx_ll_rcc.h:3959:26:LL_RCC_GetADCClockSource	16	static
/home/ck/Desktop/Workspace/STM32CubeIDE Workspace/STM32N6570-ThreadX-USB-CDC-AI-Face-Detection/FSBL/../Drivers/STM32N6xx_HAL_Driver/Inc/stm32n6xx_ll_rcc.h:3980:26:LL_RCC_GetADFClockSource	16	static
/home/ck/Desktop/Workspace/STM32CubeIDE Workspace/STM32N6570-ThreadX-USB-CDC-AI-Face-Detection/FSBL/../Drivers/STM32N6xx_HAL_Driver/Inc/stm32n6xx_ll_rcc.h:4001:26:LL_RCC_GetCLKPClockSource	16	static
/home/ck/Desktop/Workspace/STM32CubeIDE Workspace/STM32N6570-ThreadX-USB-CDC-AI-Face-Detection/FSBL/../Drivers/STM32N6xx_HAL_Driver/Inc/stm32n6xx_ll_rcc.h:4018:26:LL_RCC_GetDCMIPPClockSource	16	static
/home/ck/Desktop/Workspace/STM32CubeIDE Workspace/STM32N6570-ThreadX-USB-CDC-AI-Face-Detection/FSBL/../Drivers/STM32N6xx_HAL_Driver/Inc/stm32n6xx_ll_rcc.h:4035:26:LL_RCC_GetETHClockSource	16	static
/home/ck/Desktop/Workspace/STM32CubeIDE Workspace/STM32N6570-ThreadX-USB-CDC-AI-Face-Detection/FSBL/../Drivers/STM32N6xx_HAL_Driver/Inc/stm32n6xx_ll_rcc.h:4052:26:LL_RCC_GetETHPTPClockSource	16	static
/home/ck/Desktop/Workspace/STM32CubeIDE Workspace/STM32N6570-ThreadX-USB-CDC-AI-Face-Detection/FSBL/../Drivers/STM32N6xx_HAL_Driver/Inc/stm32n6xx_ll_rcc.h:4115:26:LL_RCC_GetFDCANClockSource	16	static
/home/ck/Desktop/Workspace/STM32CubeIDE Workspace/STM32N6570-ThreadX-USB-CDC-AI-Face-Detection/FSBL/../Drivers/STM32N6xx_HAL_Driver/Inc/stm32n6xx_ll_rcc.h:4132:26:LL_RCC_GetFMCClockSource	16	static
/home/ck/Desktop/Workspace/STM32CubeIDE Workspace/STM32N6570-ThreadX-USB-CDC-AI-Face-Detection/FSBL/../Drivers/STM32N6xx_HAL_Driver/Inc/stm32n6xx_ll_rcc.h:4175:26:LL_RCC_GetI2CClockSource	16	static
/home/ck/Desktop/Workspace/STM32CubeIDE Workspace/STM32N6570-ThreadX-USB-CDC-AI-Face-Detection/FSBL/../Drivers/STM32N6xx_HAL_Driver/Inc/stm32n6xx_ll_rcc.h:4201:26:LL_RCC_GetI3CClockSource	16	static
/home/ck/Desktop/Workspace/STM32CubeIDE Workspace/STM32N6570-ThreadX-USB-CDC-AI-Face-Detection/FSBL/../Drivers/STM32N6xx_HAL_Driver/Inc/stm32n6xx_ll_rcc.h:4253:26:LL_RCC_GetLPTIMClockSource	16	static
/home/ck/Desktop/Workspace/STM32CubeIDE Workspace/STM32N6570-ThreadX-USB-CDC-AI-Face-Detection/FSBL/../Drivers/STM32N6xx_HAL_Driver/Inc/stm32n6xx_ll_rcc.h:4272:26:LL_RCC_GetLPUARTClockSource	16	static
/home/ck/Desktop/Workspace/STM32CubeIDE Workspace/STM32N6570-ThreadX-USB-CDC-AI-Face-Detection/FSBL/../Drivers/STM32N6xx_HAL_Driver/Inc/stm32n6xx_ll_rcc.h:4289:26:LL_RCC_GetLTDCClockSource	16	static
/home/ck/Desktop/Workspace/STM32CubeIDE Workspace/STM32N6570-ThreadX-USB-CDC-AI-Face-Detection/FSBL/../Drivers/STM32N6xx_HAL_Driver/Inc/stm32n6xx_ll_rcc.h:4310:26:LL_RCC_GetMDFClockSource	16	static
/home/ck/Desktop/Workspace/STM32CubeIDE Workspace/STM32N6570-ThreadX-USB-CDC-AI-Face-Detection/FSBL/../Drivers/STM32N6xx_HAL_Driver/Inc/stm32n6xx_ll_rcc.h:4333:26:LL_RCC_GetOTGPHYClockSource	16	static
/home/ck/Desktop/Workspace/STM32CubeIDE Workspace/STM32N6570-ThreadX-USB-CDC-AI-Face-Detection/FSBL/../Drivers/STM32N6xx_HAL_Driver/Inc/stm32n6xx_ll_rcc.h:4351:26:LL_RCC_GetOTGPHYCKREFClockSource	16	static
/home/ck/Desktop/Workspace/STM32CubeIDE Workspace/STM32N6570-ThreadX-USB-CDC-AI-Face-Detection/FSBL/../Drivers/STM32N6xx_HAL_Driver/Inc/stm32n6xx_ll_rcc.h:4367:26:LL_RCC_GetPSSIClockSource	16	static
/home/ck/Desktop/Workspace/STM32CubeIDE Workspace/STM32N6570-ThreadX-USB-CDC-AI-Face-Detection/FSBL/../Drivers/STM32N6xx_HAL_Driver/Inc/stm32n6xx_ll_rcc.h:4398:26:LL_RCC_GetSAIClockSource	16	static
/home/ck/Desktop/Workspace/STM32CubeIDE Workspace/STM32N6570-ThreadX-USB-CDC-AI-Face-Detection/FSBL/../Drivers/STM32N6xx_HAL_Driver/Inc/stm32n6xx_ll_rcc.h:4420:26:LL_RCC_GetSDMMCClockSource	16	static
/home/ck/Desktop/Workspace/STM32CubeIDE Workspace/STM32N6570-ThreadX-USB-CDC-AI-Face-Detection/FSBL/../Drivers/STM32N6xx_HAL_Driver/Inc/stm32n6xx_ll_rcc.h:4439:26:LL_RCC_GetSPDIFRXClockSource	16	static
/home/ck/Desktop/Workspace/STM32CubeIDE Workspace/STM32N6570-ThreadX-USB-CDC-AI-Face-Detection/FSBL/../Drivers/STM32N6xx_HAL_Driver/Inc/stm32n6xx_ll_rcc.h:4504:26:LL_RCC_GetSPIClockSource	16	static
/home/ck/Desktop/Workspace/STM32CubeIDE Workspace/STM32N6570-ThreadX-USB-CDC-AI-Face-Detection/FSBL/../Drivers/STM32N6xx_HAL_Driver/Inc/stm32n6xx_ll_rcc.h:4559:26:LL_RCC_GetUSARTClockSource	16	static
/home/ck/Desktop/Workspace/STM32CubeIDE Workspace/STM32N6570-ThreadX-USB-CDC-AI-Face-Detection/FSBL/../Drivers/STM32N6xx_HAL_Driver/Inc/stm32n6xx_ll_rcc.h:4615:26:LL_RCC_GetUARTClockSource	16	static
/home/ck/Desktop/Workspace/STM32CubeIDE Workspace/STM32N6570-ThreadX-USB-CDC-AI-Face-Detection/FSBL/../Drivers/STM32N6xx_HAL_Driver/Inc/stm32n6xx_ll_rcc.h:4674:26:LL_RCC_GetXSPIClockSource	16	static
/home/ck/Desktop/Workspace/STM32CubeIDE Workspace/STM32N6570-ThreadX-USB-CDC-AI-Face-Detection/FSBL/../Drivers/STM32N6xx_HAL_Driver/Inc/stm32n6xx_ll_rcc.h:4952:26:LL_RCC_GetTIMPrescaler	4	static
/home/ck/Desktop/Workspace/STM32CubeIDE Workspace/STM32N6570-ThreadX-USB-CDC-AI-Face-Detection/FSBL/../Drivers/STM32N6xx_HAL_Driver/Inc/stm32n6xx_ll_rcc.h:4990:26:LL_RCC_PLL1_GetSource	4	static
/home/ck/Desktop/Workspace/STM32CubeIDE Workspace/STM32N6570-ThreadX-USB-CDC-AI-Face-Detection/FSBL/../Drivers/STM32N6xx_HAL_Driver/Inc/stm32n6xx_ll_rcc.h:5021:26:LL_RCC_PLL1_IsReady	4	static
/home/ck/Desktop/Workspace/STM32CubeIDE Workspace/STM32N6570-ThreadX-USB-CDC-AI-Face-Detection/FSBL/../Drivers/STM32N6xx_HAL_Driver/Inc/stm32n6xx_ll_rcc.h:5194:26:LL_RCC_PLL1_GetN	4	static
/home/ck/Desktop/Workspace/STM32CubeIDE Workspace/STM32N6570-ThreadX-USB-CDC-AI-Face-Detection/FSBL/../Drivers/STM32N6xx_HAL_Driver/Inc/stm32n6xx_ll_rcc.h:5215:26:LL_RCC_PLL1_GetM	4	static
/home/ck/Desktop/Workspace/STM32CubeIDE Workspace/STM32N6570-ThreadX-USB-CDC-AI-Face-Detection/FSBL/../Drivers/STM32N6xx_HAL_Driver/Inc/stm32n6xx_ll_rcc.h:5236:26:LL_RCC_PLL1_GetP1	4	static
/home/ck/Desktop/Workspace/STM32CubeIDE Workspace/STM32N6570-ThreadX-USB-CDC-AI-Face-Detection/FSBL/../Drivers/STM32N6xx_HAL_Driver/Inc/stm32n6xx_ll_rcc.h:5257:26:LL_RCC_PLL1_GetP2	4	static
/home/ck/Desktop/Workspace/STM32CubeIDE Workspace/STM32N6570-ThreadX-USB-CDC-AI-Face-Detection/FSBL/../Drivers/STM32N6xx_HAL_Driver/Inc/stm32n6xx_ll_rcc.h:5289:26:LL_RCC_PLL1P_IsEnabled	4	static
/home/ck/Desktop/Workspace/STM32CubeIDE Workspace/STM32N6570-ThreadX-USB-CDC-AI-Face-Detection/FSBL/../Drivers/STM32N6xx_HAL_Driver/Inc/stm32n6xx_ll_rcc.h:5310:26:LL_RCC_PLL1_GetFRACN	4	static
/home/ck/Desktop/Workspace/STM32CubeIDE Workspace/STM32N6570-ThreadX-USB-CDC-AI-Face-Detection/FSBL/../Drivers/STM32N6xx_HAL_Driver/Inc/stm32n6xx_ll_rcc.h:5340:26:LL_RCC_PLL2_GetSource	4	static
/home/ck/Desktop/Workspace/STM32CubeIDE Workspace/STM32N6570-ThreadX-USB-CDC-AI-Face-Detection/FSBL/../Drivers/STM32N6xx_HAL_Driver/Inc/stm32n6xx_ll_rcc.h:5371:26:LL_RCC_PLL2_IsReady	4	static
/home/ck/Desktop/Workspace/STM32CubeIDE Workspace/STM32N6570-ThreadX-USB-CDC-AI-Face-Detection/FSBL/../Drivers/STM32N6xx_HAL_Driver/Inc/stm32n6xx_ll_rcc.h:5544:26:LL_RCC_PLL2_GetN	4	static
/home/ck/Desktop/Workspace/STM32CubeIDE Workspace/STM32N6570-ThreadX-USB-CDC-AI-Face-Detection/FSBL/../Drivers/STM32N6xx_HAL_Driver/Inc/stm32n6xx_ll_rcc.h:5565:26:LL_RCC_PLL2_GetM	4	static
/home/ck/Desktop/Workspace/STM32CubeIDE Workspace/STM32N6570-ThreadX-USB-CDC-AI-Face-Detection/FSBL/../Drivers/STM32N6xx_HAL_Driver/Inc/stm32n6xx_ll_rcc.h:5586:26:LL_RCC_PLL2_GetP1	4	static
/home/ck/Desktop/Workspace/STM32CubeIDE Workspace/STM32N6570-ThreadX-USB-CDC-AI-Face-Detection/FSBL/../Drivers/STM32N6xx_HAL_Driver/Inc/stm32n6xx_ll_rcc.h:5607:26:LL_RCC_PLL2_GetP2	4	static
/home/ck/Desktop/Workspace/STM32CubeIDE Workspace/STM32N6570-ThreadX-USB-CDC-AI-Face-Detection/FSBL/../Drivers/STM32N6xx_HAL_Driver/Inc/stm32n6xx_ll_rcc.h:5639:26:LL_RCC_PLL2P_IsEnabled	4	static
/home/ck/Desktop/Workspace/STM32CubeIDE Workspace/STM32N6570-ThreadX-USB-CDC-AI-Face-Detection/FSBL/../Drivers/STM32N6xx_HAL_Driver/Inc/stm32n6xx_ll_rcc.h:5660:26:LL_RCC_PLL2_GetFRACN	4	static
/home/ck/Desktop/Workspace/STM32CubeIDE Workspace/STM32N6570-ThreadX-USB-CDC-AI-Face-Detection/FSBL/../Drivers/STM32N6xx_HAL_Driver/Inc/stm32n6xx_ll_rcc.h:5690:26:LL_RCC_PLL3_GetSource	4	static
/home/ck/Desktop/Workspace/STM32CubeIDE Workspace/STM32N6570-ThreadX-USB-CDC-AI-Face-Detection/FSBL/../Drivers/STM32N6xx_HAL_Driver/Inc/stm32n6xx_ll_rcc.h:5721:26:LL_RCC_PLL3_IsReady	4	static
/home/ck/Desktop/Workspace/STM32CubeIDE Workspace/STM32N6570-ThreadX-USB-CDC-AI-Face-Detection/FSBL/../Drivers/STM32N6xx_HAL_Driver/Inc/stm32n6xx_ll_rcc.h:5894:26:LL_RCC_PLL3_GetN	4	static
/home/ck/Desktop/Workspace/STM32CubeIDE Workspace/STM32N6570-ThreadX-USB-CDC-AI-Face-Detection/FSBL/../Drivers/STM32N6xx_HAL_Driver/Inc/stm32n6xx_ll_rcc.h:5915:26:LL_RCC_PLL3_GetM	4	static
/home/ck/Desktop/Workspace/STM32CubeIDE Workspace/STM32N6570-ThreadX-USB-CDC-AI-Face-Detection/FSBL/../Drivers/STM32N6xx_HAL_Driver/Inc/stm32n6xx_ll_rcc.h:5936:26:LL_RCC_PLL3_GetP1	4	static
/home/ck/Desktop/Workspace/STM32CubeIDE Workspace/STM32N6570-ThreadX-USB-CDC-AI-Face-Detection/FSBL/../Drivers/STM32N6xx_HAL_Driver/Inc/stm32n6xx_ll_rcc.h:5957:26:LL_RCC_PLL3_GetP2	4	static
/home/ck/Desktop/Workspace/STM32CubeIDE Workspace/STM32N6570-ThreadX-USB-CDC-AI-Face-Detection/FSBL/../Drivers/STM32N6xx_HAL_Driver/Inc/stm32n6xx_ll_rcc.h:5989:26:LL_RCC_PLL3P_IsEnabled	4	static
/home/ck/Desktop/Workspace/STM32CubeIDE Workspace/STM32N6570-ThreadX-USB-CDC-AI-Face-Detection/FSBL/../Drivers/STM32N6xx_HAL_Driver/Inc/stm32n6xx_ll_rcc.h:6010:26:LL_RCC_PLL3_GetFRACN	4	static
/home/ck/Desktop/Workspace/STM32CubeIDE Workspace/STM32N6570-ThreadX-USB-CDC-AI-Face-Detection/FSBL/../Drivers/STM32N6xx_HAL_Driver/Inc/stm32n6xx_ll_rcc.h:6040:26:LL_RCC_PLL4_GetSource	4	static
/home/ck/Desktop/Workspace/STM32CubeIDE Workspace/STM32N6570-ThreadX-USB-CDC-AI-Face-Detection/FSBL/../Drivers/STM32N6xx_HAL_Driver/Inc/stm32n6xx_ll_rcc.h:6071:26:LL_RCC_PLL4_IsReady	4	static
/home/ck/Desktop/Workspace/STM32CubeIDE Workspace/STM32N6570-ThreadX-USB-CDC-AI-Face-Detection/FSBL/../Drivers/STM32N6xx_HAL_Driver/Inc/stm32n6xx_ll_rcc.h:6244:26:LL_RCC_PLL4_GetN	4	static
/home/ck/Desktop/Workspace/STM32CubeIDE Workspace/STM32N6570-ThreadX-USB-CDC-AI-Face-Detection/FSBL/../Drivers/STM32N6xx_HAL_Driver/Inc/stm32n6xx_ll_rcc.h:6265:26:LL_RCC_PLL4_GetM	4	static
/home/ck/Desktop/Workspace/STM32CubeIDE Workspace/STM32N6570-ThreadX-USB-CDC-AI-Face-Detection/FSBL/../Drivers/STM32N6xx_HAL_Driver/Inc/stm32n6xx_ll_rcc.h:6286:26:LL_RCC_PLL4_GetP1	4	static
/home/ck/Desktop/Workspace/STM32CubeIDE Workspace/STM32N6570-ThreadX-USB-CDC-AI-Face-Detection/FSBL/../Drivers/STM32N6xx_HAL_Driver/Inc/stm32n6xx_ll_rcc.h:6307:26:LL_RCC_PLL4_GetP2	4	static
/home/ck/Desktop/Workspace/STM32CubeIDE Workspace/STM32N6570-ThreadX-USB-CDC-AI-Face-Detection/FSBL/../Drivers/STM32N6xx_HAL_Driver/Inc/stm32n6xx_ll_rcc.h:6339:26:LL_RCC_PLL4P_IsEnabled	4	static
/home/ck/Desktop/Workspace/STM32CubeIDE Workspace/STM32N6570-ThreadX-USB-CDC-AI-Face-Detection/FSBL/../Drivers/STM32N6xx_HAL_Driver/Inc/stm32n6xx_ll_rcc.h:6360:26:LL_RCC_PLL4_GetFRACN	4	static
/home/ck/Desktop/Workspace/STM32CubeIDE Workspace/STM32N6570-ThreadX-USB-CDC-AI-Face-Detection/FSBL/../Drivers/STM32N6xx_HAL_Driver/Inc/stm32n6xx_ll_rcc.h:6419:26:LL_RCC_IC1_GetSource	4	static
/home/ck/Desktop/Workspace/STM32CubeIDE Workspace/STM32N6570-ThreadX-USB-CDC-AI-Face-Detection/FSBL/../Drivers/STM32N6xx_HAL_Driver/Inc/stm32n6xx_ll_rcc.h:6440:26:LL_RCC_IC1_GetDivider	4	static
/home/ck/Desktop/Workspace/STM32CubeIDE Workspace/STM32N6570-ThreadX-USB-CDC-AI-Face-Detection/FSBL/../Drivers/STM32N6xx_HAL_Driver/Inc/stm32n6xx_ll_rcc.h:6499:26:LL_RCC_IC2_GetSource	4	static
/home/ck/Desktop/Workspace/STM32CubeIDE Workspace/STM32N6570-ThreadX-USB-CDC-AI-Face-Detection/FSBL/../Drivers/STM32N6xx_HAL_Driver/Inc/stm32n6xx_ll_rcc.h:6520:26:LL_RCC_IC2_GetDivider	4	static
/home/ck/Desktop/Workspace/STM32CubeIDE Workspace/STM32N6570-ThreadX-USB-CDC-AI-Face-Detection/FSBL/../Drivers/STM32N6xx_HAL_Driver/Inc/stm32n6xx_ll_rcc.h:6550:26:LL_RCC_IC3_IsEnabled	4	static
/home/ck/Desktop/Workspace/STM32CubeIDE Workspace/STM32N6570-ThreadX-USB-CDC-AI-Face-Detection/FSBL/../Drivers/STM32N6xx_HAL_Driver/Inc/stm32n6xx_ll_rcc.h:6579:26:LL_RCC_IC3_GetSource	4	static
/home/ck/Desktop/Workspace/STM32CubeIDE Workspace/STM32N6570-ThreadX-USB-CDC-AI-Face-Detection/FSBL/../Drivers/STM32N6xx_HAL_Driver/Inc/stm32n6xx_ll_rcc.h:6600:26:LL_RCC_IC3_GetDivider	4	static
/home/ck/Desktop/Workspace/STM32CubeIDE Workspace/STM32N6570-ThreadX-USB-CDC-AI-Face-Detection/FSBL/../Drivers/STM32N6xx_HAL_Driver/Inc/stm32n6xx_ll_rcc.h:6630:26:LL_RCC_IC4_IsEnabled	4	static
/home/ck/Desktop/Workspace/STM32CubeIDE Workspace/STM32N6570-ThreadX-USB-CDC-AI-Face-Detection/FSBL/../Drivers/STM32N6xx_HAL_Driver/Inc/stm32n6xx_ll_rcc.h:6659:26:LL_RCC_IC4_GetSource	4	static
/home/ck/Desktop/Workspace/STM32CubeIDE Workspace/STM32N6570-ThreadX-USB-CDC-AI-Face-Detection/FSBL/../Drivers/STM32N6xx_HAL_Driver/Inc/stm32n6xx_ll_rcc.h:6680:26:LL_RCC_IC4_GetDivider	4	static
/home/ck/Desktop/Workspace/STM32CubeIDE Workspace/STM32N6570-ThreadX-USB-CDC-AI-Face-Detection/FSBL/../Drivers/STM32N6xx_HAL_Driver/Inc/stm32n6xx_ll_rcc.h:6710:26:LL_RCC_IC5_IsEnabled	4	static
/home/ck/Desktop/Workspace/STM32CubeIDE Workspace/STM32N6570-ThreadX-USB-CDC-AI-Face-Detection/FSBL/../Drivers/STM32N6xx_HAL_Driver/Inc/stm32n6xx_ll_rcc.h:6739:26:LL_RCC_IC5_GetSource	4	static
/home/ck/Desktop/Workspace/STM32CubeIDE Workspace/STM32N6570-ThreadX-USB-CDC-AI-Face-Detection/FSBL/../Drivers/STM32N6xx_HAL_Driver/Inc/stm32n6xx_ll_rcc.h:6760:26:LL_RCC_IC5_GetDivider	4	static
/home/ck/Desktop/Workspace/STM32CubeIDE Workspace/STM32N6570-ThreadX-USB-CDC-AI-Face-Detection/FSBL/../Drivers/STM32N6xx_HAL_Driver/Inc/stm32n6xx_ll_rcc.h:6870:26:LL_RCC_IC7_IsEnabled	4	static
/home/ck/Desktop/Workspace/STM32CubeIDE Workspace/STM32N6570-ThreadX-USB-CDC-AI-Face-Detection/FSBL/../Drivers/STM32N6xx_HAL_Driver/Inc/stm32n6xx_ll_rcc.h:6899:26:LL_RCC_IC7_GetSource	4	static
/home/ck/Desktop/Workspace/STM32CubeIDE Workspace/STM32N6570-ThreadX-USB-CDC-AI-Face-Detection/FSBL/../Drivers/STM32N6xx_HAL_Driver/Inc/stm32n6xx_ll_rcc.h:6920:26:LL_RCC_IC7_GetDivider	4	static
/home/ck/Desktop/Workspace/STM32CubeIDE Workspace/STM32N6570-ThreadX-USB-CDC-AI-Face-Detection/FSBL/../Drivers/STM32N6xx_HAL_Driver/Inc/stm32n6xx_ll_rcc.h:6950:26:LL_RCC_IC8_IsEnabled	4	static
/home/ck/Desktop/Workspace/STM32CubeIDE Workspace/STM32N6570-ThreadX-USB-CDC-AI-Face-Detection/FSBL/../Drivers/STM32N6xx_HAL_Driver/Inc/stm32n6xx_ll_rcc.h:6979:26:LL_RCC_IC8_GetSource	4	static
/home/ck/Desktop/Workspace/STM32CubeIDE Workspace/STM32N6570-ThreadX-USB-CDC-AI-Face-Detection/FSBL/../Drivers/STM32N6xx_HAL_Driver/Inc/stm32n6xx_ll_rcc.h:7000:26:LL_RCC_IC8_GetDivider	4	static
/home/ck/Desktop/Workspace/STM32CubeIDE Workspace/STM32N6570-ThreadX-USB-CDC-AI-Face-Detection/FSBL/../Drivers/STM32N6xx_HAL_Driver/Inc/stm32n6xx_ll_rcc.h:7030:26:LL_RCC_IC9_IsEnabled	4	static
/home/ck/Desktop/Workspace/STM32CubeIDE Workspace/STM32N6570-ThreadX-USB-CDC-AI-Face-Detection/FSBL/../Drivers/STM32N6xx_HAL_Driver/Inc/stm32n6xx_ll_rcc.h:7059:26:LL_RCC_IC9_GetSource	4	static
/home/ck/Desktop/Workspace/STM32CubeIDE Workspace/STM32N6570-ThreadX-USB-CDC-AI-Face-Detection/FSBL/../Drivers/STM32N6xx_HAL_Driver/Inc/stm32n6xx_ll_rcc.h:7080:26:LL_RCC_IC9_GetDivider	4	static
/home/ck/Desktop/Workspace/STM32CubeIDE Workspace/STM32N6570-ThreadX-USB-CDC-AI-Face-Detection/FSBL/../Drivers/STM32N6xx_HAL_Driver/Inc/stm32n6xx_ll_rcc.h:7110:26:LL_RCC_IC10_IsEnabled	4	static
/home/ck/Desktop/Workspace/STM32CubeIDE Workspace/STM32N6570-ThreadX-USB-CDC-AI-Face-Detection/FSBL/../Drivers/STM32N6xx_HAL_Driver/Inc/stm32n6xx_ll_rcc.h:7139:26:LL_RCC_IC10_GetSource	4	static
/home/ck/Desktop/Workspace/STM32CubeIDE Workspace/STM32N6570-ThreadX-USB-CDC-AI-Face-Detection/FSBL/../Drivers/STM32N6xx_HAL_Driver/Inc/stm32n6xx_ll_rcc.h:7160:26:LL_RCC_IC10_GetDivider	4	static
/home/ck/Desktop/Workspace/STM32CubeIDE Workspace/STM32N6570-ThreadX-USB-CDC-AI-Face-Detection/FSBL/../Drivers/STM32N6xx_HAL_Driver/Inc/stm32n6xx_ll_rcc.h:7270:26:LL_RCC_IC12_IsEnabled	4	static
/home/ck/Desktop/Workspace/STM32CubeIDE Workspace/STM32N6570-ThreadX-USB-CDC-AI-Face-Detection/FSBL/../Drivers/STM32N6xx_HAL_Driver/Inc/stm32n6xx_ll_rcc.h:7299:26:LL_RCC_IC12_GetSource	4	static
/home/ck/Desktop/Workspace/STM32CubeIDE Workspace/STM32N6570-ThreadX-USB-CDC-AI-Face-Detection/FSBL/../Drivers/STM32N6xx_HAL_Driver/Inc/stm32n6xx_ll_rcc.h:7320:26:LL_RCC_IC12_GetDivider	4	static
/home/ck/Desktop/Workspace/STM32CubeIDE Workspace/STM32N6570-ThreadX-USB-CDC-AI-Face-Detection/FSBL/../Drivers/STM32N6xx_HAL_Driver/Inc/stm32n6xx_ll_rcc.h:7350:26:LL_RCC_IC13_IsEnabled	4	static
/home/ck/Desktop/Workspace/STM32CubeIDE Workspace/STM32N6570-ThreadX-USB-CDC-AI-Face-Detection/FSBL/../Drivers/STM32N6xx_HAL_Driver/Inc/stm32n6xx_ll_rcc.h:7379:26:LL_RCC_IC13_GetSource	4	static
/home/ck/Desktop/Workspace/STM32CubeIDE Workspace/STM32N6570-ThreadX-USB-CDC-AI-Face-Detection/FSBL/../Drivers/STM32N6xx_HAL_Driver/Inc/stm32n6xx_ll_rcc.h:7400:26:LL_RCC_IC13_GetDivider	4	static
/home/ck/Desktop/Workspace/STM32CubeIDE Workspace/STM32N6570-ThreadX-USB-CDC-AI-Face-Detection/FSBL/../Drivers/STM32N6xx_HAL_Driver/Inc/stm32n6xx_ll_rcc.h:7430:26:LL_RCC_IC14_IsEnabled	4	static
/home/ck/Desktop/Workspace/STM32CubeIDE Workspace/STM32N6570-ThreadX-USB-CDC-AI-Face-Detection/FSBL/../Drivers/STM32N6xx_HAL_Driver/Inc/stm32n6xx_ll_rcc.h:7459:26:LL_RCC_IC14_GetSource	4	static
/home/ck/Desktop/Workspace/STM32CubeIDE Workspace/STM32N6570-ThreadX-USB-CDC-AI-Face-Detection/FSBL/../Drivers/STM32N6xx_HAL_Driver/Inc/stm32n6xx_ll_rcc.h:7480:26:LL_RCC_IC14_GetDivider	4	static
/home/ck/Desktop/Workspace/STM32CubeIDE Workspace/STM32N6570-ThreadX-USB-CDC-AI-Face-Detection/FSBL/../Drivers/STM32N6xx_HAL_Driver/Inc/stm32n6xx_ll_rcc.h:7510:26:LL_RCC_IC15_IsEnabled	4	static
/home/ck/Desktop/Workspace/STM32CubeIDE Workspace/STM32N6570-ThreadX-USB-CDC-AI-Face-Detection/FSBL/../Drivers/STM32N6xx_HAL_Driver/Inc/stm32n6xx_ll_rcc.h:7539:26:LL_RCC_IC15_GetSource	4	static
/home/ck/Desktop/Workspace/STM32CubeIDE Workspace/STM32N6570-ThreadX-USB-CDC-AI-Face-Detection/FSBL/../Drivers/STM32N6xx_HAL_Driver/Inc/stm32n6xx_ll_rcc.h:7560:26:LL_RCC_IC15_GetDivider	4	static
/home/ck/Desktop/Workspace/STM32CubeIDE Workspace/STM32N6570-ThreadX-USB-CDC-AI-Face-Detection/FSBL/../Drivers/STM32N6xx_HAL_Driver/Inc/stm32n6xx_ll_rcc.h:7590:26:LL_RCC_IC16_IsEnabled	4	static
/home/ck/Desktop/Workspace/STM32CubeIDE Workspace/STM32N6570-ThreadX-USB-CDC-AI-Face-Detection/FSBL/../Drivers/STM32N6xx_HAL_Driver/Inc/stm32n6xx_ll_rcc.h:7619:26:LL_RCC_IC16_GetSource	4	static
/home/ck/Desktop/Workspace/STM32CubeIDE Workspace/STM32N6570-ThreadX-USB-CDC-AI-Face-Detection/FSBL/../Drivers/STM32N6xx_HAL_Driver/Inc/stm32n6xx_ll_rcc.h:7640:26:LL_RCC_IC16_GetDivider	4	static
/home/ck/Desktop/Workspace/STM32CubeIDE Workspace/STM32N6570-ThreadX-USB-CDC-AI-Face-Detection/FSBL/../Drivers/STM32N6xx_HAL_Driver/Inc/stm32n6xx_ll_rcc.h:7670:26:LL_RCC_IC17_IsEnabled	4	static
/home/ck/Desktop/Workspace/STM32CubeIDE Workspace/STM32N6570-ThreadX-USB-CDC-AI-Face-Detection/FSBL/../Drivers/STM32N6xx_HAL_Driver/Inc/stm32n6xx_ll_rcc.h:7699:26:LL_RCC_IC17_GetSource	4	static
/home/ck/Desktop/Workspace/STM32CubeIDE Workspace/STM32N6570-ThreadX-USB-CDC-AI-Face-Detection/FSBL/../Drivers/STM32N6xx_HAL_Driver/Inc/stm32n6xx_ll_rcc.h:7720:26:LL_RCC_IC17_GetDivider	4	static
/home/ck/Desktop/Workspace/STM32CubeIDE Workspace/STM32N6570-ThreadX-USB-CDC-AI-Face-Detection/FSBL/../Drivers/STM32N6xx_HAL_Driver/Inc/stm32n6xx_ll_rcc.h:7830:26:LL_RCC_IC19_IsEnabled	4	static
/home/ck/Desktop/Workspace/STM32CubeIDE Workspace/STM32N6570-ThreadX-USB-CDC-AI-Face-Detection/FSBL/../Drivers/STM32N6xx_HAL_Driver/Inc/stm32n6xx_ll_rcc.h:7859:26:LL_RCC_IC19_GetSource	4	static
/home/ck/Desktop/Workspace/STM32CubeIDE Workspace/STM32N6570-ThreadX-USB-CDC-AI-Face-Detection/FSBL/../Drivers/STM32N6xx_HAL_Driver/Inc/stm32n6xx_ll_rcc.h:7880:26:LL_RCC_IC19_GetDivider	4	static
/home/ck/Desktop/Workspace/STM32CubeIDE Workspace/STM32N6570-ThreadX-USB-CDC-AI-Face-Detection/FSBL/../Drivers/STM32N6xx_HAL_Driver/Inc/stm32n6xx_ll_rcc.h:7910:26:LL_RCC_IC20_IsEnabled	4	static
/home/ck/Desktop/Workspace/STM32CubeIDE Workspace/STM32N6570-ThreadX-USB-CDC-AI-Face-Detection/FSBL/../Drivers/STM32N6xx_HAL_Driver/Inc/stm32n6xx_ll_rcc.h:7939:26:LL_RCC_IC20_GetSource	4	static
/home/ck/Desktop/Workspace/STM32CubeIDE Workspace/STM32N6570-ThreadX-USB-CDC-AI-Face-Detection/FSBL/../Drivers/STM32N6xx_HAL_Driver/Inc/stm32n6xx_ll_rcc.h:7960:26:LL_RCC_IC20_GetDivider	4	static
/home/ck/Desktop/Workspace/STM32CubeIDE Workspace/STM32N6570-ThreadX-USB-CDC-AI-Face-Detection/Drivers/STM32N6xx_HAL_Driver/Src/stm32n6xx_ll_rcc.c:157:6:LL_RCC_DeInit	8	static
/home/ck/Desktop/Workspace/STM32CubeIDE Workspace/STM32N6570-ThreadX-USB-CDC-AI-Face-Detection/Drivers/STM32N6xx_HAL_Driver/Src/stm32n6xx_ll_rcc.c:321:6:LL_RCC_GetSystemClocksFreq	16	static
/home/ck/Desktop/Workspace/STM32CubeIDE Workspace/STM32N6570-ThreadX-USB-CDC-AI-Face-Detection/Drivers/STM32N6xx_HAL_Driver/Src/stm32n6xx_ll_rcc.c:349:10:LL_RCC_GetCpuClockFreq	16	static
/home/ck/Desktop/Workspace/STM32CubeIDE Workspace/STM32N6570-ThreadX-USB-CDC-AI-Face-Detection/Drivers/STM32N6xx_HAL_Driver/Src/stm32n6xx_ll_rcc.c:408:10:LL_RCC_GetSystemClockFreq	16	static
/home/ck/Desktop/Workspace/STM32CubeIDE Workspace/STM32N6570-ThreadX-USB-CDC-AI-Face-Detection/Drivers/STM32N6xx_HAL_Driver/Src/stm32n6xx_ll_rcc.c:468:10:LL_RCC_GetPLL1ClockFreq	48	static
/home/ck/Desktop/Workspace/STM32CubeIDE Workspace/STM32N6570-ThreadX-USB-CDC-AI-Face-Detection/Drivers/STM32N6xx_HAL_Driver/Src/stm32n6xx_ll_rcc.c:538:10:LL_RCC_GetPLL2ClockFreq	48	static
/home/ck/Desktop/Workspace/STM32CubeIDE Workspace/STM32N6570-ThreadX-USB-CDC-AI-Face-Detection/Drivers/STM32N6xx_HAL_Driver/Src/stm32n6xx_ll_rcc.c:608:10:LL_RCC_GetPLL3ClockFreq	48	static
/home/ck/Desktop/Workspace/STM32CubeIDE Workspace/STM32N6570-ThreadX-USB-CDC-AI-Face-Detection/Drivers/STM32N6xx_HAL_Driver/Src/stm32n6xx_ll_rcc.c:678:10:LL_RCC_GetPLL4ClockFreq	48	static
/home/ck/Desktop/Workspace/STM32CubeIDE Workspace/STM32N6570-ThreadX-USB-CDC-AI-Face-Detection/Drivers/STM32N6xx_HAL_Driver/Src/stm32n6xx_ll_rcc.c:755:10:LL_RCC_CalcPLLClockFreq	32	static
/home/ck/Desktop/Workspace/STM32CubeIDE Workspace/STM32N6570-ThreadX-USB-CDC-AI-Face-Detection/Drivers/STM32N6xx_HAL_Driver/Src/stm32n6xx_ll_rcc.c:775:10:LL_RCC_GetADCClockFreq	32	static
/home/ck/Desktop/Workspace/STM32CubeIDE Workspace/STM32N6570-ThreadX-USB-CDC-AI-Face-Detection/Drivers/STM32N6xx_HAL_Driver/Src/stm32n6xx_ll_rcc.c:888:10:LL_RCC_GetADFClockFreq	32	static
/home/ck/Desktop/Workspace/STM32CubeIDE Workspace/STM32N6570-ThreadX-USB-CDC-AI-Face-Detection/Drivers/STM32N6xx_HAL_Driver/Src/stm32n6xx_ll_rcc.c:1001:10:LL_RCC_GetCLKPClockFreq	24	static
/home/ck/Desktop/Workspace/STM32CubeIDE Workspace/STM32N6570-ThreadX-USB-CDC-AI-Face-Detection/Drivers/STM32N6xx_HAL_Driver/Src/stm32n6xx_ll_rcc.c:1189:10:LL_RCC_GetDCMIPPClockFreq	24	static
/home/ck/Desktop/Workspace/STM32CubeIDE Workspace/STM32N6570-ThreadX-USB-CDC-AI-Face-Detection/Drivers/STM32N6xx_HAL_Driver/Src/stm32n6xx_ll_rcc.c:1258:10:LL_RCC_GetETHClockFreq	24	static
/home/ck/Desktop/Workspace/STM32CubeIDE Workspace/STM32N6570-ThreadX-USB-CDC-AI-Face-Detection/Drivers/STM32N6xx_HAL_Driver/Src/stm32n6xx_ll_rcc.c:1327:10:LL_RCC_GetETHPTPClockFreq	24	static
/home/ck/Desktop/Workspace/STM32CubeIDE Workspace/STM32N6570-ThreadX-USB-CDC-AI-Face-Detection/Drivers/STM32N6xx_HAL_Driver/Src/stm32n6xx_ll_rcc.c:1402:10:LL_RCC_GetFDCANClockFreq	24	static
/home/ck/Desktop/Workspace/STM32CubeIDE Workspace/STM32N6570-ThreadX-USB-CDC-AI-Face-Detection/Drivers/STM32N6xx_HAL_Driver/Src/stm32n6xx_ll_rcc.c:1468:10:LL_RCC_GetFMCClockFreq	24	static
/home/ck/Desktop/Workspace/STM32CubeIDE Workspace/STM32N6570-ThreadX-USB-CDC-AI-Face-Detection/Drivers/STM32N6xx_HAL_Driver/Src/stm32n6xx_ll_rcc.c:1559:10:LL_RCC_GetI2CClockFreq	24	static
/home/ck/Desktop/Workspace/STM32CubeIDE Workspace/STM32N6570-ThreadX-USB-CDC-AI-Face-Detection/Drivers/STM32N6xx_HAL_Driver/Src/stm32n6xx_ll_rcc.c:1683:10:LL_RCC_GetI3CClockFreq	24	static
/home/ck/Desktop/Workspace/STM32CubeIDE Workspace/STM32N6570-ThreadX-USB-CDC-AI-Face-Detection/Drivers/STM32N6xx_HAL_Driver/Src/stm32n6xx_ll_rcc.c:1798:10:LL_RCC_GetLPTIMClockFreq	32	static
/home/ck/Desktop/Workspace/STM32CubeIDE Workspace/STM32N6570-ThreadX-USB-CDC-AI-Face-Detection/Drivers/STM32N6xx_HAL_Driver/Src/stm32n6xx_ll_rcc.c:1905:10:LL_RCC_GetLPUARTClockFreq	24	static
/home/ck/Desktop/Workspace/STM32CubeIDE Workspace/STM32N6570-ThreadX-USB-CDC-AI-Face-Detection/Drivers/STM32N6xx_HAL_Driver/Src/stm32n6xx_ll_rcc.c:2014:10:LL_RCC_GetLTDCClockFreq	24	static
/home/ck/Desktop/Workspace/STM32CubeIDE Workspace/STM32N6570-ThreadX-USB-CDC-AI-Face-Detection/Drivers/STM32N6xx_HAL_Driver/Src/stm32n6xx_ll_rcc.c:2083:10:LL_RCC_GetMDFClockFreq	32	static
/home/ck/Desktop/Workspace/STM32CubeIDE Workspace/STM32N6570-ThreadX-USB-CDC-AI-Face-Detection/Drivers/STM32N6xx_HAL_Driver/Src/stm32n6xx_ll_rcc.c:2197:10:LL_RCC_GetOTGPHYClockFreq	24	static
/home/ck/Desktop/Workspace/STM32CubeIDE Workspace/STM32N6570-ThreadX-USB-CDC-AI-Face-Detection/Drivers/STM32N6xx_HAL_Driver/Src/stm32n6xx_ll_rcc.c:2281:10:LL_RCC_GetOTGPHYCKREFClockFreq	24	static
/home/ck/Desktop/Workspace/STM32CubeIDE Workspace/STM32N6570-ThreadX-USB-CDC-AI-Face-Detection/Drivers/STM32N6xx_HAL_Driver/Src/stm32n6xx_ll_rcc.c:2328:10:LL_RCC_GetPSSIClockFreq	24	static
/home/ck/Desktop/Workspace/STM32CubeIDE Workspace/STM32N6570-ThreadX-USB-CDC-AI-Face-Detection/Drivers/STM32N6xx_HAL_Driver/Src/stm32n6xx_ll_rcc.c:2398:10:LL_RCC_GetSAIClockFreq	24	static
/home/ck/Desktop/Workspace/STM32CubeIDE Workspace/STM32N6570-ThreadX-USB-CDC-AI-Face-Detection/Drivers/STM32N6xx_HAL_Driver/Src/stm32n6xx_ll_rcc.c:2520:10:LL_RCC_GetSDMMCClockFreq	24	static
/home/ck/Desktop/Workspace/STM32CubeIDE Workspace/STM32N6570-ThreadX-USB-CDC-AI-Face-Detection/Drivers/STM32N6xx_HAL_Driver/Src/stm32n6xx_ll_rcc.c:2615:10:LL_RCC_GetSPDIFRXClockFreq	24	static
/home/ck/Desktop/Workspace/STM32CubeIDE Workspace/STM32N6570-ThreadX-USB-CDC-AI-Face-Detection/Drivers/STM32N6xx_HAL_Driver/Src/stm32n6xx_ll_rcc.c:2729:10:LL_RCC_GetSPIClockFreq	24	static
/home/ck/Desktop/Workspace/STM32CubeIDE Workspace/STM32N6570-ThreadX-USB-CDC-AI-Face-Detection/Drivers/STM32N6xx_HAL_Driver/Src/stm32n6xx_ll_rcc.c:2917:10:LL_RCC_GetUARTClockFreq	24	static
/home/ck/Desktop/Workspace/STM32CubeIDE Workspace/STM32N6570-ThreadX-USB-CDC-AI-Face-Detection/Drivers/STM32N6xx_HAL_Driver/Src/stm32n6xx_ll_rcc.c:3064:10:LL_RCC_GetUSARTClockFreq	24	static
/home/ck/Desktop/Workspace/STM32CubeIDE Workspace/STM32N6570-ThreadX-USB-CDC-AI-Face-Detection/Drivers/STM32N6xx_HAL_Driver/Src/stm32n6xx_ll_rcc.c:3210:10:LL_RCC_GetXSPIClockFreq	24	static
/home/ck/Desktop/Workspace/STM32CubeIDE Workspace/STM32N6570-ThreadX-USB-CDC-AI-Face-Detection/Drivers/STM32N6xx_HAL_Driver/Src/stm32n6xx_ll_rcc.c:3316:17:RCC_GetHCLKClockFreq	16	static
/home/ck/Desktop/Workspace/STM32CubeIDE Workspace/STM32N6570-ThreadX-USB-CDC-AI-Face-Detection/Drivers/STM32N6xx_HAL_Driver/Src/stm32n6xx_ll_rcc.c:3327:17:RCC_GetPCLK1ClockFreq	16	static
/home/ck/Desktop/Workspace/STM32CubeIDE Workspace/STM32N6570-ThreadX-USB-CDC-AI-Face-Detection/Drivers/STM32N6xx_HAL_Driver/Src/stm32n6xx_ll_rcc.c:3338:17:RCC_GetPCLK2ClockFreq	16	static
/home/ck/Desktop/Workspace/STM32CubeIDE Workspace/STM32N6570-ThreadX-USB-CDC-AI-Face-Detection/Drivers/STM32N6xx_HAL_Driver/Src/stm32n6xx_ll_rcc.c:3349:17:RCC_GetPCLK4ClockFreq	16	static
/home/ck/Desktop/Workspace/STM32CubeIDE Workspace/STM32N6570-ThreadX-USB-CDC-AI-Face-Detection/Drivers/STM32N6xx_HAL_Driver/Src/stm32n6xx_ll_rcc.c:3360:17:RCC_GetPCLK5ClockFreq	16	static
