/home/ck/Desktop/Workspace/STM32CubeIDE Workspace/STM32N6570_USBD_CDC_FACE_DETECT/Drivers/STM32N6xx_HAL_Driver/Src/stm32n6xx_hal_pcd.c:123:19:HAL_PCD_Init	32	static
/home/ck/Desktop/Workspace/STM32CubeIDE Workspace/STM32N6570_USBD_CDC_FACE_DETECT/Drivers/STM32N6xx_HAL_Driver/Src/stm32n6xx_hal_pcd.c:239:19:HAL_PCD_DeInit	16	static
/home/ck/Desktop/Workspace/STM32CubeIDE Workspace/STM32N6570_USBD_CDC_FACE_DETECT/Drivers/STM32N6xx_HAL_Driver/Src/stm32n6xx_hal_pcd.c:278:13:HAL_PCD_MspInit	16	static
/home/ck/Desktop/Workspace/STM32CubeIDE Workspace/STM32N6570_USBD_CDC_FACE_DETECT/Drivers/STM32N6xx_HAL_Driver/Src/stm32n6xx_hal_pcd.c:293:13:HAL_PCD_MspDeInit	16	static
/home/ck/Desktop/Workspace/STM32CubeIDE Workspace/STM32N6570_USBD_CDC_FACE_DETECT/Drivers/STM32N6xx_HAL_Driver/Src/stm32n6xx_hal_pcd.c:915:19:HAL_PCD_Start	16	static
/home/ck/Desktop/Workspace/STM32CubeIDE Workspace/STM32N6570_USBD_CDC_FACE_DETECT/Drivers/STM32N6xx_HAL_Driver/Src/stm32n6xx_hal_pcd.c:930:19:HAL_PCD_Stop	16	static
/home/ck/Desktop/Workspace/STM32CubeIDE Workspace/STM32N6570_USBD_CDC_FACE_DETECT/Drivers/STM32N6xx_HAL_Driver/Src/stm32n6xx_hal_pcd.c:948:6:HAL_PCD_IRQHandler	64	static
/home/ck/Desktop/Workspace/STM32CubeIDE Workspace/STM32N6570_USBD_CDC_FACE_DETECT/Drivers/STM32N6xx_HAL_Driver/Src/stm32n6xx_hal_pcd.c:1411:13:HAL_PCD_DataOutStageCallback	16	static
/home/ck/Desktop/Workspace/STM32CubeIDE Workspace/STM32N6570_USBD_CDC_FACE_DETECT/Drivers/STM32N6xx_HAL_Driver/Src/stm32n6xx_hal_pcd.c:1428:13:HAL_PCD_DataInStageCallback	16	static
/home/ck/Desktop/Workspace/STM32CubeIDE Workspace/STM32N6570_USBD_CDC_FACE_DETECT/Drivers/STM32N6xx_HAL_Driver/Src/stm32n6xx_hal_pcd.c:1443:13:HAL_PCD_SetupStageCallback	16	static
/home/ck/Desktop/Workspace/STM32CubeIDE Workspace/STM32N6570_USBD_CDC_FACE_DETECT/Drivers/STM32N6xx_HAL_Driver/Src/stm32n6xx_hal_pcd.c:1458:13:HAL_PCD_SOFCallback	16	static
/home/ck/Desktop/Workspace/STM32CubeIDE Workspace/STM32N6570_USBD_CDC_FACE_DETECT/Drivers/STM32N6xx_HAL_Driver/Src/stm32n6xx_hal_pcd.c:1473:13:HAL_PCD_ResetCallback	16	static
/home/ck/Desktop/Workspace/STM32CubeIDE Workspace/STM32N6570_USBD_CDC_FACE_DETECT/Drivers/STM32N6xx_HAL_Driver/Src/stm32n6xx_hal_pcd.c:1488:13:HAL_PCD_SuspendCallback	16	static
/home/ck/Desktop/Workspace/STM32CubeIDE Workspace/STM32N6570_USBD_CDC_FACE_DETECT/Drivers/STM32N6xx_HAL_Driver/Src/stm32n6xx_hal_pcd.c:1503:13:HAL_PCD_ResumeCallback	16	static
/home/ck/Desktop/Workspace/STM32CubeIDE Workspace/STM32N6570_USBD_CDC_FACE_DETECT/Drivers/STM32N6xx_HAL_Driver/Src/stm32n6xx_hal_pcd.c:1519:13:HAL_PCD_ISOOUTIncompleteCallback	16	static
/home/ck/Desktop/Workspace/STM32CubeIDE Workspace/STM32N6570_USBD_CDC_FACE_DETECT/Drivers/STM32N6xx_HAL_Driver/Src/stm32n6xx_hal_pcd.c:1536:13:HAL_PCD_ISOINIncompleteCallback	16	static
/home/ck/Desktop/Workspace/STM32CubeIDE Workspace/STM32N6570_USBD_CDC_FACE_DETECT/Drivers/STM32N6xx_HAL_Driver/Src/stm32n6xx_hal_pcd.c:1552:13:HAL_PCD_ConnectCallback	16	static
/home/ck/Desktop/Workspace/STM32CubeIDE Workspace/STM32N6570_USBD_CDC_FACE_DETECT/Drivers/STM32N6xx_HAL_Driver/Src/stm32n6xx_hal_pcd.c:1567:13:HAL_PCD_DisconnectCallback	16	static
/home/ck/Desktop/Workspace/STM32CubeIDE Workspace/STM32N6570_USBD_CDC_FACE_DETECT/Drivers/STM32N6xx_HAL_Driver/Src/stm32n6xx_hal_pcd.c:1601:19:HAL_PCD_DevConnect	16	static
/home/ck/Desktop/Workspace/STM32CubeIDE Workspace/STM32N6570_USBD_CDC_FACE_DETECT/Drivers/STM32N6xx_HAL_Driver/Src/stm32n6xx_hal_pcd.c:1615:19:HAL_PCD_DevDisconnect	16	static
/home/ck/Desktop/Workspace/STM32CubeIDE Workspace/STM32N6570_USBD_CDC_FACE_DETECT/Drivers/STM32N6xx_HAL_Driver/Src/stm32n6xx_hal_pcd.c:1630:19:HAL_PCD_SetAddress	16	static
/home/ck/Desktop/Workspace/STM32CubeIDE Workspace/STM32N6570_USBD_CDC_FACE_DETECT/Drivers/STM32N6xx_HAL_Driver/Src/stm32n6xx_hal_pcd.c:1647:19:HAL_PCD_EP_Open	24	static
/home/ck/Desktop/Workspace/STM32CubeIDE Workspace/STM32N6570_USBD_CDC_FACE_DETECT/Drivers/STM32N6xx_HAL_Driver/Src/stm32n6xx_hal_pcd.c:1693:19:HAL_PCD_EP_Close	24	static
/home/ck/Desktop/Workspace/STM32CubeIDE Workspace/STM32N6570_USBD_CDC_FACE_DETECT/Drivers/STM32N6xx_HAL_Driver/Src/stm32n6xx_hal_pcd.c:1724:19:HAL_PCD_EP_Receive	32	static
/home/ck/Desktop/Workspace/STM32CubeIDE Workspace/STM32N6570_USBD_CDC_FACE_DETECT/Drivers/STM32N6xx_HAL_Driver/Src/stm32n6xx_hal_pcd.c:1753:10:HAL_PCD_EP_GetRxCount	16	static
/home/ck/Desktop/Workspace/STM32CubeIDE Workspace/STM32N6570_USBD_CDC_FACE_DETECT/Drivers/STM32N6xx_HAL_Driver/Src/stm32n6xx_hal_pcd.c:1765:19:HAL_PCD_EP_Transmit	32	static
/home/ck/Desktop/Workspace/STM32CubeIDE Workspace/STM32N6570_USBD_CDC_FACE_DETECT/Drivers/STM32N6xx_HAL_Driver/Src/stm32n6xx_hal_pcd.c:1794:19:HAL_PCD_EP_SetStall	24	static
/home/ck/Desktop/Workspace/STM32CubeIDE Workspace/STM32N6570_USBD_CDC_FACE_DETECT/Drivers/STM32N6xx_HAL_Driver/Src/stm32n6xx_hal_pcd.c:1837:19:HAL_PCD_EP_ClrStall	24	static
/home/ck/Desktop/Workspace/STM32CubeIDE Workspace/STM32N6570_USBD_CDC_FACE_DETECT/Drivers/STM32N6xx_HAL_Driver/Src/stm32n6xx_hal_pcd.c:1873:19:HAL_PCD_EP_Abort	24	static
/home/ck/Desktop/Workspace/STM32CubeIDE Workspace/STM32N6570_USBD_CDC_FACE_DETECT/Drivers/STM32N6xx_HAL_Driver/Src/stm32n6xx_hal_pcd.c:1899:19:HAL_PCD_EP_Flush	16	static
/home/ck/Desktop/Workspace/STM32CubeIDE Workspace/STM32N6570_USBD_CDC_FACE_DETECT/Drivers/STM32N6xx_HAL_Driver/Src/stm32n6xx_hal_pcd.c:1922:19:HAL_PCD_ActivateRemoteWakeup	16	static
/home/ck/Desktop/Workspace/STM32CubeIDE Workspace/STM32N6570_USBD_CDC_FACE_DETECT/Drivers/STM32N6xx_HAL_Driver/Src/stm32n6xx_hal_pcd.c:1932:19:HAL_PCD_DeActivateRemoteWakeup	16	static
/home/ck/Desktop/Workspace/STM32CubeIDE Workspace/STM32N6570_USBD_CDC_FACE_DETECT/Drivers/STM32N6xx_HAL_Driver/Src/stm32n6xx_hal_pcd.c:1961:18:HAL_PCD_GetState	16	static
/home/ck/Desktop/Workspace/STM32CubeIDE Workspace/STM32N6570_USBD_CDC_FACE_DETECT/Drivers/STM32N6xx_HAL_Driver/Src/stm32n6xx_hal_pcd.c:1973:19:HAL_PCD_SetTestMode	24	static
/home/ck/Desktop/Workspace/STM32CubeIDE Workspace/STM32N6570_USBD_CDC_FACE_DETECT/Drivers/STM32N6xx_HAL_Driver/Src/stm32n6xx_hal_pcd.c:2015:26:PCD_WriteEmptyTxFifo	48	static
/home/ck/Desktop/Workspace/STM32CubeIDE Workspace/STM32N6570_USBD_CDC_FACE_DETECT/Drivers/STM32N6xx_HAL_Driver/Src/stm32n6xx_hal_pcd.c:2075:26:PCD_EP_OutXfrComplete_int	40	static
/home/ck/Desktop/Workspace/STM32CubeIDE Workspace/STM32N6570_USBD_CDC_FACE_DETECT/Drivers/STM32N6xx_HAL_Driver/Src/stm32n6xx_hal_pcd.c:2187:26:PCD_EP_OutSetupPacket_int	32	static
