/home/ck/Desktop/Workspace/STM32CubeIDE Workspace/STM32N6570_USBD_CDC_FACE_DETECT/FSBL/../Drivers/CMSIS/Include/core_cm55.h:3918:22:__NVIC_EnableIRQ	16	static,ignoring_inline_asm
/home/ck/Desktop/Workspace/STM32CubeIDE Workspace/STM32N6570_USBD_CDC_FACE_DETECT/FSBL/../Drivers/CMSIS/Include/core_cm55.h:4115:22:__NVIC_SetPriority	16	static
/home/ck/Desktop/Workspace/STM32CubeIDE Workspace/STM32N6570_USBD_CDC_FACE_DETECT/FSBL/../Drivers/STM32N6xx_HAL_Driver/Inc/stm32n6xx_ll_ucpd.h:344:22:LL_UCPD_Enable	16	static
/home/ck/Desktop/Workspace/STM32CubeIDE Workspace/STM32N6570_USBD_CDC_FACE_DETECT/FSBL/../Drivers/STM32N6xx_HAL_Driver/Inc/stm32n6xx_ll_ucpd.h:388:22:LL_UCPD_SetRxOrderSet	16	static
/home/ck/Desktop/Workspace/STM32CubeIDE Workspace/STM32N6570_USBD_CDC_FACE_DETECT/FSBL/../Drivers/STM32N6xx_HAL_Driver/Inc/stm32n6xx_ll_ucpd.h:641:22:LL_UCPD_SetccEnable	16	static
/home/ck/Desktop/Workspace/STM32CubeIDE Workspace/STM32N6570_USBD_CDC_FACE_DETECT/FSBL/../Drivers/STM32N6xx_HAL_Driver/Inc/stm32n6xx_ll_ucpd.h:798:22:LL_UCPD_EnableIT_TypeCEventCC2	16	static
/home/ck/Desktop/Workspace/STM32CubeIDE Workspace/STM32N6570_USBD_CDC_FACE_DETECT/FSBL/../Drivers/STM32N6xx_HAL_Driver/Inc/stm32n6xx_ll_ucpd.h:809:22:LL_UCPD_EnableIT_TypeCEventCC1	16	static
/home/ck/Desktop/Workspace/STM32CubeIDE Workspace/STM32N6570_USBD_CDC_FACE_DETECT/Middlewares/ST/STM32_USBPD_Library/Devices/STM32N6XX/src/usbpd_cad_hw_if.c:250:6:CAD_Init	56	static
/home/ck/Desktop/Workspace/STM32CubeIDE Workspace/STM32N6570_USBD_CDC_FACE_DETECT/Middlewares/ST/STM32_USBPD_Library/Devices/STM32N6XX/src/usbpd_cad_hw_if.c:388:6:CAD_Enter_ErrorRecovery	16	static
/home/ck/Desktop/Workspace/STM32CubeIDE Workspace/STM32N6570_USBD_CDC_FACE_DETECT/Middlewares/ST/STM32_USBPD_Library/Devices/STM32N6XX/src/usbpd_cad_hw_if.c:406:10:CAD_SRC_Set_ResistorRp	16	static
/home/ck/Desktop/Workspace/STM32CubeIDE Workspace/STM32N6570_USBD_CDC_FACE_DETECT/Middlewares/ST/STM32_USBPD_Library/Devices/STM32N6XX/src/usbpd_cad_hw_if.c:419:10:CAD_Set_ResistorRp	16	static
/home/ck/Desktop/Workspace/STM32CubeIDE Workspace/STM32N6570_USBD_CDC_FACE_DETECT/Middlewares/ST/STM32_USBPD_Library/Devices/STM32N6XX/src/usbpd_cad_hw_if.c:435:10:CAD_StateMachine_SNK	32	static
/home/ck/Desktop/Workspace/STM32CubeIDE Workspace/STM32N6570_USBD_CDC_FACE_DETECT/Middlewares/ST/STM32_USBPD_Library/Devices/STM32N6XX/src/usbpd_cad_hw_if.c:966:10:CAD_StateMachine	32	static
/home/ck/Desktop/Workspace/STM32CubeIDE Workspace/STM32N6570_USBD_CDC_FACE_DETECT/Middlewares/ST/STM32_USBPD_Library/Devices/STM32N6XX/src/usbpd_cad_hw_if.c:1189:6:CAD_Check_HW_SNK	32	static
/home/ck/Desktop/Workspace/STM32CubeIDE Workspace/STM32N6570_USBD_CDC_FACE_DETECT/Middlewares/ST/STM32_USBPD_Library/Devices/STM32N6XX/src/usbpd_cad_hw_if.c:1378:17:ManageStateDetached_SNK	24	static
/home/ck/Desktop/Workspace/STM32CubeIDE Workspace/STM32N6570_USBD_CDC_FACE_DETECT/Middlewares/ST/STM32_USBPD_Library/Devices/STM32N6XX/src/usbpd_cad_hw_if.c:1812:17:ManageStateAttachedWait_SNK	40	static
/home/ck/Desktop/Workspace/STM32CubeIDE Workspace/STM32N6570_USBD_CDC_FACE_DETECT/Middlewares/ST/STM32_USBPD_Library/Devices/STM32N6XX/src/usbpd_cad_hw_if.c:1901:17:ManageStateAttached_SNK	40	static
/home/ck/Desktop/Workspace/STM32CubeIDE Workspace/STM32N6570_USBD_CDC_FACE_DETECT/Middlewares/ST/STM32_USBPD_Library/Devices/STM32N6XX/src/usbpd_cad_hw_if.c:2008:6:CAD_HW_IF_VBUSDetectCallback	16	static
