/home/ck/Desktop/Workspace/STM32CubeIDE Workspace/STM32N6570_USBD_CDC_FACE_DETECT/FSBL/../Drivers/STM32N6xx_HAL_Driver/Inc/stm32n6xx_ll_bus.h:879:22:LL_AHB1_GRP1_EnableClock	24	static
/home/ck/Desktop/Workspace/STM32CubeIDE Workspace/STM32N6570_USBD_CDC_FACE_DETECT/FSBL/../Drivers/STM32N6xx_HAL_Driver/Inc/stm32n6xx_ll_dma.h:2355:22:LL_DMA_ConfigTransfer	32	static
/home/ck/Desktop/Workspace/STM32CubeIDE Workspace/STM32N6570_USBD_CDC_FACE_DETECT/FSBL/../Drivers/STM32N6xx_HAL_Driver/Inc/stm32n6xx_ll_dma.h:2599:22:LL_DMA_ConfigChannelSecure	32	static
/home/ck/Desktop/Workspace/STM32CubeIDE Workspace/STM32N6570_USBD_CDC_FACE_DETECT/FSBL/../Drivers/STM32N6xx_HAL_Driver/Inc/stm32n6xx_ll_dma.h:4341:22:LL_DMA_SetPeriphRequest	32	static
/home/ck/Desktop/Workspace/STM32CubeIDE Workspace/STM32N6570_USBD_CDC_FACE_DETECT/Middlewares/ST/STM32_USBPD_Library/Devices/STM32N6XX/src/usbpd_hw.c:29:15:USBPD_HW_GetUSPDInstance	16	static
/home/ck/Desktop/Workspace/STM32CubeIDE Workspace/STM32N6570_USBD_CDC_FACE_DETECT/Middlewares/ST/STM32_USBPD_Library/Devices/STM32N6XX/src/usbpd_hw.c:35:22:USBPD_HW_Init_DMARxInstance	16	static
/home/ck/Desktop/Workspace/STM32CubeIDE Workspace/STM32N6570_USBD_CDC_FACE_DETECT/Middlewares/ST/STM32_USBPD_Library/Devices/STM32N6XX/src/usbpd_hw.c:57:6:USBPD_HW_DeInit_DMARxInstance	16	static
/home/ck/Desktop/Workspace/STM32CubeIDE Workspace/STM32N6570_USBD_CDC_FACE_DETECT/Middlewares/ST/STM32_USBPD_Library/Devices/STM32N6XX/src/usbpd_hw.c:62:22:USBPD_HW_Init_DMATxInstance	16	static
/home/ck/Desktop/Workspace/STM32CubeIDE Workspace/STM32N6570_USBD_CDC_FACE_DETECT/Middlewares/ST/STM32_USBPD_Library/Devices/STM32N6XX/src/usbpd_hw.c:85:6:USBPD_HW_DeInit_DMATxInstance	16	static
/home/ck/Desktop/Workspace/STM32CubeIDE Workspace/STM32N6570_USBD_CDC_FACE_DETECT/Middlewares/ST/STM32_USBPD_Library/Devices/STM32N6XX/src/usbpd_hw.c:91:10:USBPD_HW_GetRpResistorValue	16	static
/home/ck/Desktop/Workspace/STM32CubeIDE Workspace/STM32N6570_USBD_CDC_FACE_DETECT/Middlewares/ST/STM32_USBPD_Library/Devices/STM32N6XX/src/usbpd_hw.c:97:6:USBPD_HW_SetFRSSignalling	16	static
