/home/ck/Desktop/Workspace/STM32CubeIDE Workspace/STM32N6570_USBD_CDC_FACE_DETECT/FSBL/Application/User/USBPD/App/usbpd_dpm_core.c:107:21:USBPD_DPM_InitCore	16	static
/home/ck/Desktop/Workspace/STM32CubeIDE Workspace/STM32N6570_USBD_CDC_FACE_DETECT/FSBL/Application/User/USBPD/App/usbpd_dpm_core.c:210:10:USBPD_DPM_InitOS	64	static
/home/ck/Desktop/Workspace/STM32CubeIDE Workspace/STM32N6570_USBD_CDC_FACE_DETECT/FSBL/Application/User/USBPD/App/usbpd_dpm_core.c:256:6:USBPD_DPM_TimerCounter	8	static
/home/ck/Desktop/Workspace/STM32CubeIDE Workspace/STM32N6570_USBD_CDC_FACE_DETECT/FSBL/Application/User/USBPD/App/usbpd_dpm_core.c:281:13:USBPD_PE_TaskWakeUp	24	static
/home/ck/Desktop/Workspace/STM32CubeIDE Workspace/STM32N6570_USBD_CDC_FACE_DETECT/FSBL/Application/User/USBPD/App/usbpd_dpm_core.c:290:13:USBPD_DPM_CADTaskWakeUp	16	static
/home/ck/Desktop/Workspace/STM32CubeIDE Workspace/STM32N6570_USBD_CDC_FACE_DETECT/FSBL/Application/User/USBPD/App/usbpd_dpm_core.c:300:1:USBPD_PE_Task	32	static
/home/ck/Desktop/Workspace/STM32CubeIDE Workspace/STM32N6570_USBD_CDC_FACE_DETECT/FSBL/Application/User/USBPD/App/usbpd_dpm_core.c:330:1:USBPD_CAD_Task	24	static
/home/ck/Desktop/Workspace/STM32CubeIDE Workspace/STM32N6570_USBD_CDC_FACE_DETECT/FSBL/Application/User/USBPD/App/usbpd_dpm_core.c:350:6:USBPD_DPM_CADCallback	24	static
/home/ck/Desktop/Workspace/STM32CubeIDE Workspace/STM32N6570_USBD_CDC_FACE_DETECT/FSBL/Application/User/USBPD/App/usbpd_dpm_core.c:411:13:DPM_StartPETask	16	static
/home/ck/Desktop/Workspace/STM32CubeIDE Workspace/STM32N6570_USBD_CDC_FACE_DETECT/FSBL/Application/User/USBPD/App/usbpd_dpm_core.c:431:13:USBPD_DPM_ErrorHandler	4	static
