../Application/User/Core/Src/app_threadx.c:71:6:App_ThreadX_Init	88	static,ignoring_inline_asm
../Application/User/Core/Src/app_threadx.c:108:6:MX_ThreadX_Init	8	static
../Application/User/Core/Src/app_threadx.c:114:13:AI_Task	16	static
../Application/User/Core/Src/app_threadx.c:158:13:USB_TX_Task	56	static,ignoring_inline_asm
../Application/User/Core/Src/app_threadx.c:276:13:MATH_Task	24	static
../Application/User/Core/Src/app_threadx.c:304:13:LED1_Task	16	static
../Application/User/Core/Src/app_threadx.c:317:13:LED2_Task	16	static
