/home/ck/Desktop/Workspace/STM32CubeIDE Workspace/STM32N6570_USBD_CDC_FACE_DETECT/FSBL/../Drivers/STM32N6xx_HAL_Driver/Inc/stm32n6xx_ll_bus.h:679:22:LL_MEM_EnableClock	1
/home/ck/Desktop/Workspace/STM32CubeIDE Workspace/STM32N6570_USBD_CDC_FACE_DETECT/FSBL/../Drivers/STM32N6xx_HAL_Driver/Inc/stm32n6xx_ll_bus.h:751:22:LL_MEM_DisableClock	1
/home/ck/Desktop/Workspace/STM32CubeIDE Workspace/STM32N6570_USBD_CDC_FACE_DETECT/FSBL/../Drivers/STM32N6xx_HAL_Driver/Inc/stm32n6xx_ll_bus.h:785:22:LL_MEM_EnableClockLowPower	1
/home/ck/Desktop/Workspace/STM32CubeIDE Workspace/STM32N6570_USBD_CDC_FACE_DETECT/FSBL/../Drivers/STM32N6xx_HAL_Driver/Inc/stm32n6xx_ll_bus.h:1009:22:LL_AHB2_GRP1_EnableClock	1
/home/ck/Desktop/Workspace/STM32CubeIDE Workspace/STM32N6570_USBD_CDC_FACE_DETECT/FSBL/../Drivers/STM32N6xx_HAL_Driver/Inc/stm32n6xx_ll_bus.h:1165:22:LL_AHB3_GRP1_EnableClock	1
/home/ck/Desktop/Workspace/STM32CubeIDE Workspace/STM32N6570_USBD_CDC_FACE_DETECT/FSBL/../Drivers/STM32N6xx_HAL_Driver/Inc/stm32n6xx_ll_bus.h:1755:22:LL_AHB5_GRP1_EnableClock	1
/home/ck/Desktop/Workspace/STM32CubeIDE Workspace/STM32N6570_USBD_CDC_FACE_DETECT/FSBL/../Drivers/STM32N6xx_HAL_Driver/Inc/stm32n6xx_ll_bus.h:1891:22:LL_AHB5_GRP1_DisableClock	1
/home/ck/Desktop/Workspace/STM32CubeIDE Workspace/STM32N6570_USBD_CDC_FACE_DETECT/FSBL/../Drivers/STM32N6xx_HAL_Driver/Inc/stm32n6xx_ll_bus.h:1945:22:LL_AHB5_GRP1_ForceReset	1
/home/ck/Desktop/Workspace/STM32CubeIDE Workspace/STM32N6570_USBD_CDC_FACE_DETECT/FSBL/../Drivers/STM32N6xx_HAL_Driver/Inc/stm32n6xx_ll_bus.h:1999:22:LL_AHB5_GRP1_ReleaseReset	1
/home/ck/Desktop/Workspace/STM32CubeIDE Workspace/STM32N6570_USBD_CDC_FACE_DETECT/FSBL/../Drivers/STM32N6xx_HAL_Driver/Inc/stm32n6xx_ll_bus.h:2065:22:LL_AHB5_GRP1_EnableClockLowPower	1
/home/ck/Desktop/Workspace/STM32CubeIDE Workspace/STM32N6570_USBD_CDC_FACE_DETECT/FSBL/../Drivers/STM32N6xx_HAL_Driver/Inc/stm32n6xx_ll_bus.h:3743:22:LL_APB5_GRP1_EnableClockLowPower	1
../Application/User/Core/Src/main.c:57:5:main	5
../Application/User/Core/Src/main.c:129:13:set_clk_sleep_mode	1
../Application/User/Core/Src/main.c:150:6:npu_cache_enable_clocks_and_reset	1
../Application/User/Core/Src/main.c:159:6:npu_cache_disable_clocks_and_reset	1
../Application/User/Core/Src/main.c:167:19:MX_DCMIPP_ClockConfig	2
../Application/User/Core/Src/main.c:192:13:NeuralNetwork_init	2
../Application/User/Core/Src/main.c:223:13:NPURam_enable	1
../Application/User/Core/Src/main.c:250:13:NPUCache_config	1
../Application/User/Core/Src/main.c:255:6:NeuralNetwork_run	1
../Application/User/Core/Src/main.c:268:6:SystemClock_Config	4
../Application/User/Core/Src/main.c:532:13:SystemIsolation_Config	1
../Application/User/Core/Src/main.c:608:6:MPU_Config	1
../Application/User/Core/Src/main.c:654:6:HAL_TIM_PeriodElapsedCallback	2
../Application/User/Core/Src/main.c:676:6:Error_Handler	1
