/home/ck/Desktop/Workspace/STM32CubeIDE Workspace/STM32N6570-ThreadX-USB-CDC-AI-Face-Detection/FSBL/../Drivers/STM32N6xx_HAL_Driver/Inc/stm32n6xx_ll_bus.h:679:22:LL_MEM_EnableClock	24	static
/home/ck/Desktop/Workspace/STM32CubeIDE Workspace/STM32N6570-ThreadX-USB-CDC-AI-Face-Detection/FSBL/../Drivers/STM32N6xx_HAL_Driver/Inc/stm32n6xx_ll_bus.h:751:22:LL_MEM_DisableClock	16	static
/home/ck/Desktop/Workspace/STM32CubeIDE Workspace/STM32N6570-ThreadX-USB-CDC-AI-Face-Detection/FSBL/../Drivers/STM32N6xx_HAL_Driver/Inc/stm32n6xx_ll_bus.h:785:22:LL_MEM_EnableClockLowPower	24	static
/home/ck/Desktop/Workspace/STM32CubeIDE Workspace/STM32N6570-ThreadX-USB-CDC-AI-Face-Detection/FSBL/../Drivers/STM32N6xx_HAL_Driver/Inc/stm32n6xx_ll_bus.h:1009:22:LL_AHB2_GRP1_EnableClock	24	static
/home/ck/Desktop/Workspace/STM32CubeIDE Workspace/STM32N6570-ThreadX-USB-CDC-AI-Face-Detection/FSBL/../Drivers/STM32N6xx_HAL_Driver/Inc/stm32n6xx_ll_bus.h:1165:22:LL_AHB3_GRP1_EnableClock	24	static
/home/ck/Desktop/Workspace/STM32CubeIDE Workspace/STM32N6570-ThreadX-USB-CDC-AI-Face-Detection/FSBL/../Drivers/STM32N6xx_HAL_Driver/Inc/stm32n6xx_ll_bus.h:1755:22:LL_AHB5_GRP1_EnableClock	24	static
/home/ck/Desktop/Workspace/STM32CubeIDE Workspace/STM32N6570-ThreadX-USB-CDC-AI-Face-Detection/FSBL/../Drivers/STM32N6xx_HAL_Driver/Inc/stm32n6xx_ll_bus.h:1891:22:LL_AHB5_GRP1_DisableClock	16	static
/home/ck/Desktop/Workspace/STM32CubeIDE Workspace/STM32N6570-ThreadX-USB-CDC-AI-Face-Detection/FSBL/../Drivers/STM32N6xx_HAL_Driver/Inc/stm32n6xx_ll_bus.h:1945:22:LL_AHB5_GRP1_ForceReset	16	static
/home/ck/Desktop/Workspace/STM32CubeIDE Workspace/STM32N6570-ThreadX-USB-CDC-AI-Face-Detection/FSBL/../Drivers/STM32N6xx_HAL_Driver/Inc/stm32n6xx_ll_bus.h:1999:22:LL_AHB5_GRP1_ReleaseReset	16	static
/home/ck/Desktop/Workspace/STM32CubeIDE Workspace/STM32N6570-ThreadX-USB-CDC-AI-Face-Detection/FSBL/../Drivers/STM32N6xx_HAL_Driver/Inc/stm32n6xx_ll_bus.h:2065:22:LL_AHB5_GRP1_EnableClockLowPower	24	static
/home/ck/Desktop/Workspace/STM32CubeIDE Workspace/STM32N6570-ThreadX-USB-CDC-AI-Face-Detection/FSBL/../Drivers/STM32N6xx_HAL_Driver/Inc/stm32n6xx_ll_bus.h:3743:22:LL_APB5_GRP1_EnableClockLowPower	24	static
../Application/User/Core/Src/main.c:109:5:main	144	static,ignoring_inline_asm
../Application/User/Core/Src/main.c:179:13:LCD_init	8	static
../Application/User/Core/Src/main.c:208:13:set_clk_sleep_mode	8	static
../Application/User/Core/Src/main.c:229:6:npu_cache_enable_clocks_and_reset	8	static
../Application/User/Core/Src/main.c:238:6:npu_cache_disable_clocks_and_reset	8	static
../Application/User/Core/Src/main.c:246:19:MX_DCMIPP_ClockConfig	424	static
../Application/User/Core/Src/main.c:271:13:NeuralNetwork_init	112	static
../Application/User/Core/Src/main.c:302:13:NPURam_enable	24	static
../Application/User/Core/Src/main.c:329:13:NPUCache_config	8	static
../Application/User/Core/Src/main.c:334:6:NeuralNetwork_run	16	static
../Application/User/Core/Src/main.c:347:6:SystemClock_Config	624	static
../Application/User/Core/Src/main.c:611:13:SystemIsolation_Config	16	static
../Application/User/Core/Src/main.c:687:6:MPU_Config	40	static,ignoring_inline_asm
../Application/User/Core/Src/main.c:733:6:HAL_TIM_PeriodElapsedCallback	16	static
../Application/User/Core/Src/main.c:755:6:Error_Handler	8	static
