/home/ck/Desktop/Workspace/STM32CubeIDE Workspace/STM32N6570-ThreadX-USB-CDC-AI-Face-Detection/FSBL/../Drivers/STM32N6xx_HAL_Driver/Inc/stm32n6xx_ll_bus.h:679:22:LL_MEM_EnableClock	1
/home/ck/Desktop/Workspace/STM32CubeIDE Workspace/STM32N6570-ThreadX-USB-CDC-AI-Face-Detection/FSBL/../Drivers/STM32N6xx_HAL_Driver/Inc/stm32n6xx_ll_bus.h:751:22:LL_MEM_DisableClock	1
/home/ck/Desktop/Workspace/STM32CubeIDE Workspace/STM32N6570-ThreadX-USB-CDC-AI-Face-Detection/FSBL/../Drivers/STM32N6xx_HAL_Driver/Inc/stm32n6xx_ll_bus.h:785:22:LL_MEM_EnableClockLowPower	1
/home/ck/Desktop/Workspace/STM32CubeIDE Workspace/STM32N6570-ThreadX-USB-CDC-AI-Face-Detection/FSBL/../Drivers/STM32N6xx_HAL_Driver/Inc/stm32n6xx_ll_bus.h:1009:22:LL_AHB2_GRP1_EnableClock	1
/home/ck/Desktop/Workspace/STM32CubeIDE Workspace/STM32N6570-ThreadX-USB-CDC-AI-Face-Detection/FSBL/../Drivers/STM32N6xx_HAL_Driver/Inc/stm32n6xx_ll_bus.h:1165:22:LL_AHB3_GRP1_EnableClock	1
/home/ck/Desktop/Workspace/STM32CubeIDE Workspace/STM32N6570-ThreadX-USB-CDC-AI-Face-Detection/FSBL/../Drivers/STM32N6xx_HAL_Driver/Inc/stm32n6xx_ll_bus.h:1755:22:LL_AHB5_GRP1_EnableClock	1
/home/ck/Desktop/Workspace/STM32CubeIDE Workspace/STM32N6570-ThreadX-USB-CDC-AI-Face-Detection/FSBL/../Drivers/STM32N6xx_HAL_Driver/Inc/stm32n6xx_ll_bus.h:1891:22:LL_AHB5_GRP1_DisableClock	1
/home/ck/Desktop/Workspace/STM32CubeIDE Workspace/STM32N6570-ThreadX-USB-CDC-AI-Face-Detection/FSBL/../Drivers/STM32N6xx_HAL_Driver/Inc/stm32n6xx_ll_bus.h:1945:22:LL_AHB5_GRP1_ForceReset	1
/home/ck/Desktop/Workspace/STM32CubeIDE Workspace/STM32N6570-ThreadX-USB-CDC-AI-Face-Detection/FSBL/../Drivers/STM32N6xx_HAL_Driver/Inc/stm32n6xx_ll_bus.h:1999:22:LL_AHB5_GRP1_ReleaseReset	1
/home/ck/Desktop/Workspace/STM32CubeIDE Workspace/STM32N6570-ThreadX-USB-CDC-AI-Face-Detection/FSBL/../Drivers/STM32N6xx_HAL_Driver/Inc/stm32n6xx_ll_bus.h:2065:22:LL_AHB5_GRP1_EnableClockLowPower	1
/home/ck/Desktop/Workspace/STM32CubeIDE Workspace/STM32N6570-ThreadX-USB-CDC-AI-Face-Detection/FSBL/../Drivers/STM32N6xx_HAL_Driver/Inc/stm32n6xx_ll_bus.h:3743:22:LL_APB5_GRP1_EnableClockLowPower	1
../Application/User/Core/Src/main.c:106:5:main	7
../Application/User/Core/Src/main.c:193:13:LCD_TestOverlay	3
../Application/User/Core/Src/main.c:214:13:LCD_init	1
../Application/User/Core/Src/main.c:244:13:set_clk_sleep_mode	1
../Application/User/Core/Src/main.c:267:6:npu_cache_enable_clocks_and_reset	1
../Application/User/Core/Src/main.c:276:6:npu_cache_disable_clocks_and_reset	1
../Application/User/Core/Src/main.c:284:19:MX_DCMIPP_ClockConfig	2
../Application/User/Core/Src/main.c:309:13:NeuralNetwork_init	2
../Application/User/Core/Src/main.c:340:13:NPURam_enable	1
../Application/User/Core/Src/main.c:367:13:NPUCache_config	1
../Application/User/Core/Src/main.c:372:6:NeuralNetwork_run	1
../Application/User/Core/Src/main.c:385:6:SystemClock_Config	4
../Application/User/Core/Src/main.c:539:13:SystemIsolation_Config	1
../Application/User/Core/Src/main.c:650:6:MPU_Config	1
../Application/User/Core/Src/main.c:696:6:HAL_TIM_PeriodElapsedCallback	2
../Application/User/Core/Src/main.c:718:6:Error_Handler	1
