/home/ck/Desktop/Workspace/STM32CubeIDE Workspace/STM32N6570-ThreadX-USB-CDC-AI-Face-Detection/FSBL/../Drivers/STM32N6xx_HAL_Driver/Inc/stm32n6xx_ll_exti.h:1601:26:LL_EXTI_IsActiveFallingFlag_0_31	16	static
/home/ck/Desktop/Workspace/STM32CubeIDE Workspace/STM32N6570-ThreadX-USB-CDC-AI-Face-Detection/FSBL/../Drivers/STM32N6xx_HAL_Driver/Inc/stm32n6xx_ll_exti.h:1744:22:LL_EXTI_ClearFallingFlag_0_31	16	static
../Application/User/Core/Src/stm32n6xx_it.c:79:6:NMI_Handler	4	static
../Application/User/Core/Src/stm32n6xx_it.c:94:6:HardFault_Handler	4	static
../Application/User/Core/Src/stm32n6xx_it.c:109:6:MemManage_Handler	4	static
../Application/User/Core/Src/stm32n6xx_it.c:124:6:BusFault_Handler	4	static
../Application/User/Core/Src/stm32n6xx_it.c:139:6:UsageFault_Handler	4	static
../Application/User/Core/Src/stm32n6xx_it.c:154:6:SecureFault_Handler	4	static
../Application/User/Core/Src/stm32n6xx_it.c:169:6:DebugMon_Handler	4	static
../Application/User/Core/Src/stm32n6xx_it.c:189:6:EXTI13_IRQHandler	8	static
../Application/User/Core/Src/stm32n6xx_it.c:203:6:GPDMA1_Channel0_IRQHandler	4	static
../Application/User/Core/Src/stm32n6xx_it.c:216:6:GPDMA1_Channel1_IRQHandler	4	static
../Application/User/Core/Src/stm32n6xx_it.c:229:6:TIM6_IRQHandler	8	static
../Application/User/Core/Src/stm32n6xx_it.c:244:6:UCPD1_IRQHandler	8	static
../Application/User/Core/Src/stm32n6xx_it.c:259:6:USB1_OTG_HS_IRQHandler	8	static
../Application/User/Core/Src/stm32n6xx_it.c:271:6:CSI_IRQHandler	16	static
../Application/User/Core/Src/stm32n6xx_it.c:278:6:DCMIPP_IRQHandler	16	static
../Application/User/Core/Src/stm32n6xx_it.c:292:6:EXTI10_IRQHandler	8	static
