/home/ck/Desktop/Workspace/STM32CubeIDE Workspace/STM32N6570-ThreadX-USB-CDC-AI-Face-Detection/Middlewares/ST/stm32-mw-camera/sensors/vd6g/vd6g.c:253:13:VD6G_dbg	32	static
/home/ck/Desktop/Workspace/STM32CubeIDE Workspace/STM32N6570-ThreadX-USB-CDC-AI-Face-Detection/Middlewares/ST/stm32-mw-camera/sensors/vd6g/vd6g.c:265:13:VD6G_notice	28	static
/home/ck/Desktop/Workspace/STM32CubeIDE Workspace/STM32N6570-ThreadX-USB-CDC-AI-Face-Detection/Middlewares/ST/stm32-mw-camera/sensors/vd6g/vd6g.c:277:13:VD6G_warn	28	static
/home/ck/Desktop/Workspace/STM32CubeIDE Workspace/STM32N6570-ThreadX-USB-CDC-AI-Face-Detection/Middlewares/ST/stm32-mw-camera/sensors/vd6g/vd6g.c:289:13:VD6G_error	28	static
/home/ck/Desktop/Workspace/STM32CubeIDE Workspace/STM32N6570-ThreadX-USB-CDC-AI-Face-Detection/Middlewares/ST/stm32-mw-camera/sensors/vd6g/vd6g.c:301:13:display_error	24	static
/home/ck/Desktop/Workspace/STM32CubeIDE Workspace/STM32N6570-ThreadX-USB-CDC-AI-Face-Detection/Middlewares/ST/stm32-mw-camera/sensors/vd6g/vd6g.c:311:12:VD6G_PollReg8	48	static
/home/ck/Desktop/Workspace/STM32CubeIDE Workspace/STM32N6570-ThreadX-USB-CDC-AI-Face-Detection/Middlewares/ST/stm32-mw-camera/sensors/vd6g/vd6g.c:330:12:VD6G_GetLineTimeInNs	48	static
/home/ck/Desktop/Workspace/STM32CubeIDE Workspace/STM32N6570-ThreadX-USB-CDC-AI-Face-Detection/Middlewares/ST/stm32-mw-camera/sensors/vd6g/vd6g.c:344:12:VD6G_IsStreaming	32	static
/home/ck/Desktop/Workspace/STM32CubeIDE Workspace/STM32N6570-ThreadX-USB-CDC-AI-Face-Detection/Middlewares/ST/stm32-mw-camera/sensors/vd6g/vd6g.c:355:12:VD6G_WaitState	24	static
/home/ck/Desktop/Workspace/STM32CubeIDE Workspace/STM32N6570-ThreadX-USB-CDC-AI-Face-Detection/Middlewares/ST/stm32-mw-camera/sensors/vd6g/vd6g.c:367:12:VD6G_GetTopDie	32	static
/home/ck/Desktop/Workspace/STM32CubeIDE Workspace/STM32N6570-ThreadX-USB-CDC-AI-Face-Detection/Middlewares/ST/stm32-mw-camera/sensors/vd6g/vd6g.c:380:12:VD6G_CheckModelId	32	static
/home/ck/Desktop/Workspace/STM32CubeIDE Workspace/STM32N6570-ThreadX-USB-CDC-AI-Face-Detection/Middlewares/ST/stm32-mw-camera/sensors/vd6g/vd6g.c:409:12:VD6G_ApplyPatchSlowBoot	48	static
/home/ck/Desktop/Workspace/STM32CubeIDE Workspace/STM32N6570-ThreadX-USB-CDC-AI-Face-Detection/Middlewares/ST/stm32-mw-camera/sensors/vd6g/vd6g.c:443:12:VD6G_ApplyPatch	24	static
/home/ck/Desktop/Workspace/STM32CubeIDE Workspace/STM32N6570-ThreadX-USB-CDC-AI-Face-Detection/Middlewares/ST/stm32-mw-camera/sensors/vd6g/vd6g.c:466:12:VD6G_BootMcu	32	static
/home/ck/Desktop/Workspace/STM32CubeIDE Workspace/STM32N6570-ThreadX-USB-CDC-AI-Face-Detection/Middlewares/ST/stm32-mw-camera/sensors/vd6g/vd6g.c:486:12:VD6G_ApplyVtPatchSlowBoot	48	static
/home/ck/Desktop/Workspace/STM32CubeIDE Workspace/STM32N6570-ThreadX-USB-CDC-AI-Face-Detection/Middlewares/ST/stm32-mw-camera/sensors/vd6g/vd6g.c:549:12:VD6G_ApplyVtPatch	24	static
/home/ck/Desktop/Workspace/STM32CubeIDE Workspace/STM32N6570-ThreadX-USB-CDC-AI-Face-Detection/Middlewares/ST/stm32-mw-camera/sensors/vd6g/vd6g.c:572:12:VD6G_SetBayerType	40	static
/home/ck/Desktop/Workspace/STM32CubeIDE Workspace/STM32N6570-ThreadX-USB-CDC-AI-Face-Detection/Middlewares/ST/stm32-mw-camera/sensors/vd6g/vd6g.c:606:12:VD6G_SetExposureModeInternal	32	static
/home/ck/Desktop/Workspace/STM32CubeIDE Workspace/STM32N6570-ThreadX-USB-CDC-AI-Face-Detection/Middlewares/ST/stm32-mw-camera/sensors/vd6g/vd6g.c:622:12:VD6G_Gpios	40	static
/home/ck/Desktop/Workspace/STM32CubeIDE Workspace/STM32N6570-ThreadX-USB-CDC-AI-Face-Detection/Middlewares/ST/stm32-mw-camera/sensors/vd6g/vd6g.c:636:12:VD6G_Boot	24	static
/home/ck/Desktop/Workspace/STM32CubeIDE Workspace/STM32N6570-ThreadX-USB-CDC-AI-Face-Detection/Middlewares/ST/stm32-mw-camera/sensors/vd6g/vd6g.c:670:12:VD6G_ComputeClocks	40	static
/home/ck/Desktop/Workspace/STM32CubeIDE Workspace/STM32N6570-ThreadX-USB-CDC-AI-Face-Detection/Middlewares/ST/stm32-mw-camera/sensors/vd6g/vd6g.c:698:12:VD6G_SetupClocks	40	static
/home/ck/Desktop/Workspace/STM32CubeIDE Workspace/STM32N6570-ThreadX-USB-CDC-AI-Face-Detection/Middlewares/ST/stm32-mw-camera/sensors/vd6g/vd6g.c:726:12:VD6G_SetupOutput	48	static
/home/ck/Desktop/Workspace/STM32CubeIDE Workspace/STM32N6570-ThreadX-USB-CDC-AI-Face-Detection/Middlewares/ST/stm32-mw-camera/sensors/vd6g/vd6g.c:771:31:VD6G_Resolution2Mode	16	static
/home/ck/Desktop/Workspace/STM32CubeIDE Workspace/STM32N6570-ThreadX-USB-CDC-AI-Face-Detection/Middlewares/ST/stm32-mw-camera/sensors/vd6g/vd6g.c:806:12:VD6G_SetupSize	40	static
/home/ck/Desktop/Workspace/STM32CubeIDE Workspace/STM32N6570-ThreadX-USB-CDC-AI-Face-Detection/Middlewares/ST/stm32-mw-camera/sensors/vd6g/vd6g.c:832:12:VD6G_SetupFrameRate	40	static
/home/ck/Desktop/Workspace/STM32CubeIDE Workspace/STM32N6570-ThreadX-USB-CDC-AI-Face-Detection/Middlewares/ST/stm32-mw-camera/sensors/vd6g/vd6g.c:851:12:VD6G_SetupExposure	24	static
/home/ck/Desktop/Workspace/STM32CubeIDE Workspace/STM32N6570-ThreadX-USB-CDC-AI-Face-Detection/Middlewares/ST/stm32-mw-camera/sensors/vd6g/vd6g.c:858:12:VD6G_SetupMirrorFlip	40	static
/home/ck/Desktop/Workspace/STM32CubeIDE Workspace/STM32N6570-ThreadX-USB-CDC-AI-Face-Detection/Middlewares/ST/stm32-mw-camera/sensors/vd6g/vd6g.c:887:12:VD6G_SetupPatGen	40	static
/home/ck/Desktop/Workspace/STM32CubeIDE Workspace/STM32N6570-ThreadX-USB-CDC-AI-Face-Detection/Middlewares/ST/stm32-mw-camera/sensors/vd6g/vd6g.c:933:12:VD6G_SetFlicker	32	static
/home/ck/Desktop/Workspace/STM32CubeIDE Workspace/STM32N6570-ThreadX-USB-CDC-AI-Face-Detection/Middlewares/ST/stm32-mw-camera/sensors/vd6g/vd6g.c:958:12:VD6G_Flicker	24	static
/home/ck/Desktop/Workspace/STM32CubeIDE Workspace/STM32N6570-ThreadX-USB-CDC-AI-Face-Detection/Middlewares/ST/stm32-mw-camera/sensors/vd6g/vd6g.c:965:12:VD6G_SetupEarly	24	static
/home/ck/Desktop/Workspace/STM32CubeIDE Workspace/STM32N6570-ThreadX-USB-CDC-AI-Face-Detection/Middlewares/ST/stm32-mw-camera/sensors/vd6g/vd6g.c:980:12:VD6G_Setup	24	static
/home/ck/Desktop/Workspace/STM32CubeIDE Workspace/STM32N6570-ThreadX-USB-CDC-AI-Face-Detection/Middlewares/ST/stm32-mw-camera/sensors/vd6g/vd6g.c:1011:12:VD6G_StartStreaming	32	static
/home/ck/Desktop/Workspace/STM32CubeIDE Workspace/STM32N6570-ThreadX-USB-CDC-AI-Face-Detection/Middlewares/ST/stm32-mw-camera/sensors/vd6g/vd6g.c:1031:12:VD6G_StopStreaming	32	static
/home/ck/Desktop/Workspace/STM32CubeIDE Workspace/STM32N6570-ThreadX-USB-CDC-AI-Face-Detection/Middlewares/ST/stm32-mw-camera/sensors/vd6g/vd6g.c:1051:5:VD6G_Init	32	static
/home/ck/Desktop/Workspace/STM32CubeIDE Workspace/STM32N6570-ThreadX-USB-CDC-AI-Face-Detection/Middlewares/ST/stm32-mw-camera/sensors/vd6g/vd6g.c:1102:5:VD6G_DeInit	24	static
/home/ck/Desktop/Workspace/STM32CubeIDE Workspace/STM32N6570-ThreadX-USB-CDC-AI-Face-Detection/Middlewares/ST/stm32-mw-camera/sensors/vd6g/vd6g.c:1115:5:VD6G_Start	24	static
/home/ck/Desktop/Workspace/STM32CubeIDE Workspace/STM32N6570-ThreadX-USB-CDC-AI-Face-Detection/Middlewares/ST/stm32-mw-camera/sensors/vd6g/vd6g.c:1132:5:VD6G_Stop	24	static
/home/ck/Desktop/Workspace/STM32CubeIDE Workspace/STM32N6570-ThreadX-USB-CDC-AI-Face-Detection/Middlewares/ST/stm32-mw-camera/sensors/vd6g/vd6g.c:1145:5:VD6G_SetFlipMirrorMode	32	static
/home/ck/Desktop/Workspace/STM32CubeIDE Workspace/STM32N6570-ThreadX-USB-CDC-AI-Face-Detection/Middlewares/ST/stm32-mw-camera/sensors/vd6g/vd6g.c:1172:5:VD6G_GetBrightnessLevel	32	static
/home/ck/Desktop/Workspace/STM32CubeIDE Workspace/STM32N6570-ThreadX-USB-CDC-AI-Face-Detection/Middlewares/ST/stm32-mw-camera/sensors/vd6g/vd6g.c:1184:5:VD6G_SetBrightnessLevel	32	static
/home/ck/Desktop/Workspace/STM32CubeIDE Workspace/STM32N6570-ThreadX-USB-CDC-AI-Face-Detection/Middlewares/ST/stm32-mw-camera/sensors/vd6g/vd6g.c:1198:5:VD6G_SetFlickerMode	24	static
/home/ck/Desktop/Workspace/STM32CubeIDE Workspace/STM32N6570-ThreadX-USB-CDC-AI-Face-Detection/Middlewares/ST/stm32-mw-camera/sensors/vd6g/vd6g.c:1212:5:VD6G_SetExposureMode	24	static
/home/ck/Desktop/Workspace/STM32CubeIDE Workspace/STM32N6570-ThreadX-USB-CDC-AI-Face-Detection/Middlewares/ST/stm32-mw-camera/sensors/vd6g/vd6g.c:1226:5:VD6G_GetAnalogGainRegRange	40	static
/home/ck/Desktop/Workspace/STM32CubeIDE Workspace/STM32N6570-ThreadX-USB-CDC-AI-Face-Detection/Middlewares/ST/stm32-mw-camera/sensors/vd6g/vd6g.c:1245:5:VD6G_SetAnalogGain	32	static
/home/ck/Desktop/Workspace/STM32CubeIDE Workspace/STM32N6570-ThreadX-USB-CDC-AI-Face-Detection/Middlewares/ST/stm32-mw-camera/sensors/vd6g/vd6g.c:1264:5:VD6G_GetDigitalGainRegRange	40	static
/home/ck/Desktop/Workspace/STM32CubeIDE Workspace/STM32N6570-ThreadX-USB-CDC-AI-Face-Detection/Middlewares/ST/stm32-mw-camera/sensors/vd6g/vd6g.c:1280:5:VD6G_SetDigitalGain	32	static
/home/ck/Desktop/Workspace/STM32CubeIDE Workspace/STM32N6570-ThreadX-USB-CDC-AI-Face-Detection/Middlewares/ST/stm32-mw-camera/sensors/vd6g/vd6g.c:1308:5:VD6G_GetExposureRegRange	48	static
/home/ck/Desktop/Workspace/STM32CubeIDE Workspace/STM32N6570-ThreadX-USB-CDC-AI-Face-Detection/Middlewares/ST/stm32-mw-camera/sensors/vd6g/vd6g.c:1338:5:VD6G_SetExposureTime	40	static
